12-25 00:16:26.177  1548  1599 W GmsBackupAccountManager: Backup account not found in gmscore.
12-25 00:16:26.189  1739  1842 I Backup  : [BackupTransportMigratorService] Component name not found : com.google.android.backuptransport/com.google.android.backup.BackupTransportService
12-25 00:16:26.189  1739  1842 I Backup  : [BackupTransportMigratorService] Component name not found : com.google.android.backup/com.google.android.backup.BackupTransportService
12-25 00:16:26.189  1739  1842 I Backup  : [BackupTransportMigratorService] Successfully migrated to use GMS BackupTransportService!
12-25 00:16:26.256  1298  1429 I AccountManagerService: getTypesVisibleToCaller: isPermitted? true
12-25 00:16:26.293  1298  1429 I AccountManagerService: getTypesVisibleToCaller: isPermitted? true
12-25 00:16:26.347  1298  1312 W ActivityManager: Activity pause timeout for ActivityRecord{8f5c448 u0 com.android.launcher3/.Launcher t84}
12-25 00:16:26.391  1851  1851 V JNIHelp : Registering com/google/android/gms/org/conscrypt/NativeCrypto's 240 native methods...
12-25 00:16:26.433  1851  1851 I ProviderInstaller: Installed default security provider GmsCore_OpenSSL
12-25 00:16:26.445  1548  1891 E BluetoothAdapter: Bluetooth binder is null
12-25 00:16:26.496  1298  1338 D WifiService: New client listening to asynchronous messages
12-25 00:16:26.513  1851  1895 D NativeLibraryUtils: Install completed successfully. count=13 extracted=0
12-25 00:16:26.516  1507  1518 W art     : Suspending all threads took: 435.076ms
12-25 00:16:26.574  1507  1753 I LatinIME:LogUtils: Dictionary info: dictionary = userunigram.en_US ; version = 1451027786 ; date = ?
12-25 00:16:26.589  1869  1869 V Launcher: LauncherAppState inited
12-25 00:16:26.619  1869  1869 D Launcher.Model: Old launcher provider: content://com.android.launcher2.settings/favorites?notify=true
12-25 00:16:26.619  1869  1869 D Launcher.Model: Old launcher provider does not exist.
12-25 00:16:26.643  1803  1816 D DefContainer: Copying /data/local/tmp/zeljkok.autumnsky.hikeswithaview to base.apk
12-25 00:16:26.657  1298  1309 W art     : Long monitor contention event with owner method=void com.android.server.appwidget.AppWidgetServiceImpl$SaveStateRunnable.run() from AppWidgetServiceImpl.java:3574 waiters=0 for 720ms
12-25 00:16:26.666  1298  1311 D GpsLocationProvider: received SIM related action: 
12-25 00:16:26.717  1851  1851 D ChimeraCfgMgr: Loading module com.google.android.gms.games from APK com.google.android.gms
12-25 00:16:26.744  1851  1851 D ChimeraCfgMgr: Loading module com.google.android.gms.kids from APK com.google.android.gms
12-25 00:16:26.835  1370  1370 I Choreographer: Skipped 58 frames!  The application may be doing too much work on its main thread.
12-25 00:16:26.868  1507  1753 I LatinIME:LogUtils: Dictionary info: dictionary = UserHistoryDictionary.en_US ; version = 1451027786 ; date = ?
12-25 00:16:26.880  1869  1903 W Launcher: setApplicationContext called twice! old=android.app.Application@dc2486f new=android.app.Application@dc2486f
12-25 00:16:26.880  1298  1572 I AccountManagerService: getTypesVisibleToCaller: isPermitted? true
12-25 00:16:26.921  1298  1311 D GpsLocationProvider: SIM MCC/MNC is still not available
12-25 00:16:26.924  1298  1317 I WindowManager: Screen frozen for +1s557ms due to Window{9e75f50 u0 StatusBar}
12-25 00:16:26.939  1370  1370 W KeyguardUpdateMonitor: invalid subId in handleSimStateChange()
12-25 00:16:26.939  1370  1370 W KeyguardUpdateMonitor: invalid subId in handleSimStateChange()
12-25 00:16:26.964  1298  1856 I Telecom : : Sending phone-account intent as user
12-25 00:16:26.969  1559  1559 I Telephony: AccountEntry: Registered phoneAccount: [[ ] PhoneAccount: ComponentInfo{com.android.phone/com.android.services.telephony.TelephonyConnectionService}, [e0184adedf913b076626646d3f52c3b49c39ad6d], UserHandle{0} Capabilities: 54 Schemes: tel voicemail ] with handle: ComponentInfo{com.android.phone/com.android.services.telephony.TelephonyConnectionService}, [e0184adedf913b076626646d3f52c3b49c39ad6d], UserHandle{0}
12-25 00:16:26.969  1559  1559 I Telephony: PstnIncomingCallNotifier: Registering: Handler (com.android.internal.telephony.gsm.GSMPhone) {ad7c2f}
12-25 00:16:26.981   952  1571 E SurfaceFlinger: ro.sf.lcd_density must be defined as a build property
12-25 00:16:26.990  1298  1734 W Telecom : : No account found for the calling user
12-25 00:16:26.998  1559  1778 E DcSwitchStateMachine-0: EVENT_DATA_DISALLOWED failed, com.android.internal.telephony.CommandException: REQUEST_NOT_SUPPORTED
12-25 00:16:27.007  1869  1910 D OpenGLRenderer: Use EGL_SWAP_BEHAVIOR_PRESERVED: true
12-25 00:16:27.010  1869  1869 D         : HostConnection::get() New Host Connection established 0xabf27f20, tid 1869
12-25 00:16:27.036  1370  1370 W KeyguardUpdateMonitor: invalid subId in handleServiceStateChange()
12-25 00:16:27.102  1869  1910 D         : HostConnection::get() New Host Connection established 0xab7bf390, tid 1910
12-25 00:16:27.110  1869  1910 I OpenGLRenderer: Initialized EGL, version 1.4
12-25 00:16:27.140  1559  1778 E DcSwitchStateMachine-0: EVENT_DATA_DISALLOWED failed, com.android.internal.telephony.CommandException: REQUEST_NOT_SUPPORTED
12-25 00:16:27.161  1559  1559 D MccTable: updateMccMncConfiguration mccmnc='310260' fromServiceState=false
12-25 00:16:27.162  1559  1559 D MccTable: updateMccMncConfiguration defaultMccMnc=310260
12-25 00:16:27.162  1559  1559 D MccTable: updateMccMncConfiguration: mcc=310, mnc=260
12-25 00:16:27.162  1559  1559 D MccTable: updateMccMncConfiguration updateConfig config={1.0 310mcc260mnc ?locale ?layoutDir ?swdp ?wdp ?hdp ?density ?lsize ?long ?orien ?uimode ?night ?touch ?keyb/?/? ?nav/?}
12-25 00:16:27.185  1869  1910 W EGL_emulation: eglSurfaceAttrib not implemented
12-25 00:16:27.186  1869  1910 W OpenGLRenderer: Failed to set EGL_SWAP_BEHAVIOR on surface 0xad732f00, error=EGL_SUCCESS
12-25 00:16:27.187  1548  1548 V GmsNetworkLocationProvi: DISABLE
12-25 00:16:27.335  1548  1548 I GCoreUlr: Starting service, intent=Intent { act=com.google.android.location.reporting.ACTION_UPDATE_WORLD cmp=com.google.android.gms/com.google.android.location.reporting.service.DispatchingService (has extras) }, extras=Bundle[{receiverAction=android.location.PROVIDERS_CHANGED}]
12-25 00:16:27.401  1548  1548 I GCoreUlr: DispatchingService.onCreate()
12-25 00:16:27.405  1298  1608 I AccountManagerService: getTypesVisibleToCaller: isPermitted? true
12-25 00:16:27.438  1298  1309 I ActivityManager: Start proc 1914:com.google.android.apps.maps/u0a37 for broadcast com.google.android.apps.maps/com.google.android.apps.gmm.iamhere.ble.StartBleServiceReceiver
12-25 00:16:27.453  1298  1317 I ActivityManager: Displayed com.android.launcher3/.Launcher: +1s612ms (total +1s691ms)
12-25 00:16:27.459  1914  1914 I art     : Late-enabling JIT
12-25 00:16:27.461  1914  1914 I art     : JIT created with code_cache_capacity=2MB compile_threshold=1000
12-25 00:16:27.717  1548  1596 W art     : Suspending all threads took: 20.362ms
12-25 00:16:27.721  1548  1596 I art     : Background sticky concurrent mark sweep GC freed 4151(486KB) AllocSpace objects, 8(160KB) LOS objects, 5% free, 5MB/5MB, paused 21.655ms total 754.961ms
12-25 00:16:28.042  1548  1548 D GeofencerStateMachine: Creating GeofencerStateMachine
12-25 00:16:28.143  1559  1559 D MccTable: updateMccMncConfiguration mccmnc='310260' fromServiceState=false
12-25 00:16:28.143  1559  1559 D MccTable: updateMccMncConfiguration defaultMccMnc=310260
12-25 00:16:28.143  1559  1559 D MccTable: updateMccMncConfiguration: mcc=310, mnc=260
12-25 00:16:28.143  1559  1559 D MccTable: updateMccMncConfiguration updateConfig config={1.0 310mcc260mnc ?locale ?layoutDir ?swdp ?wdp ?hdp ?density ?lsize ?long ?orien ?uimode ?night ?touch ?keyb/?/? ?nav/?}
12-25 00:16:28.155  1559  1618 I art     : Background partial concurrent mark sweep GC freed 19653(2MB) AllocSpace objects, 3(56KB) LOS objects, 43% free, 1316KB/2MB, paused 21.637ms total 143.662ms
12-25 00:16:28.178  1559  1559 D CarrierConfigLoader: update config for phoneId: 0 simState: LOADED
12-25 00:16:28.178  1559  1559 D CarrierServiceBindHelper: update binding for phoneId: 0 simState: LOADED
12-25 00:16:28.215  1559  1559 I Telephony: PstnIncomingCallNotifier: Unregistering: Handler (com.android.internal.telephony.gsm.GSMPhone) {ad7c2f}
12-25 00:16:28.231  1559  1559 I Telephony: AccountEntry: updateVideoPauseSupport -- mcc/mnc for sub: {id=1, iccId=89014103211118510720 simSlotIndex=0 displayName=Android carrierName=Android nameSource=0 iconTint=-16746133 dataRoaming=0 iconBitmap=android.graphics.Bitmap@c6c811d mcc 310 mnc 260}
12-25 00:16:28.232  1298  1735 I Telecom : PhoneAccountRegistrar: New phone account registered: [[ ] PhoneAccount: ComponentInfo{com.android.phone/com.android.services.telephony.TelephonyConnectionService}, [e2f7d48dd2b5ca523e7313cf4ba0f6ea830b6281], UserHandle{0} Capabilities: 54 Schemes: tel voicemail ]
12-25 00:16:28.238  1298  1735 I Telecom : : Sending phone-account intent as user
12-25 00:16:28.239  1559  1559 I Telephony: AccountEntry: Registered phoneAccount: [[ ] PhoneAccount: ComponentInfo{com.android.phone/com.android.services.telephony.TelephonyConnectionService}, [e2f7d48dd2b5ca523e7313cf4ba0f6ea830b6281], UserHandle{0} Capabilities: 54 Schemes: tel voicemail ] with handle: ComponentInfo{com.android.phone/com.android.services.telephony.TelephonyConnectionService}, [e2f7d48dd2b5ca523e7313cf4ba0f6ea830b6281], UserHandle{0}
12-25 00:16:28.239  1559  1559 I Telephony: PstnIncomingCallNotifier: Registering: Handler (com.android.internal.telephony.gsm.GSMPhone) {ad7c2f}
12-25 00:16:28.241  1559  1559 I Telephony: TelecomAccountRegistry: Unregistering phone account ComponentInfo{com.android.phone/com.android.services.telephony.TelephonyConnectionService}, [e0184adedf913b076626646d3f52c3b49c39ad6d], UserHandle{0}.
12-25 00:16:28.258  1298  1310 W Telecom : : No account found for the calling user
12-25 00:16:28.271  1370  1370 W art     : Long monitor contention event with owner method=void android.os.MessageQueue.nativeWake(long) from MessageQueue.java:4294967294 waiters=0 for 289ms
12-25 00:16:28.286  1298  1311 D GpsLocationProvider: received SIM related action: 
12-25 00:16:28.317  1370  1370 D PhoneStatusBar: disable: < expand ICONS alerts SYSTEM_INFO back HOME RECENT clock SEARCH quick_settings >
12-25 00:16:28.400  1298  1311 D GpsLocationProvider: SIM MCC/MNC is available: 310260
12-25 00:16:28.400  1298  1311 D GpsLocationProvider: Reset GPS properties, previous size = 5
12-25 00:16:28.400  1298  1311 D GpsLocationProvider: GpsParamsResource: SUPL_HOST=supl.google.com
12-25 00:16:28.400  1298  1311 D GpsLocationProvider: GpsParamsResource: SUPL_PORT=7275
12-25 00:16:28.400  1298  1311 D GpsLocationProvider: GpsParamsResource: NTP_SERVER=north-america.pool.ntp.org
12-25 00:16:28.401  1298  1311 D GpsLocationProvider: GpsParamsResource: SUPL_VER=0x20000
12-25 00:16:28.401  1298  1311 D GpsLocationProvider: GpsParamsResource: SUPL_MODE=1
12-25 00:16:28.401  1298  1311 W GpsLocationProvider: Could not open GPS configuration file /etc/gps.conf
12-25 00:16:28.401  1298  1311 D GpsLocationProvider: GPS properties reloaded, size = 5
12-25 00:16:28.401  1298  1311 E GpsLocationProvider: no AGPS interface in set_agps_server
12-25 00:16:28.401  1298  1311 D GpsLocationProvider: received SIM related action: 
12-25 00:16:28.409  1298  1428 I ActivityManager: Start proc 1940:com.google.android.gms.wearable/u0a7 for service com.google.android.gms/.wearable.service.WearableService
12-25 00:16:28.416  1507  1753 I LatinIME:LogUtils: Dictionary info: dictionary = main:en ; version = 54 ; date = 1414726273
12-25 00:16:28.426  1940  1940 I art     : Late-enabling JIT
12-25 00:16:28.428  1940  1940 I art     : JIT created with code_cache_capacity=2MB compile_threshold=1000
12-25 00:16:28.456  1298  1311 D GpsLocationProvider: SIM MCC/MNC is available: 310260
12-25 00:16:28.456  1298  1311 D GpsLocationProvider: Reset GPS properties, previous size = 5
12-25 00:16:28.456  1298  1311 D GpsLocationProvider: GpsParamsResource: SUPL_HOST=supl.google.com
12-25 00:16:28.456  1298  1311 D GpsLocationProvider: GpsParamsResource: SUPL_PORT=7275
12-25 00:16:28.456  1298  1311 D GpsLocationProvider: GpsParamsResource: NTP_SERVER=north-america.pool.ntp.org
12-25 00:16:28.456  1298  1311 D GpsLocationProvider: GpsParamsResource: SUPL_VER=0x20000
12-25 00:16:28.456  1298  1311 D GpsLocationProvider: GpsParamsResource: SUPL_MODE=1
12-25 00:16:28.456  1298  1311 W GpsLocationProvider: Could not open GPS configuration file /etc/gps.conf
12-25 00:16:28.456  1298  1311 D GpsLocationProvider: GPS properties reloaded, size = 5
12-25 00:16:28.457  1298  1311 E GpsLocationProvider: no AGPS interface in set_agps_server
12-25 00:16:28.459  1548  1599 V GmsNetworkLocationProvi: onSetRequest: ProviderRequestUnbundled, reportLocation is true and interval is 86400000
12-25 00:16:28.463  1548  1937 W GeofencerStateMachine: Received SM_HARDWARE_GEOFENCE_CHANGED_CMD in NotInitializedState
12-25 00:16:28.533  1940  1940 W System  : ClassLoader referenced unknown path: /system/priv-app/PrebuiltGmsCore/lib/x86
12-25 00:16:28.553  1298  1311 D GpsLocationProvider: received SIM related action: 
12-25 00:16:28.554  1298  1311 D GpsLocationProvider: SIM MCC/MNC is available: 310260
12-25 00:16:28.554  1298  1311 D GpsLocationProvider: Reset GPS properties, previous size = 5
12-25 00:16:28.554  1298  1311 D GpsLocationProvider: GpsParamsResource: SUPL_HOST=supl.google.com
12-25 00:16:28.554  1298  1311 D GpsLocationProvider: GpsParamsResource: SUPL_PORT=7275
12-25 00:16:28.554  1298  1311 D GpsLocationProvider: GpsParamsResource: NTP_SERVER=north-america.pool.ntp.org
12-25 00:16:28.554  1298  1311 D GpsLocationProvider: GpsParamsResource: SUPL_VER=0x20000
12-25 00:16:28.554  1298  1311 D GpsLocationProvider: GpsParamsResource: SUPL_MODE=1
12-25 00:16:28.554  1298  1311 W GpsLocationProvider: Could not open GPS configuration file /etc/gps.conf
12-25 00:16:28.554  1298  1311 D GpsLocationProvider: GPS properties reloaded, size = 5
12-25 00:16:28.554  1298  1311 E GpsLocationProvider: no AGPS interface in set_agps_server
12-25 00:16:28.554  1298  1311 D GpsLocationProvider: received SIM related action: 
12-25 00:16:28.555  1298  1311 D GpsLocationProvider: SIM MCC/MNC is available: 310260
12-25 00:16:28.555  1298  1311 D GpsLocationProvider: Reset GPS properties, previous size = 5
12-25 00:16:28.555  1298  1311 D GpsLocationProvider: GpsParamsResource: SUPL_HOST=supl.google.com
12-25 00:16:28.555  1298  1311 D GpsLocationProvider: GpsParamsResource: SUPL_PORT=7275
12-25 00:16:28.555  1298  1311 D GpsLocationProvider: GpsParamsResource: NTP_SERVER=north-america.pool.ntp.org
12-25 00:16:28.555  1298  1311 D GpsLocationProvider: GpsParamsResource: SUPL_VER=0x20000
12-25 00:16:28.555  1298  1311 D GpsLocationProvider: GpsParamsResource: SUPL_MODE=1
12-25 00:16:28.574  1548  1548 V GeofencerHelper: Initializing geofence's system cache.
12-25 00:16:28.576  1548  1548 V GmsNetworkLocationProvi: ENABLE
12-25 00:16:28.593  1548  1548 V GmsNetworkLocationProvi: SET-REQUEST
12-25 00:16:28.593  1548  1548 V GmsNetworkLocationProvi: in Handler: ProviderRequestUnbundled, reportLocation is true and interval is 86400000
12-25 00:16:28.657  1940  1940 I MultiDex: VM with version 2.1.0 has multidex support
12-25 00:16:28.657  1940  1940 I MultiDex: install
12-25 00:16:28.657  1940  1940 I MultiDex: VM has multidex support, MultiDex support library is disabled.
12-25 00:16:28.723  1559  1559 I Telephony: PstnIncomingCallNotifier: Unregistering: Handler (com.android.internal.telephony.gsm.GSMPhone) {ad7c2f}
12-25 00:16:28.768  1559  1559 I Telephony: AccountEntry: updateVideoPauseSupport -- mcc/mnc for sub: {id=1, iccId=89014103211118510720 simSlotIndex=0 displayName=Android carrierName=Android nameSource=0 iconTint=-16746133 dataRoaming=0 iconBitmap=android.graphics.Bitmap@6f8ff45 mcc 310 mnc 260}
12-25 00:16:28.787  1298  1310 I Telecom : PhoneAccountRegistrar: [ComponentInfo{com.android.phone/com.android.services.telephony.TelephonyConnectionService}, [e2f7d48dd2b5ca523e7313cf4ba0f6ea830b6281], UserHandle{0}(icon: Icon(typ=BITMAP size=48x60) -> Icon(typ=BITMAP size=48x60))]
12-25 00:16:28.825  1940  1940 V JNIHelp : Registering com/google/android/gms/org/conscrypt/NativeCrypto's 240 native methods...
12-25 00:16:28.828  1298  1310 I Telecom : : Sending phone-account intent as user
12-25 00:16:28.829  1559  1559 I Telephony: AccountEntry: Registered phoneAccount: [[ ] PhoneAccount: ComponentInfo{com.android.phone/com.android.services.telephony.TelephonyConnectionService}, [e2f7d48dd2b5ca523e7313cf4ba0f6ea830b6281], UserHandle{0} Capabilities: 54 Schemes: tel voicemail ] with handle: ComponentInfo{com.android.phone/com.android.services.telephony.TelephonyConnectionService}, [e2f7d48dd2b5ca523e7313cf4ba0f6ea830b6281], UserHandle{0}
12-25 00:16:28.829  1559  1559 I Telephony: PstnIncomingCallNotifier: Registering: Handler (com.android.internal.telephony.gsm.GSMPhone) {ad7c2f}
12-25 00:16:28.831  1298  1572 W Telecom : : No account found for the calling user
12-25 00:16:28.836  1548  1937 D GeofenceStateCache: Recovered 0 geofences.
12-25 00:16:28.845  1559  1559 I Telephony: PstnIncomingCallNotifier: Unregistering: Handler (com.android.internal.telephony.gsm.GSMPhone) {ad7c2f}
12-25 00:16:28.859  1559  1559 I Telephony: AccountEntry: updateVideoPauseSupport -- mcc/mnc for sub: {id=1, iccId=89014103211118510720 simSlotIndex=0 displayName=Android carrierName=Android nameSource=0 iconTint=-16746133 dataRoaming=0 iconBitmap=android.graphics.Bitmap@75bd9a7 mcc 310 mnc 260}
12-25 00:16:28.860  1298  1309 I Telecom : PhoneAccountRegistrar: [ComponentInfo{com.android.phone/com.android.services.telephony.TelephonyConnectionService}, [e2f7d48dd2b5ca523e7313cf4ba0f6ea830b6281], UserHandle{0}(icon: Icon(typ=BITMAP size=48x60) -> Icon(typ=BITMAP size=48x60))]
12-25 00:16:28.901  1940  1940 I ProviderInstaller: Installed default security provider GmsCore_OpenSSL
12-25 00:16:28.920  1940  1961 D NativeLibraryUtils: Install completed successfully. count=13 extracted=0
12-25 00:16:28.931  1940  1940 D WearableService: callingUid 10007, callindPid: 1940
12-25 00:16:28.939  1298  1309 I Telecom : : Sending phone-account intent as user
12-25 00:16:28.940  1559  1559 I Telephony: AccountEntry: Registered phoneAccount: [[ ] PhoneAccount: ComponentInfo{com.android.phone/com.android.services.telephony.TelephonyConnectionService}, [e2f7d48dd2b5ca523e7313cf4ba0f6ea830b6281], UserHandle{0} Capabilities: 54 Schemes: tel voicemail ] with handle: ComponentInfo{com.android.phone/com.android.services.telephony.TelephonyConnectionService}, [e2f7d48dd2b5ca523e7313cf4ba0f6ea830b6281], UserHandle{0}
12-25 00:16:28.940  1559  1559 I Telephony: PstnIncomingCallNotifier: Registering: Handler (com.android.internal.telephony.gsm.GSMPhone) {ad7c2f}
12-25 00:16:28.942  1298  1735 W Telecom : : No account found for the calling user
12-25 00:16:28.943  1559  1559 D CarrierConfigLoader: mHandler: 7 phoneId: 0
12-25 00:16:28.944  1559  1559 E CarrierConfigLoader: Failed to get package version for: com.android.carrierconfig
12-25 00:16:28.944  1559  1559 D CarrierConfigLoader: Binding to com.android.carrierconfig for phone 0
12-25 00:16:28.944  1298  1608 W ActivityManager: Unable to start service Intent { act=android.service.carrier.CarrierService pkg=com.android.carrierconfig } U=0: not found
12-25 00:16:28.947  1298  1298 I Telecom : PhoneAccountRegistrar: SimCallManager queried, returning: null
12-25 00:16:28.956  1298  1317 I art     : Waiting for a blocking GC Explicit
12-25 00:16:28.956  1559  1559 D CarrierServiceBindHelper: mHandler: 0
12-25 00:16:28.956  1559  1559 D CarrierServiceBindHelper: Binding to phoneId: 0
12-25 00:16:28.956  1559  1559 D CarrierServiceBindHelper: No carrier app for: 0
12-25 00:16:28.963  1298  1738 I Telecom : PhoneAccountRegistrar: [ComponentInfo{com.android.phone/com.android.services.telephony.TelephonyConnectionService}, [e2f7d48dd2b5ca523e7313cf4ba0f6ea830b6281], UserHandle{0}(icon: Icon(typ=BITMAP size=48x60) -> Icon(typ=BITMAP size=48x60))]
12-25 00:16:28.976  1298  1738 I Telecom : : Sending phone-account intent as user
12-25 00:16:29.000  1548  1548 E GmsWearableLS: GoogleApiClient connection failed: ConnectionResult{statusCode=API_UNAVAILABLE, resolution=null, message=null}
12-25 00:16:29.240   961  1292 V IdletimerController: runCmd(/system/bin/ip6tables -w -t raw -A idletimer_raw_PREROUTING -i eth0 -j IDLETIMER --timeout 10 --label 0 --send_nl_msg 1) res_ipv4=0, res_ipv6=0
12-25 00:16:29.248   961  1292 V IdletimerController: runCmd(/system/bin/ip6tables -w -t mangle -A idletimer_mangle_POSTROUTING -o eth0 -j IDLETIMER --timeout 10 --label 0 --send_nl_msg 1) res_ipv4=0, res_ipv6=0
12-25 00:16:29.272  1548  1935 W art     : Long monitor contention event with owner method=boolean android.app.ActivityThread.releaseProvider(android.content.IContentProvider, boolean) from ActivityThread.java:4898 waiters=1 for 725ms
12-25 00:16:29.272  1548  1902 W art     : Long monitor contention event with owner method=boolean android.app.ActivityThread.releaseProvider(android.content.IContentProvider, boolean) from ActivityThread.java:4898 waiters=1 for 726ms
12-25 00:16:29.286  1298  1963 D NetworkMonitor/NetworkAgentInfo [MOBILE (UMTS) - 100]: Checking http://connectivitycheck.gstatic.com/generate_204 on epc.tmobile.com, connectivitycheck.gstatic.com=24.244.4.119,2607:f8b0:400a:806::200e
12-25 00:16:29.308  1548  1935 I GCoreUlr: WorldUpdater received intent Intent { act=com.google.android.location.reporting.ACTION_UPDATE_WORLD cmp=com.google.android.gms/com.google.android.location.reporting.service.DispatchingService (has extras) } with receiverAction android.location.PROVIDERS_CHANGED
12-25 00:16:29.355  1298  1963 D NetworkMonitor/NetworkAgentInfo [MOBILE (UMTS) - 100]: isCaptivePortal: ret=204 headers={null=[HTTP/1.1 204 No Content], Content-Length=[0], Date=[Fri, 25 Dec 2015 07:16:34 GMT], Server=[GFE/2.0], X-Android-Received-Millis=[1451027789354], X-Android-Response-Source=[NETWORK 204], X-Android-Selected-Protocol=[http/1.1], X-Android-Sent-Millis=[1451027789335]}
12-25 00:16:29.366  1914  1914 W art     : Long monitor contention event with owner method=void android.os.MessageQueue.nativeWake(long) from MessageQueue.java:4294967294 waiters=0 for 1.444s
12-25 00:16:29.374  1914  1914 W System  : ClassLoader referenced unknown path: /system/app/Maps/lib/x86
12-25 00:16:29.418  1298  1339 D ConnectivityService: setProvNotificationVisibleIntent null visible=false networkType=MOBILE extraInfo=null highPriority=false
12-25 00:16:29.419  1298  1339 D ConnectivityService: NetworkAgentInfo [MOBILE (UMTS) - 100] validation  passed
12-25 00:16:29.420  1298  1339 D ConnectivityService: rematching NetworkAgentInfo [MOBILE (UMTS) - 100]
12-25 00:16:29.420  1298  1339 D ConnectivityService: notifyType CAP_CHANGED for NetworkAgentInfo [MOBILE (UMTS) - 100]
12-25 00:16:29.420  1298  1339 D ConnectivityService: sendStickyBroadcast: action=android.net.conn.INET_CONDITION_ACTION
12-25 00:16:29.422  1370  1773 D ConnectivityManager.CallbackHandler: CM callback handler got msg 524294
12-25 00:16:29.447  1298  1304 I art     : Background sticky concurrent mark sweep GC freed 32088(3MB) AllocSpace objects, 17(612KB) LOS objects, 12% free, 8MB/10MB, paused 1.915ms total 547.980ms
12-25 00:16:29.447  1298  1317 I art     : WaitForGcToComplete blocked for 491.350ms for cause Explicit
12-25 00:16:29.447  1298  1317 I art     : Starting a blocking GC Explicit
12-25 00:16:29.469  1298  1317 I art     : Explicit concurrent mark sweep GC freed 4520(452KB) AllocSpace objects, 9(576KB) LOS objects, 33% free, 7MB/11MB, paused 1.404ms total 21.397ms
12-25 00:16:29.657  1298  1311 W GpsLocationProvider: Could not open GPS configuration file /etc/gps.conf
12-25 00:16:29.657  1298  1311 D GpsLocationProvider: GPS properties reloaded, size = 5
12-25 00:16:29.657  1298  1311 E GpsLocationProvider: no AGPS interface in set_agps_server
12-25 00:16:29.657  1298  1311 D GpsLocationProvider: received SIM related action: 
12-25 00:16:29.657  1298  1311 D GpsLocationProvider: SIM MCC/MNC is available: 310260
12-25 00:16:29.657  1298  1311 D GpsLocationProvider: Reset GPS properties, previous size = 5
12-25 00:16:29.657  1298  1311 D GpsLocationProvider: GpsParamsResource: SUPL_HOST=supl.google.com
12-25 00:16:29.657  1298  1311 D GpsLocationProvider: GpsParamsResource: SUPL_PORT=7275
12-25 00:16:29.657  1298  1311 D GpsLocationProvider: GpsParamsResource: NTP_SERVER=north-america.pool.ntp.org
12-25 00:16:29.658  1298  1311 D GpsLocationProvider: GpsParamsResource: SUPL_VER=0x20000
12-25 00:16:29.658  1298  1311 D GpsLocationProvider: GpsParamsResource: SUPL_MODE=1
12-25 00:16:29.658  1298  1311 W GpsLocationProvider: Could not open GPS configuration file /etc/gps.conf
12-25 00:16:29.658  1298  1311 D GpsLocationProvider: GPS properties reloaded, size = 5
12-25 00:16:29.658  1298  1311 E GpsLocationProvider: no AGPS interface in set_agps_server
12-25 00:16:29.658  1298  1311 D GpsLocationProvider: received SIM related action: 
12-25 00:16:29.659  1298  1311 D GpsLocationProvider: SIM MCC/MNC is available: 310260
12-25 00:16:29.659  1298  1311 D GpsLocationProvider: Reset GPS properties, previous size = 5
12-25 00:16:29.659  1298  1311 D GpsLocationProvider: GpsParamsResource: SUPL_HOST=supl.google.com
12-25 00:16:29.659  1298  1311 D GpsLocationProvider: GpsParamsResource: SUPL_PORT=7275
12-25 00:16:29.660  1298  1311 D GpsLocationProvider: GpsParamsResource: NTP_SERVER=north-america.pool.ntp.org
12-25 00:16:29.660  1298  1311 D GpsLocationProvider: GpsParamsResource: SUPL_VER=0x20000
12-25 00:16:29.660  1298  1311 D GpsLocationProvider: GpsParamsResource: SUPL_MODE=1
12-25 00:16:29.660  1298  1311 W GpsLocationProvider: Could not open GPS configuration file /etc/gps.conf
12-25 00:16:29.660  1298  1311 D GpsLocationProvider: GPS properties reloaded, size = 5
12-25 00:16:29.660  1298  1311 E GpsLocationProvider: no AGPS interface in set_agps_server
12-25 00:16:29.660  1298  1311 D GpsLocationProvider: received SIM related action: 
12-25 00:16:29.660  1298  1311 D GpsLocationProvider: SIM MCC/MNC is available: 310260
12-25 00:16:29.660  1298  1311 D GpsLocationProvider: Reset GPS properties, previous size = 5
12-25 00:16:29.661  1298  1311 D GpsLocationProvider: GpsParamsResource: SUPL_HOST=supl.google.com
12-25 00:16:29.661  1298  1311 D GpsLocationProvider: GpsParamsResource: SUPL_PORT=7275
12-25 00:16:29.661  1298  1311 D GpsLocationProvider: GpsParamsResource: NTP_SERVER=north-america.pool.ntp.org
12-25 00:16:29.661  1298  1311 D GpsLocationProvider: GpsParamsResource: SUPL_VER=0x20000
12-25 00:16:29.661  1298  1311 D GpsLocationProvider: GpsParamsResource: SUPL_MODE=1
12-25 00:16:29.661  1298  1311 W GpsLocationProvider: Could not open GPS configuration file /etc/gps.conf
12-25 00:16:29.661  1298  1311 D GpsLocationProvider: GPS properties reloaded, size = 5
12-25 00:16:29.661  1298  1311 E GpsLocationProvider: no AGPS interface in set_agps_server
12-25 00:16:30.006  1298  1990 D GpsLocationProvider: NTP server returned: 1451027794625 (Fri Dec 25 00:16:34 MST 2015) reference: 46712 certainty: 49 system time offset: 4619
12-25 00:16:30.072  1548  1902 W Settings: Setting airplane_mode_on has moved from android.provider.Settings.System to android.provider.Settings.Global, returning read-only value.
12-25 00:16:30.075  1548  1935 I GCoreUlr: WorldUpdater:android.location.PROVIDERS_CHANGED: Ensuring that reporting is stopped because of reasons: (no Google accounts)
12-25 00:16:30.160  1548  1935 I GCoreUlr: Unbound from all location providers
12-25 00:16:30.183  1548  1902 W Settings: Setting airplane_mode_on has moved from android.provider.Settings.System to android.provider.Settings.Global, returning read-only value.
12-25 00:16:30.188  1548  1548 I GCoreUlr: DispatchingService.onDestroy()
12-25 00:16:30.188  1548  1548 I GCoreUlr: Stopping handler for UlrDispSvcFast
12-25 00:16:30.191  1548  1548 I GCoreUlr: Unbound from all location providers
12-25 00:16:32.824  1914  1926 W art     : Suspending all threads took: 15.229ms
12-25 00:16:33.308  1548  1902 W Settings: Setting airplane_mode_on has moved from android.provider.Settings.System to android.provider.Settings.Global, returning read-only value.
12-25 00:16:33.595   966   966 I SELinux : SELinux: Loaded file_contexts contexts from /file_contexts.
12-25 00:16:33.595  1298  1322 I PackageManager.DexOptimizer: Running dexopt (dex2oat) on: /data/app/vmdl1949695430.tmp/base.apk pkg=zeljkok.autumnsky.hikeswithaview isa=x86 vmSafeMode=false debuggable=true oatDir = /data/app/vmdl1949695430.tmp/oat
12-25 00:16:33.690  1548  1902 W Settings: Setting airplane_mode_on has moved from android.provider.Settings.System to android.provider.Settings.Global, returning read-only value.
12-25 00:16:33.895  1548  1596 I art     : Background partial concurrent mark sweep GC freed 44997(2MB) AllocSpace objects, 9(560KB) LOS objects, 39% free, 4MB/7MB, paused 1.596ms total 110.711ms
12-25 00:16:34.010  1298  1309 I AccountManagerService: getTypesVisibleToCaller: isPermitted? false
12-25 00:16:34.136  2001  2001 W dex2oat : Unexpected CPU variant for X86 using defaults: x86
12-25 00:16:34.136  2001  2001 W dex2oat : Mismatch between dex2oat instruction set features (ISA: X86 Feature string: smp,-ssse3,-sse4.1,-sse4.2,-avx,-avx2) and those of dex2oat executable (ISA: X86 Feature string: smp,ssse3,-sse4.1,-sse4.2,-avx,-avx2) for the command line:
12-25 00:16:34.136  2001  2001 W dex2oat : /system/bin/dex2oat --zip-fd=6 --zip-location=base.apk --oat-fd=7 --oat-location=/data/app/vmdl1949695430.tmp/oat/x86/base.odex --instruction-set=x86 --instruction-set-variant=x86 --instruction-set-features=default --runtime-arg -Xms64m --runtime-arg -Xmx512m --swap-fd=8 --debuggable
12-25 00:16:34.137  2001  2001 I dex2oat : /system/bin/dex2oat --debuggable
12-25 00:16:34.442  1914  1914 D StrictMode: StrictMode policy violation; ~duration=2033 ms: android.os.StrictMode$StrictModeDiskReadViolation: policy=65567 violation=2
12-25 00:16:34.442  1914  1914 D StrictMode: 	at android.os.StrictMode$AndroidBlockGuardPolicy.onReadFromDisk(StrictMode.java:1263)
12-25 00:16:34.442  1914  1914 D StrictMode: 	at libcore.io.BlockGuardOs.access(BlockGuardOs.java:67)
12-25 00:16:34.442  1914  1914 D StrictMode: 	at java.io.File.doAccess(File.java:281)
12-25 00:16:34.442  1914  1914 D StrictMode: 	at java.io.File.exists(File.java:361)
12-25 00:16:34.442  1914  1914 D StrictMode: 	at android.app.ContextImpl.createFilesDirLocked(ContextImpl.java:418)
12-25 00:16:34.442  1914  1914 D StrictMode: 	at android.app.ContextImpl.getFilesDir(ContextImpl.java:441)
12-25 00:16:34.442  1914  1914 D StrictMode: 	at android.app.ContextImpl.openFileInput(ContextImpl.java:383)
12-25 00:16:34.442  1914  1914 D StrictMode: 	at android.content.ContextWrapper.openFileInput(ContextWrapper.java:177)
12-25 00:16:34.442  1914  1914 D StrictMode: 	at com.google.android.apps.gmm.shared.i.h.a(PG:250)
12-25 00:16:34.442  1914  1914 D StrictMode: 	at com.google.android.apps.gmm.map.m.q.a(PG:8693)
12-25 00:16:34.442  1914  1914 D StrictMode: 	at com.google.android.apps.gmm.shared.f.a.a(PG:48)
12-25 00:16:34.442  1914  1914 D StrictMode: 	at com.google.android.apps.gmm.map.m.e.a(PG:1531)
12-25 00:16:34.442  1914  1914 D StrictMode: 	at com.google.android.apps.gmm.base.app.a.a(PG:244)
12-25 00:16:34.442  1914  1914 D StrictMode: 	at com.google.android.apps.gmm.base.app.a.a(PG:2265)
12-25 00:16:34.442  1914  1914 D StrictMode: 	at com.google.android.apps.gmm.base.app.GoogleMapsApplication.a(PG:206)
12-25 00:16:34.442  1914  1914 D StrictMode: 	at com.google.android.apps.gmm.base.app.GoogleMapsApplication.onCreate(PG:174)
12-25 00:16:34.442  1914  1914 D StrictMode: 	at android.app.Instrumentation.callApplicationOnCreate(Instrumentation.java:1013)
12-25 00:16:34.442  1914  1914 D StrictMode: 	at android.app.ActivityThread.handleBindApplication(ActivityThread.java:4707)
12-25 00:16:34.442  1914  1914 D StrictMode: 	at android.app.ActivityThread.-wrap1(ActivityThread.java)
12-25 00:16:34.442  1914  1914 D StrictMode: 	at android.app.ActivityThread$H.handleMessage(ActivityThread.java:1405)
12-25 00:16:34.442  1914  1914 D StrictMode: 	at android.os.Handler.dispatchMessage(Handler.java:102)
12-25 00:16:34.442  1914  1914 D StrictMode: 	at android.os.Looper.loop(Looper.java:148)
12-25 00:16:34.442  1914  1914 D StrictMode: 	at android.app.ActivityThread.main(ActivityThread.java:5417)
12-25 00:16:34.442  1914  1914 D StrictMode: 	at java.lang.reflect.Method.invoke(Native Method)
12-25 00:16:34.442  1914  1914 D StrictMode: 	at com.android.internal.os.ZygoteInit$MethodAndArgsCaller.run(ZygoteInit.java:726)
12-25 00:16:34.442  1914  1914 D StrictMode: 	at com.android.internal.os.ZygoteInit.main(ZygoteInit.java:616)
12-25 00:16:34.442  1914  1914 D StrictMode: StrictMode policy violation; ~duration=2033 ms: android.os.StrictMode$StrictModeDiskReadViolation: policy=65567 violation=2
12-25 00:16:34.442  1914  1914 D StrictMode: 	at android.os.StrictMode$AndroidBlockGuardPolicy.onReadFromDisk(StrictMode.java:1263)
12-25 00:16:34.442  1914  1914 D StrictMode: 	at libcore.io.BlockGuardOs.open(BlockGuardOs.java:182)
12-25 00:16:34.442  1914  1914 D StrictMode: 	at libcore.io.IoBridge.open(IoBridge.java:438)
12-25 00:16:34.442  1914  1914 D StrictMode: 	at java.io.FileInputStream.<init>(FileInputStream.java:76)
12-25 00:16:34.442  1914  1914 D StrictMode: 	at android.app.ContextImpl.openFileInput(ContextImpl.java:384)
12-25 00:16:34.442  1914  1914 D StrictMode: 	at android.content.ContextWrapper.openFileInput(ContextWrapper.java:177)
12-25 00:16:34.442  1914  1914 D StrictMode: 	at com.google.android.apps.gmm.shared.i.h.a(PG:250)
12-25 00:16:34.442  1914  1914 D StrictMode: 	at com.google.android.apps.gmm.map.m.q.a(PG:8693)
12-25 00:16:34.442  1914  1914 D StrictMode: 	at com.google.android.apps.gmm.shared.f.a.a(PG:48)
12-25 00:16:34.442  1914  1914 D StrictMode: 	at com.google.android.apps.gmm.map.m.e.a(PG:1531)
12-25 00:16:34.442  1914  1914 D StrictMode: 	at com.google.android.apps.gmm.base.app.a.a(PG:244)
12-25 00:16:34.442  1914  1914 D StrictMode: 	at com.google.android.apps.gmm.base.app.a.a(PG:2265)
12-25 00:16:34.442  1914  1914 D StrictMode: 	at com.google.android.apps.gmm.base.app.GoogleMapsApplication.a(PG:206)
12-25 00:16:34.442  1914  1914 D StrictMode: 	at com.google.android.apps.gmm.base.app.GoogleMapsApplication.onCreate(PG:174)
12-25 00:16:34.442  1914  1914 D StrictMode: 	at android.app.Instrumentation.callApplicationOnCreate(Instrumentation.java:1013)
12-25 00:16:34.442  1914  1914 D StrictMode: 	at android.app.ActivityThread.handleBindApplication(ActivityThread.java:4707)
12-25 00:16:34.442  1914  1914 D StrictMode: 	at android.app.ActivityThread.-wrap1(ActivityThread.java)
12-25 00:16:34.442  1914  1914 D StrictMode: 	at android.app.ActivityThread$H.handleMessage(ActivityThread.java:1405)
12-25 00:16:34.442  1914  1914 D StrictMode: 	at android.os.Handler.dispatchMessage(Handler.java:102)
12-25 00:16:34.442  1914  1914 D StrictMode: 	at android.os.Looper.loop(Looper.java:148)
12-25 00:16:34.442  1914  1914 D StrictMode: 	at android.app.ActivityThread.main(ActivityThread.java:5417)
12-25 00:16:34.442  1914  1914 D StrictMode: 	at java.lang.reflect.Method.invoke(Native Method)
12-25 00:16:34.442  1914  1914 D StrictMode: 	at com.android.internal.os.ZygoteInit$MethodAndArgsCaller.run(ZygoteInit.java:726)
12-25 00:16:34.442  1914  1914 D StrictMode: 	at com.android.internal.os.ZygoteInit.main(ZygoteInit.java:616)
12-25 00:16:34.442  1914  1914 D StrictMode: StrictMode policy violation; ~duration=2032 ms: android.os.StrictMode$StrictModeDiskReadViolation: policy=65567 violation=2
12-25 00:16:34.442  1914  1914 D StrictMode: 	at android.os.StrictMode$AndroidBlockGuardPolicy.onReadFromDisk(StrictMode.java:1263)
12-25 00:16:34.442  1914  1914 D StrictMode: 	at libcore.io.BlockGuardOs.fstat(BlockGuardOs.java:132)
12-25 00:16:34.442  1914  1914 D StrictMode: 	at libcore.io.IoBridge.open(IoBridge.java:441)
12-25 00:16:34.442  1914  1914 D StrictMode: 	at java.io.FileInputStream.<init>(FileInputStream.java:76)
12-25 00:16:34.442  1914  1914 D StrictMode: 	at android.app.ContextImpl.openFileInput(ContextImpl.java:384)
12-25 00:16:34.442  1914  1914 D StrictMode: 	at android.content.ContextWrapper.openFileInput(ContextWrapper.java:177)
12-25 00:16:34.442  1914  1914 D StrictMode: 	at com.google.android.apps.gmm.shared.i.h.a(PG:250)
12-25 00:16:34.442  1914  1914 D StrictMode: 	at com.google.android.apps.gmm.map.m.q.a(PG:8693)
12-25 00:16:34.442  1914  1914 D StrictMode: 	at com.google.android.apps.gmm.shared.f.a.a(PG:48)
12-25 00:16:34.442  1914  1914 D StrictMode: 	at com.google.android.apps.gmm.map.m.e.a(PG:1531)
12-25 00:16:34.442  1914  1914 D StrictMode: 	at com.google.android.apps.gmm.base.app.a.a(PG:244)
12-25 00:16:34.442  1914  1914 D StrictMode: 	at com.google.android.apps.gmm.base.app.a.a(PG:2265)
12-25 00:16:34.442  1914  1914 D StrictMode: 	at com.google.android.apps.gmm.base.app.GoogleMapsApplication.a(PG:206)
12-25 00:16:34.442  1914  1914 D StrictMode: 	at com.google.android.apps.gmm.base.app.GoogleMapsApplication.onCreate(PG:174)
12-25 00:16:34.442  1914  1914 D StrictMode: 	at android.app.Instrumentation.callApplicationOnCreate(Instrumentation.java:1013)
12-25 00:16:34.442  1914  1914 D StrictMode: 	at android.app.ActivityThread.handleBindApplication(ActivityThread.java:4707)
12-25 00:16:34.442  1914  1914 D StrictMode: 	at android.app.ActivityThread.-wrap1(ActivityThread.java)
12-25 00:16:34.442  1914  1914 D StrictMode: 	at android.app.ActivityThread$H.handleMessage(ActivityThread.java:1405)
12-25 00:16:34.442  1914  1914 D StrictMode: 	at android.os.Handler.dispatchMessage(Handler.java:102)
12-25 00:16:34.442  1914  1914 D StrictMode: 	at android.os.Looper.loop(Looper.java:148)
12-25 00:16:34.442  1914  1914 D StrictMode: 	at android.app.ActivityThread.main(ActivityThread.java:5417)
12-25 00:16:34.442  1914  1914 D StrictMode: 	at java.lang.reflect.Method.invoke(Native Method)
12-25 00:16:34.442  1914  1914 D StrictMode: 	at com.android.internal.os.ZygoteInit$MethodAndArgsCaller.run(ZygoteInit.java:726)
12-25 00:16:34.442  1914  1914 D StrictMode: 	at com.android.internal.os.ZygoteInit.main(ZygoteInit.java:616)
12-25 00:16:34.442  1914  1914 D StrictMode: StrictMode policy violation; ~duration=1914 ms: android.os.StrictMode$StrictModeDiskReadViolation: policy=65567 violation=2
12-25 00:16:34.442  1914  1914 D StrictMode: 	at android.os.StrictMode$AndroidBlockGuardPolicy.onReadFromDisk(StrictMode.java:1263)
12-25 00:16:34.442  1914  1914 D StrictMode: 	at libcore.io.BlockGuardOs.read(BlockGuardOs.java:229)
12-25 00:16:34.442  1914  1914 D StrictMode: 	at libcore.io.IoBridge.read(IoBridge.java:468)
12-25 00:16:34.442  1914  1914 D StrictMode: 	at java.io.FileInputStream.read(FileInputStream.java:177)
12-25 00:16:34.442  1914  1914 D StrictMode: 	at java.io.BufferedInputStream.read(BufferedInputStream.java:290)
12-25 00:16:34.442  1914  1914 D StrictMode: 	at java.io.DataInputStream.read(DataInputStream.java:63)
12-25 00:16:34.442  1914  1914 D StrictMode: 	at com.google.r.k.d(PG:1187)
12-25 00:16:34.442  1914  1914 D StrictMode: 	at com.google.r.k.a(PG:2107)
12-25 00:16:34.442  1914  1914 D StrictMode: 	at com.google.w.a.a.do.<init>(PG:23)
12-25 00:16:34.442  1914  1914 D StrictMode: 	at com.google.w.a.a.do.a(PG:405)
12-25 00:16:34.442  1914  1914 D StrictMode: 	at com.google.r.v.a(PG:1161)
12-25 00:16:34.442  1914  1914 D StrictMode: 	at com.google.r.y.a(PG:2188)
12-25 00:16:34.442  1914  1914 D StrictMode: 	at com.google.r.e.b(PG:170)
12-25 00:16:34.442  1914  1914 D StrictMode: 	at com.google.r.e.b(PG:15188)
12-25 00:16:34.442  1914  1914 D StrictMode: 	at com.google.android.apps.gmm.shared.i.h.a(PG:251)
12-25 00:16:34.442  1914  1914 D StrictMode: 	at com.google.android.apps.gmm.map.m.q.a(PG:8693)
12-25 00:16:34.442  1914  1914 D StrictMode: 	at com.google.android.apps.gmm.shared.f.a.a(PG:48)
12-25 00:16:34.442  1914  1914 D StrictMode: 	at com.google.android.apps.gmm.map.m.e.a(PG:1531)
12-25 00:16:34.442  1914  1914 D StrictMode: 	at com.google.android.apps.gmm.base.app.a.a(PG:244)
12-25 00:16:34.442  1914  1914 D StrictMode: 	at com.google.android.apps.gmm.base.app.a.a(PG:2265)
12-25 00:16:34.442  1914  1914 D StrictMode: 	at com.google.android.apps.gmm.base.app.GoogleMapsApplication.a(PG:206)
12-25 00:16:34.442  1914  1914 D StrictMode: 	at com.google.android.apps.gmm.base.app.GoogleMapsApplication.onCreate(PG:174)
12-25 00:16:34.442  1914  1914 D StrictMode: 	at android.app.Instrumentation.callApplicationOnCreate(Instrumentation.java:1013)
12-25 00:16:34.442  1914  1914 D StrictMode: 	at android.app.ActivityThread.handleBindApplication(ActivityThread.java:4707)
12-25 00:16:34.442  1914  1914 D StrictMode: 	at android.app.ActivityThread.-wrap1(ActivityThread.java)
12-25 00:16:34.442  1914  1914 D StrictMode: 	at android.app.ActivityThread$H.handleMessage(ActivityThread.java:1405)
12-25 00:16:34.442  1914  1914 D StrictMode: 	at android.os.Handler.dispatchMessage(Handler.java:102)
12-25 00:16:34.442  1914  1914 D StrictMode: 	at android.os.Looper.loop(Looper.java:148)
12-25 00:16:34.442  1914  1914 D StrictMode: 	at android.app.ActivityThread.main(ActivityThread.java:5417)
12-25 00:16:34.442  1914  1914 D StrictMode: 	at java.lang.reflect.Method.invoke(Native Method)
12-25 00:16:34.442  1914  1914 D StrictMode: 	at com.android.internal.os.ZygoteInit$MethodAndArgsCaller.run(ZygoteInit.java:726)
12-25 00:16:34.442  1914  1914 D StrictMode: 	at com.android.internal.os.ZygoteInit.main(ZygoteInit.java:616)
12-25 00:16:34.442  1914  1914 D StrictMode: StrictMode policy violation; ~duration=1754 ms: android.os.StrictMode$StrictModeDiskReadViolation: policy=65567 violation=2
12-25 00:16:34.442  1914  1914 D StrictMode: 	at android.os.StrictMode$AndroidBlockGuardPolicy.onReadFromDisk(StrictMode.java:1263)
12-25 00:16:34.442  1914  1914 D StrictMode: 	at libcore.io.BlockGuardOs.read(BlockGuardOs.java:229)
12-25 00:16:34.442  1914  1914 D StrictMode: 	at libcore.io.IoBridge.read(IoBridge.java:468)
12-25 00:16:34.442  1914  1914 D StrictMode: 	at java.io.FileInputStream.read(FileInputStream.java:177)
12-25 00:16:34.442  1914  1914 D StrictMode: 	at java.io.BufferedInputStream.read(BufferedInputStream.java:290)
12-25 00:16:34.442  1914  1914 D StrictMode: 	at java.io.DataInputStream.read(DataInputStream.java:63)
12-25 00:16:34.442  1914  1914 D StrictMode: 	at com.google.r.k.d(PG:1187)
12-25 00:16:34.442  1914  1914 D StrictMode: 	at com.google.r.k.c(PG:18147)
12-25 00:16:34.442  1914  1914 D StrictMode: 	at com.google.r.k.d(PG:583)
12-25 00:16:34.442  1914  1914 D StrictMode: 	at com.google.w.a.a.do.<init>(PG:40)
12-25 00:16:34.442  1914  1914 D StrictMode: 	at com.google.w.a.a.do.a(PG:405)
12-25 00:16:34.442  1914  1914 D StrictMode: 	at com.google.r.v.a(PG:1161)
12-25 00:16:34.442  1914  1914 D StrictMode: 	at com.google.r.y.a(PG:2188)
12-25 00:16:34.442  1914  1914 D StrictMode: 	at com.google.r.e.b(PG:170)
12-25 00:16:34.442  1914  1914 D StrictMode: 	at com.google.r.e.b(PG:15188)
12-25 00:16:34.442  1914  1914 D StrictMode: 	at com.google.android.apps.gmm.shared.i.h.a(PG:251)
12-25 00:16:34.442  1914  1914 D StrictMode: 	at com.google.android.apps.gmm.map.m.q.a(PG:8693)
12-25 00:16:34.442  1914  1914 D StrictMode: 	at com.google.android.apps.gmm.shared.f.a.a(PG:48)
12-25 00:16:34.442  1914  1914 D StrictMode: 	at com.google.android.apps.gmm.map.m.e.a(PG:1531)
12-25 00:16:34.442  1914  1914 D StrictMode: 	at com.google.android.apps.gmm.base.app.a.a(PG:244)
12-25 00:16:34.442  1914  1914 D StrictMode: 	at com.google.android.apps.gmm.base.app.a.a(PG:2265)
12-25 00:16:34.442  1914  1914 D StrictMode: 	at com.google.android.apps.gmm.base.app.GoogleMapsApplication.a(PG:206)
12-25 00:16:34.442  1914  1914 D StrictMode: 	at com.google.android.apps.gmm.base.app.GoogleMapsApplication.onCreate(PG:174)
12-25 00:16:34.442  1914  1914 D StrictMode: 	at android.app.Instrumentation.callApplicationOnCreate(Instrumentation.java:1013)
12-25 00:16:34.442  1914  1914 D StrictMode: 	at android.app.ActivityThread.handleBindApplication(ActivityThread.java:4707)
12-25 00:16:34.442  1914  1914 D StrictMode: 	at android.app.ActivityThread.-wrap1(ActivityThread.java)
12-25 00:16:34.442  1914  1914 D StrictMode: 	at android.app.ActivityThread$H.handleMessage(ActivityThread.java:1405)
12-25 00:16:34.442  1914  1914 D StrictMode: 	at android.os.Handler.dispatchMessage(Handler.java:102)
12-25 00:16:34.442  1914  1914 D StrictMode: 	at android.os.Looper.loop(Looper.java:148)
12-25 00:16:34.442  1914  1914 D StrictMode: 	at android.app.ActivityThread.main(ActivityThread.java:5417)
12-25 00:16:34.442  1914  1914 D StrictMode: 	at java.lang.reflect.Method.invoke(Native Method)
12-25 00:16:34.442  1914  1914 D StrictMode: 	at com.android.internal.os.ZygoteInit$MethodAndArgsCaller.run(ZygoteInit.java:726)
12-25 00:16:34.442  1914  1914 D StrictMode: 	at com.android.internal.os.ZygoteInit.main(ZygoteInit.java:616)
12-25 00:16:34.443  1914  1914 D StrictMode: StrictMode policy violation; ~duration=1287 ms: android.os.StrictMode$StrictModeDiskReadViolation: policy=65567 violation=2
12-25 00:16:34.443  1914  1914 D StrictMode: 	at android.os.StrictMode$AndroidBlockGuardPolicy.onReadFromDisk(StrictMode.java:1263)
12-25 00:16:34.443  1914  1914 D StrictMode: 	at libcore.io.BlockGuardOs.access(BlockGuardOs.java:67)
12-25 00:16:34.443  1914  1914 D StrictMode: 	at java.io.File.doAccess(File.java:281)
12-25 00:16:34.443  1914  1914 D StrictMode: 	at java.io.File.exists(File.java:361)
12-25 00:16:34.443  1914  1914 D StrictMode: 	at android.app.ContextImpl.createFilesDirLocked(ContextImpl.java:418)
12-25 00:16:34.443  1914  1914 D StrictMode: 	at android.app.ContextImpl.getFilesDir(ContextImpl.java:441)
12-25 00:16:34.443  1914  1914 D StrictMode: 	at android.app.ContextImpl.getFileStreamPath(ContextImpl.java:549)
12-25 00:16:34.443  1914  1914 D StrictMode: 	at android.content.ContextWrapper.getFileStreamPath(ContextWrapper.java:193)
12-25 00:16:34.443  1914  1914 D StrictMode: 	at com.google.android.apps.gmm.map.m.q.a(PG:8701)
12-25 00:16:34.443  1914  1914 D StrictMode: 	at com.google.android.apps.gmm.shared.f.a.a(PG:48)
12-25 00:16:34.443  1914  1914 D StrictMode: 	at com.google.android.apps.gmm.map.m.e.a(PG:1531)
12-25 00:16:34.443  1914  1914 D StrictMode: 	at com.google.android.apps.gmm.base.app.a.a(PG:244)
12-25 00:16:34.443  1914  1914 D StrictMode: 	at com.google.android.apps.gmm.base.app.a.a(PG:2265)
12-25 00:16:34.443  1914  1914 D StrictMode: 	at com.google.android.apps.gmm.base.app.GoogleMapsApplication.a(PG:206)
12-25 00:16:34.443  1914  1914 D StrictMode: 	at com.google.android.apps.gmm.base.app.GoogleMapsApplication.onCreate(PG:174)
12-25 00:16:34.443  1914  1914 D StrictMode: 	at android.app.Instrumentation.callApplicationOnCreate(Instrumentation.java:1013)
12-25 00:16:34.443  1914  1914 D StrictMode: 	at android.app.ActivityThread.handleBindApplication(ActivityThread.java:4707)
12-25 00:16:34.443  1914  1914 D StrictMode: 	at android.app.ActivityThread.-wrap1(ActivityThread.java)
12-25 00:16:34.443  1914  1914 D StrictMode: 	at android.app.ActivityThread$H.handleMessage(ActivityThread.java:1405)
12-25 00:16:34.443  1914  1914 D StrictMode: 	at android.os.Handler.dispatchMessage(Handler.java:102)
12-25 00:16:34.443  1914  1914 D StrictMode: 	at android.os.Looper.loop(Looper.java:148)
12-25 00:16:34.443  1914  1914 D StrictMode: 	at android.app.ActivityThread.main(ActivityThread.java:5417)
12-25 00:16:34.443  1914  1914 D StrictMode: 	at java.lang.reflect.Method.invoke(Native Method)
12-25 00:16:34.443  1914  1914 D StrictMode: 	at com.android.internal.os.ZygoteInit$MethodAndArgsCaller.run(ZygoteInit.java:726)
12-25 00:16:34.443  1914  1914 D StrictMode: 	at com.android.internal.os.ZygoteInit.main(ZygoteInit.java:616)
12-25 00:16:34.443  1914  1914 D StrictMode: StrictMode policy violation; ~duration=1287 ms: android.os.StrictMode$StrictModeDiskReadViolation: policy=65567 violation=2
12-25 00:16:34.443  1914  1914 D StrictMode: 	at android.os.StrictMode$AndroidBlockGuardPolicy.onReadFromDisk(StrictMode.java:1263)
12-25 00:16:34.443  1914  1914 D StrictMode: 	at libcore.io.BlockGuardOs.access(BlockGuardOs.java:67)
12-25 00:16:34.443  1914  1914 D StrictMode: 	at java.io.File.doAccess(File.java:281)
12-25 00:16:34.443  1914  1914 D StrictMode: 	at java.io.File.exists(File.java:361)
12-25 00:16:34.443  1914  1914 D StrictMode: 	at com.google.android.apps.gmm.map.m.q.a(PG:8703)
12-25 00:16:34.443  1914  1914 D StrictMode: 	at com.google.android.apps.gmm.shared.f.a.a(PG:48)
12-25 00:16:34.443  1914  1914 D StrictMode: 	at com.google.android.apps.gmm.map.m.e.a(PG:1531)
12-25 00:16:34.443  1914  1914 D StrictMode: 	at com.google.android.apps.gmm.base.app.a.a(PG:244)
12-25 00:16:34.443  1914  1914 D StrictMode: 	at com.google.android.apps.gmm.base.app.a.a(PG:2265)
12-25 00:16:34.443  1914  1914 D StrictMode: 	at com.google.android.apps.gmm.base.app.GoogleMapsApplication.a(PG:206)
