12-25 00:17:09.494  1851  2251 D GmsModuleFndr: Module pkg com.google.android.play.games not installed, skipping
12-25 00:17:09.494  1851  2251 D GmsModuleFndr: Module pkg com.google.android.apps.kids.kidsetup not installed, skipping
12-25 00:17:09.494  1851  2251 D ChimeraCfgMgr: Beginning module configuration check
12-25 00:17:09.495  1851  2251 D ChimeraCfgMgr: Module APKs unchanged, check complete
12-25 00:17:09.783  2192  2208 I art     : Background partial concurrent mark sweep GC freed 533(18KB) AllocSpace objects, 4(5MB) LOS objects, 28% free, 9MB/13MB, paused 1.513ms total 119.405ms
12-25 00:17:10.250  2192  2208 I art     : Background partial concurrent mark sweep GC freed 290(19KB) AllocSpace objects, 9(5MB) LOS objects, 28% free, 10MB/14MB, paused 18.324ms total 44.766ms
12-25 00:17:10.612  2192  2208 I art     : Background partial concurrent mark sweep GC freed 403(44KB) AllocSpace objects, 3(4MB) LOS objects, 28% free, 10MB/14MB, paused 12.144ms total 38.153ms
12-25 00:17:10.633  1851  1851 D SystemUpdateService: onCreate
12-25 00:17:10.671  1851  1851 D SystemUpdateService: onStartCommand: intent: Intent { cmp=com.google.android.gms/.update.SystemUpdateService (has extras) }
12-25 00:17:10.685  1739  1739 I ConfigService: onCreate
12-25 00:17:10.693  1851  1851 I ConfigFetchService: onStartCommand Intent { cmp=com.google.android.gms/.config.ConfigFetchService (has extras) }
12-25 00:17:10.719  1851  2642 V AuthZen : Handling intent: android.intent.action.BOOT_COMPLETED
12-25 00:17:10.725  1851  2642 D AuthZenEventHandler: Handling event: android.intent.action.BOOT_COMPLETED
12-25 00:17:11.072  1851  2642 W BaseAppContext: Using Auth Proxy for data requests.
12-25 00:17:11.149  1851  2642 I GLSUser : [ChannelManager] Attempting to channel bind connection HttpClient.
12-25 00:17:11.152  1851  2642 I GLSUser : [ChannelManager] Checking whether channelId is enabled. isEnabledGmsCore? false, isEnabledSdk? true, isAtLeastKitKat? true
12-25 00:17:11.208  1851  1851 D ChimeraCfgMgr: Loading module com.google.android.gms.kids from APK com.google.android.gms
12-25 00:17:11.218  1739  1739 W art     : Long monitor contention event with owner method=long android.database.sqlite.SQLiteConnection.nativeOpen(java.lang.String, int, java.lang.String, boolean, boolean) from SQLiteConnection.java:4294967294 waiters=0 for 502ms
12-25 00:17:11.255  1298  1428 I AccountManagerService: getTypesVisibleToCaller: isPermitted? true
12-25 00:17:11.343  1298  1608 I AccountManagerService: getTypesVisibleToCaller: isPermitted? true
12-25 00:17:11.367  2192  2208 I art     : Background sticky concurrent mark sweep GC freed 560(21KB) AllocSpace objects, 0(0B) LOS objects, 0% free, 14MB/14MB, paused 9.200ms total 91.022ms
12-25 00:17:11.373  1851  2642 D AuthZenTransactionCache: Initialized cache in: /data/user/0/com.google.android.gms/files
12-25 00:17:11.373  1851  2642 D AuthZenTransactionCache: Clearing transaction cache
12-25 00:17:11.632  2192  2208 I art     : Background sticky concurrent mark sweep GC freed 839(32KB) AllocSpace objects, 0(0B) LOS objects, 0% free, 14MB/14MB, paused 32.430ms total 67.996ms
12-25 00:17:11.761  1851  1851 D ChimeraCfgMgr: Loading module com.google.android.gms.kids from APK com.google.android.gms
12-25 00:17:11.764  1851  1851 I ConfigFetchService: service connected
12-25 00:17:11.765  2192  2208 W art     : Suspending all threads took: 29.865ms
12-25 00:17:11.775  1851  1851 D ConfigFetchService: ConfigApi connection successful.
12-25 00:17:11.791  1298  1572 I AccountManagerService: getTypesVisibleToCaller: isPermitted? true
12-25 00:17:11.796  1851  1864 I art     : Background sticky concurrent mark sweep GC freed 4124(469KB) AllocSpace objects, 8(160KB) LOS objects, 12% free, 6MB/6MB, paused 2.048ms total 404.639ms
12-25 00:17:11.818  2192  2204 W art     : Suspending all threads took: 12.235ms
12-25 00:17:11.835  2192  2208 I art     : Background partial concurrent mark sweep GC freed 194(7KB) AllocSpace objects, 3(4MB) LOS objects, 28% free, 10MB/14MB, paused 69.493ms total 188.925ms
12-25 00:17:11.973  2192  2208 I art     : Background sticky concurrent mark sweep GC freed 600(21KB) AllocSpace objects, 0(0B) LOS objects, 0% free, 14MB/14MB, paused 8.150ms total 78.172ms
12-25 00:17:12.412  1298  1572 W art     : Long monitor contention event with owner method=void com.android.server.am.ActivityManagerService$2.handleMessage(android.os.Message) from ActivityManagerService.java:2095 waiters=0 for 619ms
12-25 00:17:12.414  1298  1716 W art     : Long monitor contention event with owner method=void com.android.server.am.ActivityManagerService$2.handleMessage(android.os.Message) from ActivityManagerService.java:2095 waiters=1 for 607ms
12-25 00:17:12.417  1298  1735 W art     : Long monitor contention event with owner method=void com.android.server.am.ActivityManagerService$2.handleMessage(android.os.Message) from ActivityManagerService.java:2095 waiters=2 for 610ms
12-25 00:17:12.441  1298  1608 I AccountManagerService: getTypesVisibleToCaller: isPermitted? true
12-25 00:17:12.444  1739  1739 V GLSActivity: AuthDelegateWrapperCreated with selected intent: Intent { cmp=com.google.android.gms/.auth.DefaultAuthDelegateService }
12-25 00:17:12.464  1851  2676 W Kids    : [AbstractKidsOperation] Invalid device state 3
12-25 00:17:12.465  1298  1309 I AccountManagerService: getTypesVisibleToCaller: isPermitted? true
12-25 00:17:12.465  1298  1608 I AccountManagerService: getTypesVisibleToCaller: isPermitted? true
12-25 00:17:12.473  1739  1739 V GLSActivity: AuthDelegateWrapperCreated with selected intent: Intent { cmp=com.google.android.gms/.auth.DefaultAuthDelegateService }
12-25 00:17:12.477  1298  1572 I AccountManagerService: getTypesVisibleToCaller: isPermitted? true
12-25 00:17:12.515  1739  1739 V GLSActivity: AuthDelegateWrapperCreated with selected intent: Intent { cmp=com.google.android.gms/.auth.DefaultAuthDelegateService }
12-25 00:17:12.839  1298  1329 I InputReader: Reconfiguring input devices.  changes=0x00000010
12-25 00:17:13.024  2070  2070 D AlertReceiver: onReceive: a=android.intent.action.BOOT_COMPLETED Intent { act=android.intent.action.BOOT_COMPLETED flg=0x8000010 cmp=com.android.calendar/.alerts.AlertReceiver (has extras) }
12-25 00:17:13.044  2011  2011 V AlarmClock: AlarmInitReceiver android.intent.action.BOOT_COMPLETED
12-25 00:17:13.100  2011  2109 V AlarmClock: AlarmInitReceiver - Reset timers and clear stopwatch data
12-25 00:17:13.203  2011  2109 V AlarmClock: AlarmInitReceiver finished
12-25 00:17:13.217  1298  1735 I ActivityManager: Start proc 2699:com.android.email/u0a28 for broadcast com.android.email/.service.EmailBroadcastReceiver
12-25 00:17:13.229  2699  2699 I art     : Late-enabling JIT
12-25 00:17:13.240  2699  2699 I art     : JIT created with code_cache_capacity=2MB compile_threshold=1000
12-25 00:17:13.517  1298  1304 I art     : Background partial concurrent mark sweep GC freed 27899(2MB) AllocSpace objects, 9(192KB) LOS objects, 33% free, 7MB/10MB, paused 2.143ms total 169.121ms
12-25 00:17:13.650  2699  2699 W System  : ClassLoader referenced unknown path: /system/app/Email/lib/x86
12-25 00:17:13.787  1298  1312 I ActivityManager: Waited long enough for: ServiceRecord{74ed7b2 u0 com.android.providers.media/.MediaScannerService}
12-25 00:17:14.333  1851  2640 I SystemUpdateService: cancelUpdate (empty URL)
12-25 00:17:14.333  1851  2640 I SystemUpdateService: active receiver: disabled
12-25 00:17:14.341  2070  2717 D AlertService: 0 Action = android.intent.action.BOOT_COMPLETED
12-25 00:17:14.350  2070  2717 D AlertService: Scheduling next alarm with AlarmScheduler. sEventReminderReceived: null
12-25 00:17:14.700  1851  1851 D SystemUpdateService: onDestroy
12-25 00:17:16.047  1298  1312 I ActivityManager: Waited long enough for: ServiceRecord{a84ffe5 u0 com.google.android.gms/.config.ConfigFetchService}
12-25 00:17:16.149  2070  2717 D AlarmScheduler: No events found starting within 1 week.
12-25 00:17:16.654  1548  1548 V GmsNetworkLocationProvi: DISABLE
12-25 00:17:16.758  2778  2778 I art     : Late-enabling JIT
12-25 00:17:16.761  2778  2778 I art     : JIT created with code_cache_capacity=2MB compile_threshold=1000
12-25 00:17:16.777  1298  1428 I ActivityManager: Start proc 2778:com.android.exchange/u0a30 for service com.android.exchange/.service.EasService
12-25 00:17:16.869  2192  2267 D Volley  : [122] a.a: HTTP response for request=<[ ] https://csi.gstatic.com/csi?s=maps_android_api&v=3&action=map_start_up&it=map_load.14943,on_create.0,on_resume.0,init.495&irt=14943,495,634,495 0x4d844933 NORMAL 3> [lifetime=4007], [size=0], [rc=204], [retryCount=0]
12-25 00:17:16.900  2192  2192 D Volley  : [1] p.b: 4040 ms: [ ] https://csi.gstatic.com/csi?s=maps_android_api&v=3&action=map_start_up&it=map_load.14943,on_create.0,on_resume.0,init.495&irt=14943,495,634,495 0x4d844933 NORMAL 3
12-25 00:17:17.000  2778  2778 W System  : ClassLoader referenced unknown path: /system/app/Exchange2/lib/x86
12-25 00:17:17.332  1298  1735 I AccountManagerService: getTypesVisibleToCaller: isPermitted? true
12-25 00:17:17.391  1298  1429 I AccountManagerService: getTypesVisibleToCaller: isPermitted? true
12-25 00:17:17.450  1298  1572 W art     : Long monitor contention event with owner method=boolean com.android.server.am.ActivityManagerService.unbindService(android.app.IServiceConnection) from ActivityManagerService.java:15918 waiters=0 for 457ms
12-25 00:17:17.452  1298  1716 W art     : Long monitor contention event with owner method=boolean com.android.server.am.ActivityManagerService.unbindService(android.app.IServiceConnection) from ActivityManagerService.java:15918 waiters=1 for 310ms
12-25 00:17:17.456  2699  2796 D ActivityThread: Loading provider com.android.email.provider;com.android.email.notifier: com.android.email.provider.EmailProvider
12-25 00:17:17.498  2699  2797 D ActivityThread: Loading provider com.android.email.provider;com.android.email.notifier: com.android.email.provider.EmailProvider
12-25 00:17:17.888  1298  1311 W ActivityManager: SLOW OOM ADJ: 382ms for pid 1548 = 0
12-25 00:17:17.893  1298  1608 W art     : Long monitor contention event with owner method=int com.android.server.am.ActivityManagerService.bindService(android.app.IApplicationThread, android.os.IBinder, android.content.Intent, java.lang.String, android.app.IServiceConnection, int, java.lang.String, int) from ActivityManagerService.java:15911 waiters=0 for 385ms
12-25 00:17:18.148  2699  2797 W art     : Long monitor contention event with owner method=com.android.mail.preferences.MailPrefs com.android.mail.preferences.MailPrefs.get(android.content.Context) from MailPrefs.java:4294967295 waiters=1 for 514ms
12-25 00:17:18.200  2699  2699 W art     : Long monitor contention event with owner method=com.android.mail.preferences.MailPrefs com.android.mail.preferences.MailPrefs.get(android.content.Context) from MailPrefs.java:4294967295 waiters=2 for 646ms
12-25 00:17:18.761  1548  1548 V GmsNetworkLocationProvi: ENABLE
12-25 00:17:18.764  1548  2003 V GmsNetworkLocationProvi: onSetRequest: ProviderRequestUnbundled, reportLocation is true and interval is 86400000
12-25 00:17:18.768  1548  1548 V GmsNetworkLocationProvi: SET-REQUEST
12-25 00:17:18.768  1548  1548 V GmsNetworkLocationProvi: in Handler: ProviderRequestUnbundled, reportLocation is true and interval is 86400000
12-25 00:17:18.896  1298  1310 I AccountManagerService: getTypesVisibleToCaller: isPermitted? true
12-25 00:17:18.904  1298  1716 I AccountManagerService: getTypesVisibleToCaller: isPermitted? true
12-25 00:17:18.925  1298  1735 W ActivityManager: Unable to start service Intent { cmp=com.android.email/.service.AttachmentService } U=0: not found
12-25 00:17:19.019  1507  1507 I SystemBroadcastReceiver: Boot has been completed
12-25 00:17:19.019  1507  1507 I SystemBroadcastReceiver: toggleAppIcon() : FLAG_SYSTEM = true
12-25 00:17:19.055  1298  1716 I ActivityManager: Start proc 2830:com.google.android.apps.messaging/u0a43 for broadcast com.google.android.apps.messaging/.receiver.BootAndPackageReplacedReceiver
12-25 00:17:19.061  2830  2830 I art     : Late-enabling JIT
12-25 00:17:19.069  2830  2830 I art     : JIT created with code_cache_capacity=2MB compile_threshold=1000
12-25 00:17:19.174  1298  1738 W ActivityManager: Unable to start service Intent { cmp=com.android.email/.service.AttachmentService } U=0: not found
12-25 00:17:19.178  2699  2829 I Email   : Observing account changes for notifications
12-25 00:17:19.403  2778  2778 I Exchange: EasService.onCreate
12-25 00:17:19.461  1298  1310 I AccountManagerService: getTypesVisibleToCaller: isPermitted? true
12-25 00:17:19.462  1298  1608 I AccountManagerService: getTypesVisibleToCaller: isPermitted? true
12-25 00:17:19.475  2778  2858 I Exchange: RestartPingTask
12-25 00:17:19.561  1298  1572 I AccountManagerService: getTypesVisibleToCaller: isPermitted? true
12-25 00:17:19.569  1298  1309 I AccountManagerService: getTypesVisibleToCaller: isPermitted? true
12-25 00:17:19.600  2778  2778 I Exchange: RestartPingsTask did not start any pings.
12-25 00:17:19.600  2778  2778 I Exchange: PSS stopIfIdle
12-25 00:17:19.600  2778  2778 I Exchange: PSS has no active accounts; stopping service.
12-25 00:17:19.602  1298  1698 I AccountManagerService: getTypesVisibleToCaller: isPermitted? true
12-25 00:17:19.602  1298  1572 I AccountManagerService: getTypesVisibleToCaller: isPermitted? true
12-25 00:17:19.614  1298  1310 W ActivityManager: Unable to start service Intent { cmp=com.android.email/.service.AttachmentService } U=0: not found
12-25 00:17:19.623  2699  2699 E ActivityThread: Service com.android.email.service.EmailBroadcastProcessorService has leaked ServiceConnection com.android.emailcommon.service.ServiceProxy$ProxyConnection@d621e7b that was originally bound here
12-25 00:17:19.623  2699  2699 E ActivityThread: android.app.ServiceConnectionLeaked: Service com.android.email.service.EmailBroadcastProcessorService has leaked ServiceConnection com.android.emailcommon.service.ServiceProxy$ProxyConnection@d621e7b that was originally bound here
12-25 00:17:19.623  2699  2699 E ActivityThread: 	at android.app.LoadedApk$ServiceDispatcher.<init>(LoadedApk.java:1092)
12-25 00:17:19.623  2699  2699 E ActivityThread: 	at android.app.LoadedApk.getServiceDispatcher(LoadedApk.java:986)
12-25 00:17:19.623  2699  2699 E ActivityThread: 	at android.app.ContextImpl.bindServiceCommon(ContextImpl.java:1303)
12-25 00:17:19.623  2699  2699 E ActivityThread: 	at android.app.ContextImpl.bindService(ContextImpl.java:1286)
12-25 00:17:19.623  2699  2699 E ActivityThread: 	at android.content.ContextWrapper.bindService(ContextWrapper.java:604)
12-25 00:17:19.623  2699  2699 E ActivityThread: 	at com.android.emailcommon.service.ServiceProxy.setTask(ServiceProxy.java:181)
12-25 00:17:19.623  2699  2699 E ActivityThread: 	at com.android.emailcommon.service.ServiceProxy.test(ServiceProxy.java:224)
12-25 00:17:19.623  2699  2699 E ActivityThread: 	at com.android.email.service.EmailServiceUtils.isServiceAvailable(EmailServiceUtils.java:160)
12-25 00:17:19.623  2699  2699 E ActivityThread: 	at com.android.email.provider.AccountReconciler.reconcileAccountsInternal(AccountReconciler.java:171)
12-25 00:17:19.623  2699  2699 E ActivityThread: 	at com.android.email.provider.AccountReconciler.reconcileAccounts(AccountReconciler.java:115)
12-25 00:17:19.623  2699  2699 E ActivityThread: 	at com.android.email.service.EmailBroadcastProcessorService.reconcileAndStartServices(EmailBroadcastProcessorService.java:305)
12-25 00:17:19.623  2699  2699 E ActivityThread: 	at com.android.email.service.EmailBroadcastProcessorService.onBootCompleted(EmailBroadcastProcessorService.java:295)
12-25 00:17:19.623  2699  2699 E ActivityThread: 	at com.android.email.service.EmailBroadcastProcessorService.onHandleIntent(EmailBroadcastProcessorService.java:130)
12-25 00:17:19.623  2699  2699 E ActivityThread: 	at android.app.IntentService$ServiceHandler.handleMessage(IntentService.java:66)
12-25 00:17:19.623  2699  2699 E ActivityThread: 	at android.os.Handler.dispatchMessage(Handler.java:102)
12-25 00:17:19.623  2699  2699 E ActivityThread: 	at android.os.Looper.loop(Looper.java:148)
12-25 00:17:19.623  2699  2699 E ActivityThread: 	at android.os.HandlerThread.run(HandlerThread.java:61)
12-25 00:17:19.710  2699  2797 E EmailServiceProxy: RuntimeException when trying to unbind from service
12-25 00:17:19.710  2699  2797 E EmailServiceProxy: java.lang.IllegalArgumentException: Service not registered: com.android.emailcommon.service.ServiceProxy$ProxyConnection@d621e7b
12-25 00:17:19.710  2699  2797 E EmailServiceProxy: 	at android.app.LoadedApk.forgetServiceDispatcher(LoadedApk.java:1044)
12-25 00:17:19.710  2699  2797 E EmailServiceProxy: 	at android.app.ContextImpl.unbindService(ContextImpl.java:1337)
12-25 00:17:19.710  2699  2797 E EmailServiceProxy: 	at android.content.ContextWrapper.unbindService(ContextWrapper.java:616)
12-25 00:17:19.710  2699  2797 E EmailServiceProxy: 	at com.android.emailcommon.service.ServiceProxy$ProxyConnection$1.doInBackground(ServiceProxy.java:124)
12-25 00:17:19.710  2699  2797 E EmailServiceProxy: 	at com.android.emailcommon.service.ServiceProxy$ProxyConnection$1.doInBackground(ServiceProxy.java:113)
12-25 00:17:19.710  2699  2797 E EmailServiceProxy: 	at android.os.AsyncTask$2.call(AsyncTask.java:295)
12-25 00:17:19.710  2699  2797 E EmailServiceProxy: 	at java.util.concurrent.FutureTask.run(FutureTask.java:237)
12-25 00:17:19.710  2699  2797 E EmailServiceProxy: 	at android.os.AsyncTask$SerialExecutor$1.run(AsyncTask.java:234)
12-25 00:17:19.710  2699  2797 E EmailServiceProxy: 	at java.util.concurrent.ThreadPoolExecutor.runWorker(ThreadPoolExecutor.java:1113)
12-25 00:17:19.710  2699  2797 E EmailServiceProxy: 	at java.util.concurrent.ThreadPoolExecutor$Worker.run(ThreadPoolExecutor.java:588)
12-25 00:17:19.710  2699  2797 E EmailServiceProxy: 	at java.lang.Thread.run(Thread.java:818)
12-25 00:17:19.722  2778  2778 I Exchange: onDestroy
12-25 00:17:19.743  1718  2336 W MediaScanner: Error opening directory '/oem/media/', skipping: No such file or directory.
12-25 00:17:19.951  1851  2865 I iu.UploadsManager: #reloadSettings(); account: -1; IU: disabled; IS: disabled; IS account: -1; photoWiFi: true; videoWiFi: true; roam: false; battery: true; size: FULL; maxMobile: 157286400
12-25 00:17:20.053  1851  2865 I iu.UploadsManager: End new media; added: 0, uploading: 0, time: 102 ms
12-25 00:17:20.122  2699  2710 W art     : Suspending all threads took: 31.004ms
12-25 00:17:20.203  2699  2796 I art     : Waiting for a blocking GC DisableMovingGc
12-25 00:17:20.221  2699  2796 I art     : WaitForGcToComplete blocked for 21.762ms for cause DisableMovingGc
12-25 00:17:20.222  2699  2796 I art     : Starting a blocking GC DisableMovingGc
12-25 00:17:20.233  1718  2336 W MediaScanner: Error opening directory '/storage/080C-1309/.android_secure/', skipping: Permission denied.
12-25 00:17:20.315  1718  2336 V MediaScanner: pruneDeadThumbnailFiles... android.database.sqlite.SQLiteCursor@74694f1
12-25 00:17:20.318  1718  2336 V MediaScanner: /pruneDeadThumbnailFiles... android.database.sqlite.SQLiteCursor@74694f1
12-25 00:17:20.364  2830  2830 W System  : ClassLoader referenced unknown path: /system/app/PrebuiltBugle/lib/x86
12-25 00:17:22.270  1298  1698 I MediaFocusControl:  AudioFocus  abandonAudioFocus() from android.media.AudioManager@c5c9205com.android.music.MediaPlaybackService$3@cc5e25a
12-25 00:17:22.284  1298  1716 I ActivityManager: Killing 1377:com.android.externalstorage/u0a6 (adj 15): empty #17
12-25 00:17:22.517  1851  2403 I CheckinService: Done disabling old GoogleServicesFramework version
12-25 00:17:22.549  1298  1313 W art     : Long monitor contention event with owner method=void com.android.server.am.ActivityManagerService.serviceDoneExecuting(android.os.IBinder, int, int, int) from ActivityManagerService.java:15949 waiters=0 for 264ms
12-25 00:17:23.656  2830  2830 W VideoCapabilities: Unrecognized profile/level 0/0 for video/mpeg2
12-25 00:17:23.656  2830  2830 W VideoCapabilities: Unrecognized profile/level 0/2 for video/mpeg2
12-25 00:17:23.656  2830  2830 W VideoCapabilities: Unrecognized profile/level 0/3 for video/mpeg2
12-25 00:17:23.664  2830  2830 I VideoCapabilities: Unsupported profile 4 for video/mp4v-es
12-25 00:17:24.052  2830  2934 I Bugle   : ApnsOta: OTA version -1
12-25 00:17:24.275  2830  2934 W Bugle   : canonicalizeMccMnc: invalid mccmnc:null ,null
12-25 00:17:24.352  1559  1618 I art     : Background sticky concurrent mark sweep GC freed 4820(348KB) AllocSpace objects, 3(48KB) LOS objects, 24% free, 1775KB/2MB, paused 5.402ms total 47.119ms
12-25 00:17:24.352  1739  2116 D GCM     : GcmService start Intent { act=com.google.android.gms.INITIALIZE flg=0x10 pkg=com.google.android.gms cmp=com.google.android.gms/.gcm.GcmService } com.google.android.gms.INITIALIZE
12-25 00:17:24.370  1739  1739 D AuthorizationBluetoothService: Received GmsCore event: Intent { act=com.google.android.gms.INITIALIZE flg=0x10 pkg=com.google.android.gms cmp=com.google.android.gms/.auth.be.proximity.authorization.bt.AuthorizationBluetoothService$AutoStarter }.
12-25 00:17:24.425  2830  2830 I Bugle   : Carrier config changed. Reloading MMS config.
12-25 00:17:24.429  2830  2830 I BugleUsageStatistics: PlayLogger.onLoggerConnected
12-25 00:17:24.439  1739  1739 V GLSActivity: AuthDelegateWrapperCreated with selected intent: Intent { cmp=com.google.android.gms/.auth.DefaultAuthDelegateService }
12-25 00:17:24.439  1739  1739 V GLSActivity: AuthDelegateWrapperCreated with selected intent: Intent { cmp=com.google.android.gms/.auth.DefaultAuthDelegateService }
12-25 00:17:24.441  1298  1735 I AccountManagerService: getTypesVisibleToCaller: isPermitted? true
12-25 00:17:24.441  1298  1856 I AccountManagerService: getTypesVisibleToCaller: isPermitted? true
12-25 00:17:24.441  1298  1572 I AccountManagerService: getTypesVisibleToCaller: isPermitted? true
12-25 00:17:24.494  1851  1851 V GmsCoreStatsServiceLauncher: Received broadcast intent Intent { act=com.google.android.gms.INITIALIZE flg=0x10 pkg=com.google.android.gms cmp=com.google.android.gms/.common.stats.GmsCoreStatsServiceLauncher }
12-25 00:17:24.525  1940  1940 D WearableService: callingUid 10007, callindPid: 1940
12-25 00:17:24.534  1548  2947 E MDM     : [78] b.run: Couldn't connect to Google API client: ConnectionResult{statusCode=API_UNAVAILABLE, resolution=null, message=null}
12-25 00:17:24.553  2830  2941 I BugleDataModel: Fixup: Send failed - 0 Download failed - 0
12-25 00:17:24.624  1298  1309 D MmsServiceBroker: getCarrierConfigValues() by com.google.android.apps.messaging
12-25 00:17:24.624  1298  1309 W MmsServiceBroker: MmsService not connected. Try connecting...
12-25 00:17:24.625  1298  1298 I MmsServiceBroker: Connecting to MmsService
12-25 00:17:24.625  1298  1298 W ContextImpl: Calling a method in the system process without a qualified user: android.app.ContextImpl.bindService:1285 com.android.server.MmsServiceBroker.tryConnecting:240 com.android.server.MmsServiceBroker.-wrap3:-1 com.android.server.MmsServiceBroker$1.handleMessage:82 android.os.Handler.dispatchMessage:102 
12-25 00:17:24.673  1559  1559 W System  : ClassLoader referenced unknown path: /system/priv-app/MmsService/lib/x86
12-25 00:17:24.675  1559  1559 D MmsService: onCreate
12-25 00:17:24.676  1298  1298 I MmsServiceBroker: MmsService connected
12-25 00:17:24.677  1559  1619 D MmsService: getCarrierConfigValues
12-25 00:17:24.678  1559  1619 I MmsService: mms config for sub 1: null
12-25 00:17:24.681  1559  2951 I MmsService: MmsConfigManager loads in background mcc/mnc: 310/260
12-25 00:17:24.735  2830  2934 I Bugle   : Carrier configs loaded: Bundle[{maxImageHeight=1944, maxMessageSize=1048576, maxImageWidth=2592}] from resources+system for subId=1
12-25 00:17:24.735  2830  2935 W art     : Long monitor contention event with owner method=boolean android.os.BinderProxy.transactNative(int, android.os.Parcel, android.os.Parcel, int) from Binder.java:4294967294 waiters=0 for 621ms
12-25 00:17:24.819  2830  2935 W Bugle   : canonicalizeMccMnc: invalid mccmnc:null ,null
12-25 00:17:24.854  1298  1738 D MmsServiceBroker: getCarrierConfigValues() by com.google.android.apps.messaging
12-25 00:17:24.855  1559  1619 D MmsService: getCarrierConfigValues
12-25 00:17:24.855  1559  1619 I MmsService: mms config for sub 1: Bundle[{httpSocketTimeout=60000, aliasMinChars=2, smsToMmsTextThreshold=-1, enableSMSDeliveryReports=true, maxMessageTextSize=-1, supportMmsContentDisposition=true, enabledTransID=false, aliasEnabled=false, supportHttpCharsetHeader=false, allowAttachAudio=true, smsToMmsTextLengthThreshold=-1, recipientLimit=2147483647, uaProfTagName=x-wap-profile, aliasMaxChars=48, maxImageHeight=480, enableMMSDeliveryReports=false, userAgent=, config_cellBroadcastAppLinks=true, maxSubjectLength=40, httpParams=, enableGroupMms=true, emailGatewayNumber=, maxMessageSize=307200, naiSuffix=, enableMMSReadReports=false, maxImageWidth=640, uaProfUrl=, enabledMMS=true, enabledNotifyWapMMSC=false, sendMultipartSmsAsSeparateMessages=false, enableMultipartSMS=true}]
12-25 00:17:24.867  1739  2391 D GCM     : GcmService start Intent { act=com.google.android.gms.INITIALIZE flg=0x10 pkg=com.google.android.gms cmp=com.google.android.gms/.gcm.GcmService } com.google.android.gms.INITIALIZE
12-25 00:17:24.885  2830  2935 I Bugle   : Carrier configs loaded: Bundle[{httpSocketTimeout=60000, aliasMinChars=2, smsToMmsTextThreshold=-1, enableSMSDeliveryReports=true, maxMessageTextSize=-1, supportMmsContentDisposition=true, enabledTransID=false, aliasEnabled=false, supportHttpCharsetHeader=false, allowAttachAudio=true, smsToMmsTextLengthThreshold=-1, recipientLimit=2147483647, uaProfTagName=x-wap-profile, aliasMaxChars=48, maxImageHeight=480, enableMMSDeliveryReports=false, userAgent=, config_cellBroadcastAppLinks=true, maxSubjectLength=40, httpParams=, enableGroupMms=true, emailGatewayNumber=, maxMessageSize=307200, naiSuffix=, enableMMSReadReports=false, maxImageWidth=640, uaProfUrl=, enabledMMS=true, enabledNotifyWapMMSC=false, sendMultipartSmsAsSeparateMessages=false, enableMultipartSMS=true}] from resources+system for subId=1
12-25 00:17:24.894  2830  2935 I art     : Note: end time exceeds epoch: 
12-25 00:17:24.908  1851  2950 D LocationInitializer: Restart initialization of location
12-25 00:17:24.967  1739  1739 D AuthorizationBluetoothService: Received GmsCore event: Intent { act=com.google.android.gms.INITIALIZE flg=0x10 pkg=com.google.android.gms cmp=com.google.android.gms/.auth.be.proximity.authorization.bt.AuthorizationBluetoothService$AutoStarter }.
12-25 00:17:25.158  1298  1738 I AccountManagerService: getTypesVisibleToCaller: isPermitted? true
12-25 00:17:25.164  1739  1739 V GLSActivity: AuthDelegateWrapperCreated with selected intent: Intent { cmp=com.google.android.gms/.auth.DefaultAuthDelegateService }
12-25 00:17:25.175  1298  1428 I AccountManagerService: getTypesVisibleToCaller: isPermitted? true
12-25 00:17:25.197  1298  1698 I AccountManagerService: getTypesVisibleToCaller: isPermitted? true
12-25 00:17:25.198  1298  1716 I AccountManagerService: getTypesVisibleToCaller: isPermitted? true
12-25 00:17:25.255  1851  1851 V GmsCoreStatsServiceLauncher: Received broadcast intent Intent { act=com.google.android.gms.INITIALIZE flg=0x10 pkg=com.google.android.gms cmp=com.google.android.gms/.common.stats.GmsCoreStatsServiceLauncher }
12-25 00:17:25.311  1548  2123 E MDM     : [71] b.run: Couldn't connect to Google API client: ConnectionResult{statusCode=API_UNAVAILABLE, resolution=null, message=null}
12-25 00:17:25.374  1739  2046 W art     : Long monitor contention event with owner method=long android.os.SystemClock.uptimeMillis() from SystemClock.java:4294967294 waiters=0 for 212ms
12-25 00:17:25.536  1851  2968 D LocationInitializer: Restart initialization of location
12-25 00:17:25.664  2192  2204 W art     : Suspending all threads took: 28.130ms
12-25 00:17:25.710  1739  2116 D GCM     : GcmService start Intent { act=com.google.android.gms.INITIALIZE flg=0x10 pkg=com.google.android.gms cmp=com.google.android.gms/.gcm.GcmService } com.google.android.gms.INITIALIZE
12-25 00:17:25.711  1739  1739 D AuthorizationBluetoothService: Received GmsCore event: Intent { act=com.google.android.gms.INITIALIZE flg=0x10 pkg=com.google.android.gms cmp=com.google.android.gms/.auth.be.proximity.authorization.bt.AuthorizationBluetoothService$AutoStarter }.
12-25 00:17:25.744  1298  1738 I AccountManagerService: getTypesVisibleToCaller: isPermitted? true
12-25 00:17:25.791  1739  1739 V GLSActivity: AuthDelegateWrapperCreated with selected intent: Intent { cmp=com.google.android.gms/.auth.DefaultAuthDelegateService }
12-25 00:17:25.793  1739  1739 V GLSActivity: AuthDelegateWrapperCreated with selected intent: Intent { cmp=com.google.android.gms/.auth.DefaultAuthDelegateService }
12-25 00:17:25.804  2830  2978 I BugleDataModel: SyncMessagesAction: Starting batch for messages from 1450994192847 to 1451027843890 (message update limit = 80, message scan limit = 4000)
12-25 00:17:25.906  1298  1734 I AccountManagerService: getTypesVisibleToCaller: isPermitted? true
12-25 00:17:25.908  1298  1428 I AccountManagerService: getTypesVisibleToCaller: isPermitted? true
12-25 00:17:25.908  1298  1572 I AccountManagerService: getTypesVisibleToCaller: isPermitted? true
12-25 00:17:25.913  1851  1851 V GmsCoreStatsServiceLauncher: Received broadcast intent Intent { act=com.google.android.gms.INITIALIZE flg=0x10 pkg=com.google.android.gms cmp=com.google.android.gms/.common.stats.GmsCoreStatsServiceLauncher }
12-25 00:17:25.961  1548  2947 E MDM     : [78] b.run: Couldn't connect to Google API client: ConnectionResult{statusCode=API_UNAVAILABLE, resolution=null, message=null}
12-25 00:17:26.059  1851  2980 D LocationInitializer: Restart initialization of location
12-25 00:17:26.123  1298  1572 I AccountManagerService: getTypesVisibleToCaller: isPermitted? true
12-25 00:17:26.168  2830  2841 W art     : Suspending all threads took: 59.789ms
12-25 00:17:26.489  2830  2941 I BugleDataModel: SyncMessagesAction: All messages now in sync
12-25 00:17:26.545  1298  1698 I AccountManagerService: getTypesVisibleToCaller: isPermitted? true
12-25 00:17:26.549  1851  1851 E MDM     : [1] SitrepService.a: No Google accounts; deferring server state update.
12-25 00:17:26.703  1851  2653 I Icing   : Storage manager: low false usage 1.46MB avail 392.48MB capacity 541.34MB
12-25 00:17:26.737  2192  2204 W art     : Suspending all threads took: 10.010ms
12-25 00:17:26.803  1298  1304 I art     : Background partial concurrent mark sweep GC freed 29513(1919KB) AllocSpace objects, 8(244KB) LOS objects, 33% free, 7MB/10MB, paused 2.502ms total 1.323s
12-25 00:17:26.862  1851  3002 I iu.SyncManager: SYNC; picasa accounts
12-25 00:17:27.110  1851  1864 W art     : Suspending all threads took: 145.872ms
12-25 00:17:27.231  2192  2204 W art     : Suspending all threads took: 12.319ms
12-25 00:17:27.411  1851  1851 D NetworkLogImpl: Loaded NetworkSpeedPredictor
12-25 00:17:27.417  1851  1851 I iu.Environment: update connectivity state; isNetworkMetered? true*, isRoaming? false, isBackgroundDataAllowed? true*
12-25 00:17:27.423  1851  3002 I iu.UploadsManager: num queued entries: 0
12-25 00:17:27.423  1851  3002 I iu.UploadsManager: num updated entries: 0
12-25 00:17:27.424  1851  3002 I iu.SyncManager: NEXT; no task
12-25 00:17:27.586  1851  1851 D ChimeraCfgMgr: Loading module com.google.android.gms.kids from APK com.google.android.gms
12-25 00:17:27.616  1851  1851 D ChimeraCfgMgr: Loading module com.google.android.gms.kids from APK com.google.android.gms
12-25 00:17:27.665  1298  1856 I AccountManagerService: getTypesVisibleToCaller: isPermitted? true
12-25 00:17:27.666  1298  1310 I AccountManagerService: getTypesVisibleToCaller: isPermitted? true
12-25 00:17:27.671  1739  1739 V GLSActivity: AuthDelegateWrapperCreated with selected intent: Intent { cmp=com.google.android.gms/.auth.DefaultAuthDelegateService }
12-25 00:17:27.716  1298  1428 I AccountManagerService: getTypesVisibleToCaller: isPermitted? true
12-25 00:17:27.724  1739  1739 V GLSActivity: AuthDelegateWrapperCreated with selected intent: Intent { cmp=com.google.android.gms/.auth.DefaultAuthDelegateService }
12-25 00:17:28.174  1548  1548 I GCoreUlr: Starting service, intent=Intent { act=com.google.android.location.reporting.ACTION_UPDATE_WORLD cmp=com.google.android.gms/com.google.android.location.reporting.service.DispatchingService (has extras) }, extras=Bundle[{receiverAction=com.google.android.location.internal.server.ACTION_RESTARTED}]
12-25 00:17:28.178  1548  1548 I GCoreUlr: DispatchingService.onCreate()
12-25 00:17:28.453  1739  1739 V GLSActivity: AuthDelegateWrapperCreated with selected intent: Intent { cmp=com.google.android.gms/.auth.DefaultAuthDelegateService }
12-25 00:17:28.456  1739  1739 I GLSUser : [ChannelManager] Attempting to channel bind connection HttpClient.
12-25 00:17:28.488  1739  1739 I GLSUser : [ChannelManager] Checking whether channelId is enabled. isEnabledGmsCore? false, isEnabledSdk? true, isAtLeastKitKat? true
12-25 00:17:28.490  1739  1739 W GLSUser : [DeviceKeyStore] Cannot load key: Device key file not found.
12-25 00:17:28.745  1298  1738 I ActivityManager: Start proc 3045:com.google.android.gms.unstable/u0a7 for service com.google.android.gms/.droidguard.DroidGuardService
12-25 00:17:28.808  3045  3045 I art     : Late-enabling JIT
12-25 00:17:28.810  3045  3045 I art     : JIT created with code_cache_capacity=2MB compile_threshold=1000
12-25 00:17:28.940  3045  3045 W System  : ClassLoader referenced unknown path: /system/priv-app/PrebuiltGmsCore/lib/x86
12-25 00:17:28.955  3045  3045 I MultiDex: VM with version 2.1.0 has multidex support
12-25 00:17:28.956  3045  3045 I MultiDex: install
12-25 00:17:28.956  3045  3045 I MultiDex: VM has multidex support, MultiDex support library is disabled.
12-25 00:17:28.961  1739  1739 I GoogleURLConnFactory: Using platform SSLCertificateSocketFactory
12-25 00:17:29.038  1739  1739 E NetworkScheduler.SchedulerReceiver: Invalid parameter app
12-25 00:17:29.038  1739  1739 E NetworkScheduler.SchedulerReceiver: Invalid package name : Perhaps you didn't include a PendingIntent in the extras?
12-25 00:17:29.116  1851  3066 D PackageBroadcastService: Received broadcast action=android.intent.action.PACKAGE_REMOVED and uri=zeljkok.autumnsky.hikeswithaview
12-25 00:17:29.195  1851  1851 I ConfigFetchService: onStartCommand Intent { act=android.intent.action.PACKAGE_REMOVED dat=package:zeljkok.autumnsky.hikeswithaview cmp=com.google.android.gms/.config.ConfigFetchService (has extras) }
12-25 00:17:29.224  1298  1572 I AccountManagerService: getTypesVisibleToCaller: isPermitted? true
12-25 00:17:29.301  3045  3056 I art     : Background sticky concurrent mark sweep GC freed 12193(632KB) AllocSpace objects, 2(40KB) LOS objects, 0% free, 3MB/3MB, paused 2.163ms total 225.531ms
12-25 00:17:29.334  3045  3045 V JNIHelp : Registering com/google/android/gms/org/conscrypt/NativeCrypto's 240 native methods...
12-25 00:17:29.355  1851  1851 D ChimeraCfgMgr: Loading module com.google.android.gms.games from APK com.google.android.gms
12-25 00:17:29.357  1298  1312 I ActivityManager: Waited long enough for: ServiceRecord{ae86c6e u0 com.android.calendar/.alerts.InitAlarmsService}
12-25 00:17:29.495  3045  3056 I art     : Background partial concurrent mark sweep GC freed 11805(872KB) AllocSpace objects, 0(0B) LOS objects, 39% free, 3MB/5MB, paused 30.025ms total 153.487ms
12-25 00:17:29.500  3045  3045 I ProviderInstaller: Installed default security provider GmsCore_OpenSSL
12-25 00:17:29.662  3045  3078 D NativeLibraryUtils: Install completed successfully. count=13 extracted=0
12-25 00:17:29.719  2155  2155 W ContextImpl: Calling a method in the system process without a qualified user: android.app.ContextImpl.startService:1221 android.content.ContextWrapper.startService:581 android.content.ContextWrapper.startService:581 com.android.keychain.KeyChainBroadcastReceiver.onReceive:12 android.app.ActivityThread.handleReceiver:2725 
12-25 00:17:30.244  1851  3087 I iu.UploadsManager: End new media; added: 0, uploading: 0, time: 419 ms
12-25 00:17:30.299  1298  1608 I AccountManagerService: getTypesVisibleToCaller: isPermitted? true
12-25 00:17:30.355   965  1280 D WVCdm   : Instantiating CDM.
12-25 00:17:30.364  1739  1750 I art     : Background sticky concurrent mark sweep GC freed 10209(1262KB) AllocSpace objects, 1(20KB) LOS objects, 16% free, 5MB/6MB, paused 508us total 184.696ms
12-25 00:17:30.380  3045  3057 I GoogleURLConnFactory: Using platform SSLCertificateSocketFactory
12-25 00:17:30.414   965   965 I WVCdm   : CdmEngine::OpenSession
12-25 00:17:30.441   965   965 I WVCdm   : Level3 Library Sep 28 2015 13:08:28
12-25 00:17:30.523   965   965 W WVCdm   : Could not read /data/mediadrm/IDM1013/ay64.dat2: No such file or directory
12-25 00:17:30.523   965   965 W WVCdm   : Could not load liboemcrypto.so. Falling back to L3.  dlopen failed: library "liboemcrypto.so" not found
12-25 00:17:30.623   965   965 I WVCdm   : CdmEngine::QueryKeyControlInfo
12-25 00:17:30.623   965  1558 W WVCdm   : BufferReader::Read<T> : Failure during parse: Not enough bytes (4)
12-25 00:17:30.623   965  1558 W WVCdm   : CdmEngine::ExtractWidevinePssh: Unable to read atom size.
12-25 00:17:30.623   965  1558 I WVCdm   : CdmEngine::GenerateKeyRequest
12-25 00:17:30.624   965  1558 D WVCdm   : PrepareKeyRequest: nonce=1470084999
12-25 00:17:30.662  1739  3095 I PhenotypeFlagCommitter: Experiment Configs successfully retrieved for com.google.android.gms.playlog.uploader
12-25 00:17:30.663  1739  3095 I GoogleURLConnFactory: Using platform SSLCertificateSocketFactory
12-25 00:17:30.763   965  1280 I WVCdm   : CdmEngine::CloseSession
12-25 00:17:30.771  1298  1735 I AccountManagerService: getTypesVisibleToCaller: isPermitted? true
12-25 00:17:30.771  1739  3095 W Uploader:  no longer exists, so no auth token.
12-25 00:17:31.381  1851  3122 D PackageBroadcastService: Received broadcast action=android.intent.action.PACKAGE_ADDED and uri=zeljkok.autumnsky.hikeswithaview
12-25 00:17:31.382  1851  1851 D ChimeraCfgMgr: Loading module com.google.android.gms.games from APK com.google.android.gms
12-25 00:17:31.391  1851  1851 I ConfigFetchService: onStartCommand Intent { act=android.intent.action.PACKAGE_ADDED dat=package:zeljkok.autumnsky.hikeswithaview cmp=com.google.android.gms/.config.ConfigFetchService (has extras) }
12-25 00:17:31.392  1851  1851 I ConfigFetchService: launchTask
12-25 00:17:31.435  1851  1851 I ConfigFetchService: service connected
12-25 00:17:31.505  1739  3036 W System.err: java.lang.Exception: Error converting session
12-25 00:17:31.506  1739  3036 W System.err: 	at com.google.android.gms.org.conscrypt.a.log(SourceFile:302)
12-25 00:17:31.506  1739  3036 W System.err: 	at com.google.android.gms.org.conscrypt.a.toSession(SourceFile:268)
12-25 00:17:31.506  1739  3036 W System.err: 	at com.google.android.gms.org.conscrypt.ClientSessionContext.getSession(SourceFile:87)
12-25 00:17:31.506  1739  3036 W System.err: 	at com.google.android.gms.org.conscrypt.SSLParametersImpl.getCachedClientSession(SourceFile:711)
12-25 00:17:31.544  1851  1851 D ChimeraCfgMgr: Loading module com.google.android.gms.vision from APK com.google.android.gms
12-25 00:17:31.556  1739  3036 W System.err: 	at com.google.android.gms.org.conscrypt.SSLParametersImpl.getSessionToReuse(SourceFile:377)
12-25 00:17:31.556  1739  3036 W System.err: 	at com.google.android.gms.org.conscrypt.OpenSSLSocketImpl.startHandshake(SourceFile:296)
12-25 00:17:31.563  1851  1851 D ConfigFetchService: ConfigApi connection successful.
12-25 00:17:31.588  1739  3036 W System.err: 	at com.google.android.gms.common.net.SSLCertificateSocketFactory.a(SourceFile:258)
12-25 00:17:31.588  1739  3036 W System.err: 	at com.google.android.gms.common.net.SSLCertificateSocketFactory.createSocket(SourceFile:558)
12-25 00:17:31.588  1739  3036 W System.err: 	at com.android.okhttp.internal.http.SocketConnector.connectTls(SocketConnector.java:89)
12-25 00:17:31.588  1739  3036 W System.err: 	at com.android.okhttp.Connection.connect(Connection.java:143)
12-25 00:17:31.588  1739  3036 W System.err: 	at com.android.okhttp.Connection.connectAndSetOwner(Connection.java:185)
12-25 00:17:31.588  1739  3036 W System.err: 	at com.android.okhttp.OkHttpClient$1.connectAndSetOwner(OkHttpClient.java:128)
12-25 00:17:31.588  1739  3036 W System.err: 	at com.android.okhttp.internal.http.HttpEngine.nextConnection(HttpEngine.java:341)
12-25 00:17:31.588  1739  3036 W System.err: 	at com.android.okhttp.internal.http.HttpEngine.connect(HttpEngine.java:330)
12-25 00:17:31.588  1739  3036 W System.err: 	at com.android.okhttp.internal.http.HttpEngine.sendRequest(HttpEngine.java:248)
12-25 00:17:31.588  1739  3036 W System.err: 	at com.android.okhttp.internal.huc.HttpURLConnectionImpl.execute(HttpURLConnectionImpl.java:433)
12-25 00:17:31.588  1739  3036 W System.err: 	at com.android.okhttp.internal.huc.HttpURLConnectionImpl.connect(HttpURLConnectionImpl.java:114)
12-25 00:17:31.589  1739  3036 W System.err: 	at com.android.okhttp.internal.huc.HttpURLConnectionImpl.getOutputStream(HttpURLConnectionImpl.java:245)
12-25 00:17:31.589  1739  3036 W System.err: 	at com.android.okhttp.internal.huc.DelegatingHttpsURLConnection.getOutputStream(DelegatingHttpsURLConnection.java:218)
12-25 00:17:31.589  1739  3036 W System.err: 	at com.android.okhttp.internal.huc.HttpsURLConnectionImpl.getOutputStream(HttpsURLConnectionImpl.java)
12-25 00:17:31.589  1739  3036 W System.err: 	at com.google.android.gms.http.GoogleHttpClient.a(SourceFile:933)
12-25 00:17:31.589  1739  3036 W System.err: 	at com.google.android.gms.http.GoogleHttpClient.a(SourceFile:775)
12-25 00:17:31.589  1739  3036 W System.err: 	at com.google.android.gms.http.GoogleHttpClient.execute(SourceFile:676)
12-25 00:17:31.589  1739  3036 W System.err: 	at com.google.android.gms.http.GoogleHttpClient.execute(SourceFile:660)
12-25 00:17:31.589  1739  3036 W System.err: 	at com.google.android.gms.auth.be.j.a(SourceFile:220)
12-25 00:17:31.589  1739  3036 W System.err: 	at com.google.android.gms.auth.be.appcert.a.a(SourceFile:263)
12-25 00:17:31.589  1739  3036 W System.err: 	at com.google.android.gms.auth.be.appcert.a.a(SourceFile:132)
12-25 00:17:31.589  1739  3036 W System.err: 	at com.google.android.gms.auth.be.appcert.b.a(SourceFile:43)
12-25 00:17:31.589  1739  3036 W System.err: 	at com.google.android.gms.auth.b.b.a(SourceFile:62)
12-25 00:17:31.589  1739  3036 W System.err: 	at com.google.android.gms.auth.b.a.a(SourceFile:120)
12-25 00:17:31.589  1739  3036 W System.err: 	at com.google.android.gms.auth.b.a.a(SourceFile:61)
12-25 00:17:31.589  1739  3036 W System.err: 	at com.google.android.gms.auth.be.cron.AuthCronService.a(SourceFile:44)
12-25 00:17:31.589  1739  3036 W System.err: 	at com.google.android.gms.gcm.al.run(SourceFile:135)
12-25 00:17:31.590  1739  3036 W System.err: Caused by: java.io.IOException: Invalid session data
12-25 00:17:31.590  1739  3036 W System.err: 	at com.google.android.gms.org.conscrypt.OpenSSLSessionImpl.<init>(SourceFile:88)
12-25 00:17:31.590  1739  3036 W System.err: 	at com.google.android.gms.org.conscrypt.a.toSession(SourceFile:267)
12-25 00:17:31.590  1739  3036 W System.err: 	... 31 more
12-25 00:17:31.607  1298  1309 I ActivityManager: Start proc 3132:com.svox.pico/u0a42 for broadcast com.svox.pico/.VoiceDataInstallerReceiver
12-25 00:17:31.627  3132  3132 I art     : Late-enabling JIT
12-25 00:17:31.630  3132  3132 I art     : JIT created with code_cache_capacity=2MB compile_threshold=1000
12-25 00:17:31.676  1851  3127 I PeopleContactsSync: CP2 sync disabled
12-25 00:17:31.800  1851  3125 V ConfigFetchTask: ConfigFetchTask getDeviceDataVersionInfo(): ABFEt1UUHGvuOL5gycBoMJL5SFmTfe576LPUQv7bIzPHzqM3l9MCiRVCRyJia2RLK2RDm9MvVhC_6FLdiQAdEk1w2W_NZIRiv6DBZpyaqTUK-DOtRwup4nhtg6hOlbbURtDKG3kd15nYTDCHcb51ny1oN00NWio_QdMzlQguSo9gGKueXP80WDaF45uQ1wbVWH_OQPVXO83c0PAGRlLOurpdoU-chUfUk8v_3axAHMFItdFBZ-s19hhcdXjLyj_gAvzm2nlevM8kaaFwUv-VgfsW8NL5sDlONnCvmn0HNgJ7JejwnUW8LVA
12-25 00:17:31.927  2830  2913 I art     : Waiting for a blocking GC DisableMovingGc
12-25 00:17:31.995  1739  3036 W GLSUser : [AppCertManager] IOException while requesting key: 
12-25 00:17:31.995  1739  3036 W GLSUser : java.io.IOException: Invalid device key response.
12-25 00:17:31.995  1739  3036 W GLSUser : 	at com.google.android.gms.auth.be.appcert.a.a(SourceFile:268)
12-25 00:17:31.995  1739  3036 W GLSUser : 	at com.google.android.gms.auth.be.appcert.a.a(SourceFile:132)
12-25 00:17:31.995  1739  3036 W GLSUser : 	at com.google.android.gms.auth.be.appcert.b.a(SourceFile:43)
12-25 00:17:31.995  1739  3036 W GLSUser : 	at com.google.android.gms.auth.b.b.a(SourceFile:62)
12-25 00:17:31.995  1739  3036 W GLSUser : 	at com.google.android.gms.auth.b.a.a(SourceFile:120)
12-25 00:17:31.995  1739  3036 W GLSUser : 	at com.google.android.gms.auth.b.a.a(SourceFile:61)
12-25 00:17:31.995  1739  3036 W GLSUser : 	at com.google.android.gms.auth.be.cron.AuthCronService.a(SourceFile:44)
12-25 00:17:31.995  1739  3036 W GLSUser : 	at com.google.android.gms.gcm.al.run(SourceFile:135)
12-25 00:17:32.040  2830  2913 I art     : WaitForGcToComplete blocked for 113.735ms for cause DisableMovingGc
12-25 00:17:32.040  2830  2913 I art     : Starting a blocking GC DisableMovingGc
12-25 00:17:32.048  1298  1608 D CountryDetector: The first listener is added
12-25 00:17:32.316  1548  3032 I GCoreUlr: WorldUpdater received intent Intent { act=com.google.android.location.reporting.ACTION_UPDATE_WORLD cmp=com.google.android.gms/com.google.android.location.reporting.service.DispatchingService (has extras) } with receiverAction com.google.android.location.internal.server.ACTION_RESTARTED
12-25 00:17:32.327  2830  2841 W art     : Suspending all threads took: 51.368ms
12-25 00:17:32.545  2830  2913 W Bugle   : canonicalizeMccMnc: invalid mccmnc:null ,null
12-25 00:17:32.550  1298  1698 D MmsServiceBroker: getCarrierConfigValues() by com.google.android.apps.messaging
12-25 00:17:32.550  1559  1867 D MmsService: getCarrierConfigValues
12-25 00:17:32.551  1559  1867 I MmsService: mms config for sub 1: Bundle[{httpSocketTimeout=60000, aliasMinChars=2, smsToMmsTextThreshold=-1, enableSMSDeliveryReports=true, maxMessageTextSize=-1, supportMmsContentDisposition=true, enabledTransID=false, aliasEnabled=false, supportHttpCharsetHeader=false, allowAttachAudio=true, smsToMmsTextLengthThreshold=-1, recipientLimit=2147483647, uaProfTagName=x-wap-profile, aliasMaxChars=48, maxImageHeight=480, enableMMSDeliveryReports=false, userAgent=, config_cellBroadcastAppLinks=true, maxSubjectLength=40, httpParams=, enableGroupMms=true, emailGatewayNumber=, maxMessageSize=307200, naiSuffix=, enableMMSReadReports=false, maxImageWidth=640, uaProfUrl=, enabledMMS=true, enabledNotifyWapMMSC=false, sendMultipartSmsAsSeparateMessages=false, enableMultipartSMS=true}]
12-25 00:17:32.559  2830  2913 I Bugle   : Carrier configs loaded: Bundle[{httpSocketTimeout=60000, aliasMinChars=2, smsToMmsTextThreshold=-1, enableSMSDeliveryReports=true, maxMessageTextSize=-1, supportMmsContentDisposition=true, enabledTransID=false, aliasEnabled=false, supportHttpCharsetHeader=false, allowAttachAudio=true, smsToMmsTextLengthThreshold=-1, recipientLimit=2147483647, uaProfTagName=x-wap-profile, aliasMaxChars=48, maxImageHeight=480, enableMMSDeliveryReports=false, userAgent=, config_cellBroadcastAppLinks=true, maxSubjectLength=40, httpParams=, enableGroupMms=true, emailGatewayNumber=, maxMessageSize=307200, naiSuffix=, enableMMSReadReports=false, maxImageWidth=640, uaProfUrl=, enabledMMS=true, enabledNotifyWapMMSC=false, sendMultipartSmsAsSeparateMessages=false, enableMultipartSMS=true}] from resources+system for subId=1
12-25 00:17:32.732  1298  1304 I art     : Background partial concurrent mark sweep GC freed 16272(1644KB) AllocSpace objects, 14(1156KB) LOS objects, 33% free, 6MB/10MB, paused 8.592ms total 34.383ms
12-25 00:17:32.998  1851  3125 I GoogleURLConnFactory: Using platform SSLCertificateSocketFactory
12-25 00:17:33.002  1739  1750 W art     : Suspending all threads took: 501.465ms
12-25 00:17:33.111  1739  1750 I art     : Background sticky concurrent mark sweep GC freed 22754(2MB) AllocSpace objects, 2(40KB) LOS objects, 14% free, 5MB/6MB, paused 502.922ms total 1.411s
12-25 00:17:33.163  1739  1748 E System  : Uncaught exception thrown by finalizer
12-25 00:17:33.163  1739  1748 E System  : java.lang.NullPointerException: ssl_session == null
12-25 00:17:33.163  1739  1748 E System  : 	at com.google.android.gms.org.conscrypt.NativeCrypto.SSL_SESSION_free(Native Method)
12-25 00:17:33.163  1739  1748 E System  : 	at com.google.android.gms.org.conscrypt.OpenSSLSessionImpl.finalize(SourceFile:485)
12-25 00:17:33.163  1739  1748 E System  : 	at java.lang.Daemons$FinalizerDaemon.doFinalize(Daemons.java:202)
12-25 00:17:33.163  1739  1748 E System  : 	at java.lang.Daemons$FinalizerDaemon.run(Daemons.java:185)
12-25 00:17:33.163  1739  1748 E System  : 	at java.lang.Thread.run(Thread.java:818)
