12-25 00:15:58.639  1298  1312 E KernelCpuSpeedReader: 	at java.io.FileReader.<init>(FileReader.java:66)
12-25 00:15:58.639  1298  1312 E KernelCpuSpeedReader: 	at com.android.internal.os.KernelCpuSpeedReader.readDelta(KernelCpuSpeedReader.java:49)
12-25 00:15:58.639  1298  1312 E KernelCpuSpeedReader: 	at com.android.internal.os.BatteryStatsImpl.updateCpuTimeLocked(BatteryStatsImpl.java:8002)
12-25 00:15:58.639  1298  1312 E KernelCpuSpeedReader: 	at com.android.internal.os.BatteryStatsImpl$MyHandler.handleMessage(BatteryStatsImpl.java:155)
12-25 00:15:58.639  1298  1312 E KernelCpuSpeedReader: 	at android.os.Handler.dispatchMessage(Handler.java:102)
12-25 00:15:58.639  1298  1312 E KernelCpuSpeedReader: 	at android.os.Looper.loop(Looper.java:148)
12-25 00:15:58.639  1298  1312 E KernelCpuSpeedReader: 	at android.os.HandlerThread.run(HandlerThread.java:61)
12-25 00:15:58.639  1298  1312 E KernelCpuSpeedReader: 	at com.android.server.ServiceThread.run(ServiceThread.java:46)
12-25 00:15:58.639  1298  1312 E KernelCpuSpeedReader: Caused by: android.system.ErrnoException: open failed: ENOENT (No such file or directory)
12-25 00:15:58.639  1298  1312 E KernelCpuSpeedReader: 	at libcore.io.Posix.open(Native Method)
12-25 00:15:58.639  1298  1312 E KernelCpuSpeedReader: 	at libcore.io.BlockGuardOs.open(BlockGuardOs.java:186)
12-25 00:15:58.639  1298  1312 E KernelCpuSpeedReader: 	at libcore.io.IoBridge.open(IoBridge.java:438)
12-25 00:15:58.639  1298  1312 E KernelCpuSpeedReader: 	... 10 more
12-25 00:15:58.639  1298  1312 E KernelUidCpuTimeReader: Failed to read uid_cputime
12-25 00:15:58.639  1298  1312 E KernelUidCpuTimeReader: java.io.FileNotFoundException: /proc/uid_cputime/show_uid_stat: open failed: ENOENT (No such file or directory)
12-25 00:15:58.639  1298  1312 E KernelUidCpuTimeReader: 	at libcore.io.IoBridge.open(IoBridge.java:452)
12-25 00:15:58.639  1298  1312 E KernelUidCpuTimeReader: 	at java.io.FileInputStream.<init>(FileInputStream.java:76)
12-25 00:15:58.639  1298  1312 E KernelUidCpuTimeReader: 	at java.io.FileInputStream.<init>(FileInputStream.java:103)
12-25 00:15:58.639  1298  1312 E KernelUidCpuTimeReader: 	at java.io.FileReader.<init>(FileReader.java:66)
12-25 00:15:58.639  1298  1312 E KernelUidCpuTimeReader: 	at com.android.internal.os.KernelUidCpuTimeReader.readDelta(KernelUidCpuTimeReader.java:71)
12-25 00:15:58.639  1298  1312 E KernelUidCpuTimeReader: 	at com.android.internal.os.BatteryStatsImpl.updateCpuTimeLocked(BatteryStatsImpl.java:8031)
12-25 00:15:58.639  1298  1312 E KernelUidCpuTimeReader: 	at com.android.internal.os.BatteryStatsImpl$MyHandler.handleMessage(BatteryStatsImpl.java:155)
12-25 00:15:58.639  1298  1312 E KernelUidCpuTimeReader: 	at android.os.Handler.dispatchMessage(Handler.java:102)
12-25 00:15:58.639  1298  1312 E KernelUidCpuTimeReader: 	at android.os.Looper.loop(Looper.java:148)
12-25 00:15:58.639  1298  1312 E KernelUidCpuTimeReader: 	at android.os.HandlerThread.run(HandlerThread.java:61)
12-25 00:15:58.639  1298  1312 E KernelUidCpuTimeReader: 	at com.android.server.ServiceThread.run(ServiceThread.java:46)
12-25 00:15:58.639  1298  1312 E KernelUidCpuTimeReader: Caused by: android.system.ErrnoException: open failed: ENOENT (No such file or directory)
12-25 00:15:58.639  1298  1312 E KernelUidCpuTimeReader: 	at libcore.io.Posix.open(Native Method)
12-25 00:15:58.639  1298  1312 E KernelUidCpuTimeReader: 	at libcore.io.BlockGuardOs.open(BlockGuardOs.java:186)
12-25 00:15:58.639  1298  1312 E KernelUidCpuTimeReader: 	at libcore.io.IoBridge.open(IoBridge.java:438)
12-25 00:15:58.639  1298  1312 E KernelUidCpuTimeReader: 	... 10 more
12-25 00:15:58.653  1298  1298 I SystemServiceManager: Starting com.android.server.webkit.WebViewUpdateService
12-25 00:15:58.693  1298  1298 I SystemServer: Reading configuration...
12-25 00:15:58.694  1298  1298 I SystemServer: Scheduling Policy
12-25 00:15:58.694  1298  1298 I SystemServiceManager: Starting com.android.server.telecom.TelecomLoaderService
12-25 00:15:58.698  1298  1298 I SystemServer: Telephony Registry
12-25 00:15:58.750  1298  1298 I SystemServer: Entropy Mixer
12-25 00:15:58.753  1298  1298 I EntropyMixer: Writing entropy...
12-25 00:15:58.757  1298  1298 I SystemServer: Camera Service
12-25 00:15:58.757  1298  1298 I SystemServiceManager: Starting com.android.server.camera.CameraService
12-25 00:15:58.768  1298  1326 I ServiceThread: Enabled StrictMode logging for CameraService_proxy looper.
12-25 00:15:58.768  1298  1298 I SystemServer: Account Manager
12-25 00:15:58.788  1298  1298 I SystemServer: Content Manager
12-25 00:15:58.796  1298  1298 I SystemServer: System Content Providers
12-25 00:15:58.798  1298  1298 W System  : ClassLoader referenced unknown path: /system/priv-app/SettingsProvider/lib/x86
12-25 00:15:58.992  1298  1298 I SystemServer: Vibrator Service
12-25 00:15:59.034  1298  1298 I SystemServer: Consumer IR Service
12-25 00:15:59.034  1298  1298 E ConsumerIrService: Can't open consumer IR HW Module, error: -2
12-25 00:15:59.034  1298  1298 I SystemServiceManager: Starting com.android.server.AlarmManagerService
12-25 00:15:59.068  1298  1298 W AlarmManagerService: no wall clock RTC found
12-25 00:15:59.069  1298  1298 D AlarmManagerService: Kernel timezone updated to 420 minutes west of GMT
12-25 00:15:59.071  1298  1298 I SystemServer: Init Watchdog
12-25 00:15:59.071  1298  1298 I SystemServer: Input Manager
12-25 00:15:59.072  1298  1298 I InputManager: Initializing input manager, mUseDevInputEventForAudioJack=false
12-25 00:15:59.083  1298  1298 I SystemServer: Window Manager
12-25 00:15:59.149  1298  1317 I WindowManager: No existing display settings /data/system/display_settings.xml; starting empty
12-25 00:15:59.336  1298  1298 I InputManager: Starting input manager
12-25 00:15:59.337  1298  1298 I SystemServer: No Bluetooh Service (emulator)
12-25 00:15:59.337  1298  1298 I SystemServer: Input Method Service
12-25 00:15:59.354  1298  1329 E EventHub: could not get driver version for /dev/input/mouse0, Not a typewriter
12-25 00:15:59.356  1298  1329 W EventHub: Unable to disable kernel key repeat for /dev/input/event0: Function not implemented
12-25 00:15:59.356  1298  1329 I EventHub: New device: id=1, fd=74, path='/dev/input/event0', name='qwerty2', classes=0x7, configuration='/system/usr/idc/qwerty2.idc', keyLayout='/system/usr/keylayout/qwerty.kl', keyCharacterMap='/system/usr/keychars/qwerty2.kcm', builtinKeyboard=true, wakeMechanism=EVIOCSSUSPENDBLOCK, usingClockIoctl=true
12-25 00:15:59.357  1298  1329 E EventHub: could not get driver version for /dev/input/mice, Not a typewriter
12-25 00:15:59.358  1298  1329 I InputReader: Device added: id=-1, name='Virtual', sources=0x00000301
12-25 00:15:59.408  1298  1298 I SystemServer: Accessibility Manager
12-25 00:15:59.416  1298  1329 I InputReader:   Touch device 'qwerty2' could not query the properties of its associated display.  The device will be inoperable until the display size becomes available.
12-25 00:15:59.416  1298  1329 I InputReader: Device added: id=0, name='qwerty2', sources=0x00001103
12-25 00:15:59.448  1298  1298 I ActivityManager: Config changes=1df8 {1.0 ?mcc?mnc en_US ldltr sw432dp w432dp h768dp 400dpi nrml long port ?uimode ?night -touch qwerty/v/v -nav/h s.2}
12-25 00:15:59.450   952   952 E SurfaceFlinger: ro.sf.lcd_density must be defined as a build property
12-25 00:15:59.450   952   952 D SurfaceFlinger: Set active config mode=0, type=0 flinger=0xb7022000
12-25 00:15:59.450   952   952 D SurfaceFlinger: Screen type=0 is already mode=0
12-25 00:15:59.465  1298  1329 I InputReader: Reconfiguring input devices.  changes=0x00000004
12-25 00:15:59.465  1298  1329 I InputReader: Device reconfigured: id=0, name='qwerty2', size 1080x1920, orientation 0, mode 1, display id 0
12-25 00:15:59.473  1298  1298 I ActivityManager: Config changes=408 {1.0 ?mcc?mnc en_US ldltr sw432dp w432dp h696dp 400dpi nrml long port ?uimode ?night finger qwerty/v/v -nav/h s.3}
12-25 00:15:59.475  1298  1298 I SystemServiceManager: Starting com.android.server.MountService$Lifecycle
12-25 00:15:59.510  1298  1298 I SystemServiceManager: Starting com.android.server.UiModeManagerService
12-25 00:15:59.517  1298  1311 I UsageStatsService: User[0] Rollover scheduled @ 2015-12-25 17:00:00(1451088000000)
12-25 00:15:59.519  1298  1298 I ActivityManager: Config changes=200 {1.0 ?mcc?mnc en_US ldltr sw432dp w432dp h696dp 400dpi nrml long port finger qwerty/v/v -nav/h s.4}
12-25 00:15:59.524  1298  1330 D MountService: Thinking about reset, mSystemReady=false, mDaemonConnected=true
12-25 00:15:59.562  1298  1330 D MountService: Thinking about reset, mSystemReady=false, mDaemonConnected=true
12-25 00:15:59.563  1298  1330 D CryptdConnector: SND -> {1 cryptfs getfield SystemLocale}
12-25 00:15:59.564   941  1002 I Ext4Crypt: ext4 crypto complete called on /data
12-25 00:15:59.564   941  1002 I Ext4Crypt: No master key, so not ext4enc
12-25 00:15:59.564  1298  1332 D CryptdConnector: RCV <- {200 1 -1}
12-25 00:15:59.567  1298  1298 I SystemServer: LockSettingsService
12-25 00:15:59.569  1298  1330 W MountService: No primary storage mounted!
12-25 00:15:59.569  1298  1330 D VoldConnector: SND -> {1 asec list}
12-25 00:15:59.570  1298  1331 D VoldConnector: RCV <- {200 1 asec operation succeeded}
12-25 00:15:59.570  1298  1330 I PackageManager: No secure containers found
12-25 00:15:59.570  1298  1330 W PackageManager: Not granting permission com.google.android.googleapps.permission.GOOGLE_AUTH to package com.android.providers.calendar (protectionLevel=2 flags=0x30083e45)
12-25 00:15:59.570  1298  1330 W PackageManager: Not granting permission com.google.android.googleapps.permission.GOOGLE_AUTH.cl to package com.android.providers.calendar (protectionLevel=2 flags=0x30083e45)
12-25 00:15:59.571  1298  1298 I SystemServiceManager: Starting com.android.server.DeviceIdleController
12-25 00:15:59.575  1298  1330 W PackageManager: Not granting permission android.permission.GLOBAL_SEARCH to package com.android.quicksearchbox (protectionLevel=18 flags=0x3808be45)
12-25 00:15:59.575  1298  1330 W PackageManager: Not granting permission android.permission.ACCESS_DOWNLOAD_MANAGER to package com.android.browser (protectionLevel=18 flags=0x3809be45)
12-25 00:15:59.575  1298  1330 W PackageManager: Not granting permission android.permission.SEND_DOWNLOAD_COMPLETED_INTENTS to package com.android.browser (protectionLevel=2 flags=0x3809be45)
12-25 00:15:59.576  1298  1330 W PackageManager: Unknown permission com.android.launcher.permission.READ_SETTINGS in package com.android.launcher3
12-25 00:15:59.576  1298  1330 W PackageManager: Unknown permission com.android.launcher.permission.WRITE_SETTINGS in package com.android.launcher3
12-25 00:15:59.576  1298  1330 W PackageManager: Not granting permission com.google.android.googleapps.permission.GOOGLE_AUTH.mail to package com.android.calendar (protectionLevel=2 flags=0x3009be45)
12-25 00:15:59.576  1298  1330 W PackageManager: Not granting permission android.permission.ACCESS_FINE_LOCATION to package zeljkok.autumnsky.hikeswithaview because it was previously installed without
12-25 00:15:59.576  1298  1330 W PackageManager: Not granting permission android.permission.WRITE_EXTERNAL_STORAGE to package zeljkok.autumnsky.hikeswithaview because it was previously installed without
12-25 00:15:59.576  1298  1330 W PackageManager: Not granting permission android.permission.READ_EXTERNAL_STORAGE to package zeljkok.autumnsky.hikeswithaview because it was previously installed without
12-25 00:15:59.576  1298  1330 W PackageManager: Not granting permission android.permission.GET_ACCOUNTS to package zeljkok.autumnsky.hikeswithaview because it was previously installed without
12-25 00:15:59.577  1298  1330 W PackageManager: Unknown permission com.google.android.apps.enterprise.dmagent.permission.AutoSyncPermission in package com.google.android.gms
12-25 00:15:59.577  1298  1330 W PackageManager: Unknown permission com.google.android.googlequicksearchbox.permission.PAUSE_HOTWORD in package com.google.android.gms
12-25 00:15:59.577  1298  1330 W PackageManager: Unknown permission com.google.android.hangouts.START_HANGOUT in package com.google.android.gms
12-25 00:15:59.577  1298  1330 W PackageManager: Unknown permission com.google.android.wearable.READ_SETTINGS in package com.google.android.gms
12-25 00:15:59.577  1298  1330 W PackageManager: Unknown permission com.google.android.gm.permission.READ_GMAIL in package com.google.android.gms
12-25 00:15:59.577  1298  1330 W PackageManager: Unknown permission com.google.android.launcher.permission.RECEIVE_LAUNCH_BROADCASTS in package com.google.android.gms
12-25 00:15:59.578  1298  1330 W PackageManager: Not granting permission android.permission.MANAGE_DOCUMENTS to package com.google.android.gms (protectionLevel=2 flags=0xb8483e45)
12-25 00:15:59.578  1298  1330 W PackageManager: Not granting permission android.permission.DELETE_PACKAGES to package com.svox.pico (protectionLevel=18 flags=0x3808be45)
12-25 00:15:59.578  1298  1330 W PackageManager: Not granting permission android.permission.READ_CONTACTS to package com.example.android.apis because it was previously installed without
12-25 00:15:59.578  1298  1330 W PackageManager: Not granting permission android.permission.WRITE_CONTACTS to package com.example.android.apis because it was previously installed without
12-25 00:15:59.578  1298  1330 W PackageManager: Not granting permission android.permission.ACCESS_COARSE_LOCATION to package com.example.android.apis because it was previously installed without
12-25 00:15:59.578  1298  1330 W PackageManager: Not granting permission android.permission.WRITE_EXTERNAL_STORAGE to package com.example.android.apis because it was previously installed without
12-25 00:15:59.578  1298  1330 W PackageManager: Not granting permission android.permission.SEND_SMS to package com.example.android.apis because it was previously installed without
12-25 00:15:59.578  1298  1330 W PackageManager: Not granting permission android.permission.RECEIVE_SMS to package com.example.android.apis because it was previously installed without
12-25 00:15:59.578  1298  1330 W PackageManager: Not granting permission android.permission.RECEIVE_MMS to package com.example.android.apis because it was previously installed without
12-25 00:15:59.578  1298  1330 W PackageManager: Not granting permission android.permission.READ_SMS to package com.example.android.apis because it was previously installed without
12-25 00:15:59.579  1298  1330 W PackageManager: Not granting permission android.permission.READ_PHONE_STATE to package com.example.android.apis because it was previously installed without
12-25 00:15:59.579  1298  1330 W PackageManager: Not granting permission android.permission.RECORD_AUDIO to package com.example.android.apis because it was previously installed without
12-25 00:15:59.579  1298  1330 W PackageManager: Not granting permission android.permission.CAMERA to package com.example.android.apis because it was previously installed without
12-25 00:15:59.579  1298  1330 W PackageManager: Not granting permission android.permission.READ_EXTERNAL_STORAGE to package com.example.android.apis because it was previously installed without
12-25 00:15:59.579  1298  1330 W PackageManager: Not granting permission android.permission.CONTROL_KEYGUARD to package com.google.android.gsf.login (protectionLevel=2 flags=0x3048be45)
12-25 00:15:59.579  1298  1330 W PackageManager: Unknown permission com.android.vending.billing.BILLING_ACCOUNT_SERVICE in package com.google.android.gsf.login
12-25 00:15:59.579  1298  1330 W PackageManager: Unknown permission com.android.vending.billing.ADD_CREDIT_CARD in package com.google.android.gsf.login
12-25 00:15:59.579  1298  1330 W PackageManager: Unknown permission com.android.vending.billing.IBillingAccountService.BIND2 in package com.google.android.gsf.login
12-25 00:15:59.579  1298  1330 W PackageManager: Unknown permission com.android.vending.TOS_ACKED in package com.google.android.gsf.login
12-25 00:15:59.579  1298  1330 W PackageManager: Unknown permission com.android.chrome.TOS_ACKED in package com.google.android.gsf.login
12-25 00:15:59.580  1298  1330 W PackageManager: Unknown permission com.android.launcher.permission.READ_SETTINGS in package com.android.settings
12-25 00:15:59.580  1298  1330 W PackageManager: Unknown permission com.android.launcher.permission.WRITE_SETTINGS in package com.android.settings
12-25 00:15:59.580  1298  1330 W PackageManager: Unknown permission com.android.smspush.WAPPUSH_MANAGER_BIND in package com.android.phone
12-25 00:15:59.580  1298  1330 W PackageManager: Not granting permission android.permission.BIND_APPWIDGET to package com.android.widgetpreview (protectionLevel=18 flags=0x1808be44)
12-25 00:15:59.700  1298  1298 I SystemServiceManager: Starting com.android.server.devicepolicy.DevicePolicyManagerService$Lifecycle
12-25 00:15:59.702  1298  1330 W MountService: No primary storage defined yet; hacking together a stub
12-25 00:15:59.702  1298  1330 W MountService: No primary storage defined yet; hacking together a stub
12-25 00:15:59.703  1298  1330 W MountService: No primary storage mounted!
12-25 00:15:59.703  1298  1330 D VoldConnector: SND -> {2 asec list}
12-25 00:15:59.703  1298  1331 D VoldConnector: RCV <- {200 2 asec operation succeeded}
12-25 00:15:59.720  1298  1298 I SystemServer: Status Bar
12-25 00:15:59.735  1298  1298 I SystemServer: Clipboard Service
12-25 00:15:59.736  1298  1298 I SystemServer: NetworkManagement Service
12-25 00:15:59.740  1298  1298 I SystemServer: Text Service Manager Service
12-25 00:15:59.755  1298  1298 I SystemServer: Network Score Service
12-25 00:15:59.758  1298  1298 I SystemServer: NetworkStats Service
12-25 00:15:59.787  1298  1298 I SystemServer: NetworkPolicy Service
12-25 00:15:59.836  1298  1298 I SystemServiceManager: Starting com.android.server.wifi.p2p.WifiP2pService
12-25 00:15:59.917  1298  1298 I WifiP2pService: Registering wifip2p
12-25 00:15:59.923  1298  1298 I SystemServiceManager: Starting com.android.server.wifi.WifiService
12-25 00:16:00.098  1298  1298 D HS20    : Passpoint is disabled
12-25 00:16:00.124  1298  1298 D WifiController: isAirplaneModeOn = false, isWifiEnabled = false, isScanningAvailable = false
12-25 00:16:00.125  1298  1298 I WifiService: Registering wifi
12-25 00:16:00.126  1298  1298 I SystemServiceManager: Starting com.android.server.wifi.WifiScanningService
12-25 00:16:00.126  1298  1298 I WifiScanningService: Creating wifiscanner
12-25 00:16:00.126  1298  1298 I WifiScanningService: Starting wifiscanner
12-25 00:16:00.127  1298  1298 I SystemServiceManager: Starting com.android.server.wifi.RttService
12-25 00:16:00.127  1298  1298 I RttService: Creating rttmanager
12-25 00:16:00.127  1298  1298 I RttService: Starting rttmanager
12-25 00:16:00.128  1298  1298 I SystemServiceManager: Starting com.android.server.ethernet.EthernetService
12-25 00:16:00.130  1298  1298 I EthernetServiceImpl: Creating EthernetConfigStore
12-25 00:16:00.132  1298  1298 E IpConfigStore: Error parsing configuration: java.io.FileNotFoundException: /data/misc/ethernet/ipconfig.txt: open failed: ENOENT (No such file or directory)
12-25 00:16:00.133  1298  1298 W EthernetConfigStore: No Ethernet configuration found. Using default.
12-25 00:16:00.133  1298  1298 I EthernetServiceImpl: Read stored IP configuration: IP assignment: DHCP
12-25 00:16:00.133  1298  1298 I EthernetServiceImpl: Proxy settings: NONE
12-25 00:16:00.133  1298  1298 I EthernetService: Registering service ethernet
12-25 00:16:00.134  1298  1298 I SystemServer: Connectivity Service
12-25 00:16:00.135  1298  1298 D ConnectivityService: ConnectivityService starting up
12-25 00:16:00.138  1298  1298 D ConnectivityService: wifiOnly=false
12-25 00:16:00.143  1298  1298 I SystemServer: Network Service Discovery Service
12-25 00:16:00.145  1298  1298 D NsdService: Network service discovery enabled true
12-25 00:16:00.146  1298  1298 I SystemServer: UpdateLock Service
12-25 00:16:00.147  1298  1298 I SystemServiceManager: Starting com.android.server.notification.NotificationManagerService
12-25 00:16:00.268  1298  1298 I SystemServiceManager: Starting com.android.server.storage.DeviceStorageMonitorService
12-25 00:16:00.270  1298  1298 I SystemServer: Location Manager
12-25 00:16:00.276  1298  1298 I SystemServer: Country Detector
12-25 00:16:00.315  1298  1298 I SystemServer: Search Service
12-25 00:16:00.316  1298  1298 I SystemServer: DropBox Service
12-25 00:16:00.317  1298  1298 I SystemServer: Wallpaper Service
12-25 00:16:00.332  1298  1337 D WifiApConfigStore: 2G band allowed channels are:1,6,11
12-25 00:16:00.343  1298  1298 I SystemServer: Audio Service
12-25 00:16:00.449  1298  1304 I art     : Background partial concurrent mark sweep GC freed 7521(664KB) AllocSpace objects, 3(60KB) LOS objects, 33% free, 5MB/7MB, paused 1.542ms total 115.952ms
12-25 00:16:00.466   965  1280 D PermissionCache: checking android.permission.MODIFY_AUDIO_SETTINGS for uid=1000 => granted (660 us)
12-25 00:16:00.477  1298  1298 W TelecomManager: Telecom Service not found.
12-25 00:16:00.478   965  1278 E AudioFlinger: no wake lock to update!
12-25 00:16:00.488  1298  1298 I SystemServiceManager: Starting com.android.server.DockObserver
12-25 00:16:00.489  1298  1298 W DockObserver: This kernel does not have dock station support
12-25 00:16:00.489  1298  1298 I SystemServer: Wired Accessory Manager
12-25 00:16:00.490  1298  1298 W WiredAccessoryManager: This kernel does not have wired headset support
12-25 00:16:00.490  1298  1298 W WiredAccessoryManager: This kernel does not have usb audio support
12-25 00:16:00.490  1298  1298 W WiredAccessoryManager: This kernel does not have HDMI audio support
12-25 00:16:00.490  1298  1298 I SystemServiceManager: Starting com.android.server.midi.MidiService$Lifecycle
12-25 00:16:00.509  1298  1298 I SystemServiceManager: Starting com.android.server.usb.UsbService$Lifecycle
12-25 00:16:00.563  1298  1298 W System.err: java.io.FileNotFoundException: /proc/asound/cards: open failed: ENOENT (No such file or directory)
12-25 00:16:00.585  1298  1298 W System.err: 	at libcore.io.IoBridge.open(IoBridge.java:452)
12-25 00:16:00.585  1298  1298 W System.err: 	at java.io.FileInputStream.<init>(FileInputStream.java:76)
12-25 00:16:00.585  1298  1298 W System.err: 	at java.io.FileReader.<init>(FileReader.java:42)
12-25 00:16:00.585  1298  1298 W System.err: 	at com.android.internal.alsa.AlsaCardsParser.scan(AlsaCardsParser.java:109)
12-25 00:16:00.585  1298  1298 W System.err: 	at com.android.server.usb.UsbAlsaManager.<init>(UsbAlsaManager.java:135)
12-25 00:16:00.585  1298  1298 W System.err: 	at com.android.server.usb.UsbService.<init>(UsbService.java:109)
12-25 00:16:00.586  1298  1298 W System.err: 	at com.android.server.usb.UsbService$Lifecycle.onStart(UsbService.java:65)
12-25 00:16:00.586  1298  1298 W System.err: 	at com.android.server.SystemServiceManager.startService(SystemServiceManager.java:109)
12-25 00:16:00.586  1298  1298 W System.err: 	at com.android.server.SystemServiceManager.startService(SystemServiceManager.java:65)
12-25 00:16:00.586  1298  1298 W System.err: 	at com.android.server.SystemServer.startOtherServices(SystemServer.java:849)
12-25 00:16:00.586  1298  1298 W System.err: 	at com.android.server.SystemServer.run(SystemServer.java:270)
12-25 00:16:00.586  1298  1298 W System.err: 	at com.android.server.SystemServer.main(SystemServer.java:168)
12-25 00:16:00.586  1298  1298 W System.err: 	at java.lang.reflect.Method.invoke(Native Method)
12-25 00:16:00.586  1298  1298 W System.err: 	at com.android.internal.os.ZygoteInit$MethodAndArgsCaller.run(ZygoteInit.java:726)
12-25 00:16:00.586  1298  1298 W System.err: 	at com.android.internal.os.ZygoteInit.main(ZygoteInit.java:616)
12-25 00:16:00.586  1298  1298 W System.err: Caused by: android.system.ErrnoException: open failed: ENOENT (No such file or directory)
12-25 00:16:00.586  1298  1298 W System.err: 	at libcore.io.Posix.open(Native Method)
12-25 00:16:00.586  1298  1298 W System.err: 	at libcore.io.BlockGuardOs.open(BlockGuardOs.java:186)
12-25 00:16:00.586  1298  1298 W System.err: 	at libcore.io.IoBridge.open(IoBridge.java:438)
12-25 00:16:00.586  1298  1298 W System.err: 	... 14 more
12-25 00:16:00.588  1298  1298 I SystemServer: Serial Service
12-25 00:16:00.588  1298  1298 I SystemServiceManager: Starting com.android.server.twilight.TwilightService
12-25 00:16:00.590  1298  1298 I SystemServiceManager: Starting com.android.server.job.JobSchedulerService
12-25 00:16:00.597  1298  1298 I SystemServiceManager: Starting com.android.server.backup.BackupManagerService$Lifecycle
12-25 00:16:00.598  1298  1298 I SystemServiceManager: Starting com.android.server.appwidget.AppWidgetService
12-25 00:16:00.602  1298  1298 I SystemServiceManager: Starting com.android.server.voiceinteraction.VoiceInteractionManagerService
12-25 00:16:00.604   965   965 D PermissionCache: checking android.permission.CAPTURE_AUDIO_HOTWORD for uid=1000 => granted (123 us)
12-25 00:16:00.604  1298  1298 W SoundTriggerHelper: listModules status=0, # of modules=0
12-25 00:16:00.606  1298  1298 I SystemServer: DiskStats Service
12-25 00:16:00.606  1298  1298 I SystemServer: SamplingProfiler Service
12-25 00:16:00.619  1298  1298 I SystemServer: NetworkTimeUpdateService
12-25 00:16:00.620  1298  1298 I SystemServer: CommonTimeManagementService
12-25 00:16:00.620  1298  1298 I SystemServer: CertBlacklister
12-25 00:16:00.622  1298  1298 I SystemServiceManager: Starting com.android.server.dreams.DreamManagerService
12-25 00:16:00.640  1298  1298 I SystemServer: Assets Atlas Service
12-25 00:16:00.643  1298  1298 I SystemServiceManager: Starting com.android.server.print.PrintManagerService
12-25 00:16:00.662  1298  1346 D AssetAtlas: Loaded configuration: SliceMinArea (832x2048) flags=0x2 count=6
12-25 00:16:00.664  1298  1298 I SystemServiceManager: Starting com.android.server.restrictions.RestrictionsManagerService
12-25 00:16:00.666  1298  1298 I SystemServiceManager: Starting com.android.server.media.MediaSessionService
12-25 00:16:00.669  1298  1346 D         : HostConnection::get() New Host Connection established 0xa203cea0, tid 1346
12-25 00:16:00.686  1298  1298 I SystemServer: Media Router Service
12-25 00:16:00.688  1298  1298 I SystemServiceManager: Starting com.android.server.trust.TrustManagerService
12-25 00:16:00.692  1298  1298 I SystemServiceManager: Starting com.android.server.fingerprint.FingerprintService
12-25 00:16:00.699   983   983 D PermissionCache: checking android.permission.MANAGE_FINGERPRINT for uid=1000 => granted (277 us)
12-25 00:16:00.699   983   983 V fingerprintd: nativeOpenHal()
12-25 00:16:00.712   983   983 D FingerprintHal: ----------------> fingerprint_open ----------------->
12-25 00:16:00.712   983   983 D FingerprintHal: ----------------> loadFingerprints ----------------->
12-25 00:16:00.712   983   983 E FingerprintHal: Could not load fingerprints from storage at /data/system/users/0/fpdata/emulator_fingerprint_storage.bin; it has not yet been created.
12-25 00:16:00.713   983   983 D FingerprintHal: ----------------> set_notify_callback ----------------->
12-25 00:16:00.713   983   983 D FingerprintHal: fingerprint callback notification set
12-25 00:16:00.713   983   983 V fingerprintd: fingerprint HAL successfully initialized
12-25 00:16:00.713   983   983 V fingerprintd: setActiveGroup(0, /data/system/users/0/fpdata, 27)
12-25 00:16:00.713   983   983 W FingerprintHal: Setting active finger group not implemented
12-25 00:16:00.713  1298  1298 V FingerprintService: Fingerprint HAL id: -1222217728
12-25 00:16:00.713   983  1347 D FingerprintHal: ----------------> listenerFunction ----------------->
12-25 00:16:00.714  1298  1298 I SystemServer: BackgroundDexOptService
12-25 00:16:00.716  1298  1298 I SystemServiceManager: Starting com.android.server.pm.LauncherAppsService
12-25 00:16:00.717  1298  1298 I SystemServiceManager: Starting com.android.server.media.projection.MediaProjectionManagerService
12-25 00:16:00.744  1298  1298 I WindowManager: SAFE MODE not enabled
12-25 00:16:00.746  1298  1298 I SystemServiceManager: Starting com.android.server.MmsServiceBroker
12-25 00:16:00.810  1298  1304 I art     : Background sticky concurrent mark sweep GC freed 3492(240KB) AllocSpace objects, 1(20KB) LOS objects, 0% free, 11MB/11MB, paused 1.363ms total 108.736ms
12-25 00:16:00.860  1298  1298 E LockSettingsStorage: Cannot read file java.io.FileNotFoundException: /data/system/gatekeeper.password.key: open failed: ENOENT (No such file or directory)
12-25 00:16:00.860  1298  1298 E LockSettingsStorage: Cannot read file java.io.FileNotFoundException: /data/system/password.key: open failed: ENOENT (No such file or directory)
12-25 00:16:00.860  1298  1298 E LockSettingsStorage: Cannot read file java.io.FileNotFoundException: /data/system/gatekeeper.pattern.key: open failed: ENOENT (No such file or directory)
12-25 00:16:00.860  1298  1298 E LockSettingsStorage: Cannot read file java.io.FileNotFoundException: /data/system/gatekeeper.gesture.key: open failed: ENOENT (No such file or directory)
12-25 00:16:00.860  1298  1298 E LockSettingsStorage: Cannot read file java.io.FileNotFoundException: /data/system/gesture.key: open failed: ENOENT (No such file or directory)
12-25 00:16:00.860  1298  1298 I SystemServiceManager: Starting phase 480
12-25 00:16:00.882  1298  1298 I SystemServiceManager: Starting phase 500
12-25 00:16:00.903  1298  1346 D AssetAtlas: Rendered atlas in 200.84ms (0.27+200.57ms)
12-25 00:16:00.908  1298  1298 I WifiService: WifiService starting up with Wi-Fi disabled
12-25 00:16:00.917  1298  1338 D WifiService: New client listening to asynchronous messages
12-25 00:16:00.919  1298  1298 I WifiScanningService: Registering wifiscanner
12-25 00:16:00.925  1298  1298 I RttService: Registering rttmanager
12-25 00:16:00.927  1298  1298 I EthernetServiceImpl: Starting Ethernet service
12-25 00:16:00.928  1298  1298 D Ethernet: Registering NetworkFactory
12-25 00:16:00.929  1298  1339 D ConnectivityService: Got NetworkFactory Messenger for Ethernet
12-25 00:16:00.930  1298  1298 D EthernetNetworkFactory: Started tracking interface eth0
12-25 00:16:00.932  1298  1353 D Ethernet: got request NetworkRequest [ id=1, legacyType=-1, [ Capabilities: INTERNET&NOT_RESTRICTED&TRUSTED&NOT_VPN] ] with score 0
12-25 00:16:06.184   961  1292 D CommandListener: Setting iface cfg
12-25 00:16:06.184   961  1292 D CommandListener: Trying to bring up eth0
12-25 00:16:06.186  1298  1298 D EthernetNetworkFactory: updateInterface: eth0 link up
12-25 00:16:06.195  1298  1358 I EthernetNetworkFactory: dhcpThread(eth0): mNetworkInfo=[type: Ethernet[], state: UNKNOWN/IDLE, reason: (unspecified), extra: 52:54:00:12:34:56, roaming: false, failover: false, isAvailable: true]
12-25 00:16:06.240  1298  1298 V KeyValueBackupJob: Scheduling k/v pass in 246 minutes
12-25 00:16:06.250  1298  1298 V BackupManagerService: Starting with transport android/com.android.internal.backup.LocalTransport
12-25 00:16:06.250  1298  1298 V BackupManagerService: Found transports: 2
12-25 00:16:06.262  1298  1298 I BackupManagerService: Found stale backup journal, scheduling
12-25 00:16:06.357  1298  1319 W KeyguardServiceDelegate: onScreenTurningOn(): no keyguard service!
12-25 00:16:06.359  1298  1312 E KernelCpuSpeedReader: Failed to read cpu-freq
12-25 00:16:06.359  1298  1312 E KernelCpuSpeedReader: java.io.FileNotFoundException: /sys/devices/system/cpu/cpu0/cpufreq/stats/time_in_state: open failed: ENOENT (No such file or directory)
12-25 00:16:06.359  1298  1312 E KernelCpuSpeedReader: 	at libcore.io.IoBridge.open(IoBridge.java:452)
12-25 00:16:06.359  1298  1312 E KernelCpuSpeedReader: 	at java.io.FileInputStream.<init>(FileInputStream.java:76)
12-25 00:16:06.359  1298  1312 E KernelCpuSpeedReader: 	at java.io.FileInputStream.<init>(FileInputStream.java:103)
12-25 00:16:06.359  1298  1312 E KernelCpuSpeedReader: 	at java.io.FileReader.<init>(FileReader.java:66)
12-25 00:16:06.359  1298  1312 E KernelCpuSpeedReader: 	at com.android.internal.os.KernelCpuSpeedReader.readDelta(KernelCpuSpeedReader.java:49)
12-25 00:16:06.359  1298  1312 E KernelCpuSpeedReader: 	at com.android.internal.os.BatteryStatsImpl.updateCpuTimeLocked(BatteryStatsImpl.java:8002)
12-25 00:16:06.359  1298  1312 E KernelCpuSpeedReader: 	at com.android.internal.os.BatteryStatsImpl$MyHandler.handleMessage(BatteryStatsImpl.java:155)
12-25 00:16:06.359  1298  1312 E KernelCpuSpeedReader: 	at android.os.Handler.dispatchMessage(Handler.java:102)
12-25 00:16:06.359  1298  1312 E KernelCpuSpeedReader: 	at android.os.Looper.loop(Looper.java:148)
12-25 00:16:06.359  1298  1312 E KernelCpuSpeedReader: 	at android.os.HandlerThread.run(HandlerThread.java:61)
12-25 00:16:06.359  1298  1312 E KernelCpuSpeedReader: 	at com.android.server.ServiceThread.run(ServiceThread.java:46)
12-25 00:16:06.359  1298  1312 E KernelCpuSpeedReader: Caused by: android.system.ErrnoException: open failed: ENOENT (No such file or directory)
12-25 00:16:06.359  1298  1312 E KernelCpuSpeedReader: 	at libcore.io.Posix.open(Native Method)
12-25 00:16:06.359  1298  1312 E KernelCpuSpeedReader: 	at libcore.io.BlockGuardOs.open(BlockGuardOs.java:186)
12-25 00:16:06.359  1298  1312 E KernelCpuSpeedReader: 	at libcore.io.IoBridge.open(IoBridge.java:438)
12-25 00:16:06.359  1298  1312 E KernelCpuSpeedReader: 	... 10 more
12-25 00:16:06.359  1298  1312 E KernelUidCpuTimeReader: Failed to read uid_cputime
12-25 00:16:06.359  1298  1312 E KernelUidCpuTimeReader: java.io.FileNotFoundException: /proc/uid_cputime/show_uid_stat: open failed: ENOENT (No such file or directory)
12-25 00:16:06.359  1298  1312 E KernelUidCpuTimeReader: 	at libcore.io.IoBridge.open(IoBridge.java:452)
12-25 00:16:06.359  1298  1312 E KernelUidCpuTimeReader: 	at java.io.FileInputStream.<init>(FileInputStream.java:76)
12-25 00:16:06.359  1298  1312 E KernelUidCpuTimeReader: 	at java.io.FileInputStream.<init>(FileInputStream.java:103)
12-25 00:16:06.359  1298  1312 E KernelUidCpuTimeReader: 	at java.io.FileReader.<init>(FileReader.java:66)
12-25 00:16:06.359  1298  1312 E KernelUidCpuTimeReader: 	at com.android.internal.os.KernelUidCpuTimeReader.readDelta(KernelUidCpuTimeReader.java:71)
12-25 00:16:06.359  1298  1312 E KernelUidCpuTimeReader: 	at com.android.internal.os.BatteryStatsImpl.updateCpuTimeLocked(BatteryStatsImpl.java:8031)
12-25 00:16:06.359  1298  1312 E KernelUidCpuTimeReader: 	at com.android.internal.os.BatteryStatsImpl$MyHandler.handleMessage(BatteryStatsImpl.java:155)
12-25 00:16:06.359  1298  1312 E KernelUidCpuTimeReader: 	at android.os.Handler.dispatchMessage(Handler.java:102)
12-25 00:16:06.359  1298  1312 E KernelUidCpuTimeReader: 	at android.os.Looper.loop(Looper.java:148)
12-25 00:16:06.359  1298  1312 E KernelUidCpuTimeReader: 	at android.os.HandlerThread.run(HandlerThread.java:61)
12-25 00:16:06.359  1298  1312 E KernelUidCpuTimeReader: 	at com.android.server.ServiceThread.run(ServiceThread.java:46)
12-25 00:16:06.359  1298  1312 E KernelUidCpuTimeReader: Caused by: android.system.ErrnoException: open failed: ENOENT (No such file or directory)
12-25 00:16:06.359  1298  1312 E KernelUidCpuTimeReader: 	at libcore.io.Posix.open(Native Method)
12-25 00:16:06.359  1298  1312 E KernelUidCpuTimeReader: 	at libcore.io.BlockGuardOs.open(BlockGuardOs.java:186)
12-25 00:16:06.359  1298  1312 E KernelUidCpuTimeReader: 	at libcore.io.IoBridge.open(IoBridge.java:438)
12-25 00:16:06.359  1298  1312 E KernelUidCpuTimeReader: 	... 10 more
12-25 00:16:06.379  1298  1317 D         : HostConnection::get() New Host Connection established 0xa18c9cb0, tid 1317
12-25 00:16:06.407  1298  1298 I ActivityManager: System now ready
12-25 00:16:06.412  1298  1298 I SystemServer: Making services ready
12-25 00:16:06.412  1298  1298 I SystemServiceManager: Starting phase 550
12-25 00:16:06.416  1298  1330 D MountService: Thinking about reset, mSystemReady=true, mDaemonConnected=true
12-25 00:16:06.416  1298  1330 D VoldConnector: SND -> {3 volume reset}
12-25 00:16:06.416  1298  1312 I ActivityManager: Force stopping com.android.providers.media appid=10005 user=-1: vold reset
12-25 00:16:06.417   941  1001 V vold    : /system/bin/sgdisk
12-25 00:16:06.417   941  1001 V vold    :     --android-dump
12-25 00:16:06.417   941  1001 V vold    :     /dev/block/vold/disk:179,0
12-25 00:16:06.417  1298  1331 D VoldConnector: RCV <- {651 emulated 7}
12-25 00:16:06.418  1298  1331 D VoldConnector: RCV <- {659 emulated}
12-25 00:16:06.418  1298  1331 D VoldConnector: RCV <- {650 emulated 2 "" ""}
12-25 00:16:06.418  1298  1331 D VoldConnector: RCV <- {651 emulated 0}
12-25 00:16:06.418  1298  1331 D VoldConnector: RCV <- {651 public:179,0 7}
12-25 00:16:06.418  1298  1331 D VoldConnector: RCV <- {659 public:179,0}
12-25 00:16:06.419  1298  1331 D VoldConnector: RCV <- {649 disk:179,0}
12-25 00:16:06.419  1298  1331 D VoldConnector: RCV <- {640 disk:179,0 6}
12-25 00:16:06.419  1298  1331 D VoldConnector: RCV <- {641 disk:179,0 104857600}
12-25 00:16:06.419  1298  1331 D VoldConnector: RCV <- {642 disk:179,0 SanDisk}
12-25 00:16:06.420  1298  1331 D VoldConnector: RCV <- {644 disk:179,0 /sys//devices/platform/goldfish_mmc.0/mmc_host/mmc0/mmc0:e118/block/mmcblk0}
12-25 00:16:06.420  1298  1298 I SystemServer: WebViewFactory preparation
12-25 00:16:06.439   941  1001 V vold    : DISK mbr
12-25 00:16:06.439   941  1001 W vold    : disk:179,0 has unknown partition table; trying entire device
12-25 00:16:06.439   941  1001 V vold    : /system/bin/blkid
12-25 00:16:06.439   941  1001 V vold    :     -c
12-25 00:16:06.439   941  1001 V vold    :     /dev/null
12-25 00:16:06.439   941  1001 V vold    :     -s
12-25 00:16:06.439   941  1001 V vold    :     TYPE
12-25 00:16:06.439   941  1001 V vold    :     -s
12-25 00:16:06.439   941  1001 V vold    :     UUID
12-25 00:16:06.439   941  1001 V vold    :     -s
12-25 00:16:06.439   941  1001 V vold    :     LABEL
12-25 00:16:06.440   941  1001 V vold    :     /dev/block/vold/disk:179,0
12-25 00:16:06.456   941  1001 V vold    : /dev/block/vold/disk:179,0: LABEL="SDCARD" UUID="080C-1309" TYPE="vfat" 
12-25 00:16:06.457  1298  1331 D VoldConnector: RCV <- {650 public:179,0 0 "disk:179,0" ""}
12-25 00:16:06.457  1298  1331 D VoldConnector: RCV <- {651 public:179,0 0}
12-25 00:16:06.457  1298  1331 D VoldConnector: RCV <- {643 disk:179,0}
12-25 00:16:06.457  1298  1331 D VoldConnector: RCV <- {200 3 Command succeeded}
12-25 00:16:06.459  1298  1330 D VoldConnector: SND -> {4 volume user_added 0 0}
12-25 00:16:06.459  1298  1331 D VoldConnector: RCV <- {200 4 Command succeeded}
12-25 00:16:06.461  1298  1298 I Zygote  : Process: zygote socket opened, supported ABIS: x86
12-25 00:16:06.464  1365  1365 I art     : Late-enabling JIT
12-25 00:16:06.474  1298  1314 V MountService: Found primary storage at VolumeInfo{public:179,0}:
12-25 00:16:06.474  1298  1314 V MountService:     type=PUBLIC diskId=disk:179,0 partGuid=null mountFlags=0 mountUserId=-1 
12-25 00:16:06.474  1298  1314 V MountService:     state=UNMOUNTED 
12-25 00:16:06.474  1298  1314 V MountService:     fsType=null fsUuid=null fsLabel=null 
12-25 00:16:06.474  1298  1314 V MountService:     path=null internalPath=null 
12-25 00:16:06.482  1298  1298 I ActivityManager: Start proc 1365:WebViewLoader-x86/1037 [android.webkit.WebViewFactory$RelroFileCreator] for 
12-25 00:16:06.493  1370  1370 I art     : Late-enabling JIT
12-25 00:16:06.502  1298  1298 I ActivityManager: Start proc 1370:com.android.systemui/u0a14 for service com.android.systemui/.SystemUIService
12-25 00:16:06.503  1298  1298 D NetworkManagement: enabling bandwidth control
12-25 00:16:06.503  1298  1330 D VoldConnector: SND -> {5 volume mount public:179,0 3 0}
12-25 00:16:06.505   941  1001 V vold    : /system/bin/blkid
12-25 00:16:06.505   941  1001 V vold    :     -c
12-25 00:16:06.505   941  1001 V vold    :     /dev/null
12-25 00:16:06.506   941  1001 V vold    :     -s
12-25 00:16:06.506   941  1001 V vold    :     TYPE
12-25 00:16:06.506   941  1001 V vold    :     -s
12-25 00:16:06.506   941  1001 V vold    :     UUID
12-25 00:16:06.506   941  1001 V vold    :     -s
12-25 00:16:06.506   941  1001 V vold    :     LABEL
12-25 00:16:06.506   941  1001 V vold    :     /dev/block/vold/public:179,0
12-25 00:16:06.506  1298  1331 D VoldConnector: RCV <- {651 public:179,0 1}
12-25 00:16:06.521  1298  1312 I ActivityManager: Start proc 1377:com.android.externalstorage/u0a6 for broadcast com.android.externalstorage/.MountReceiver
12-25 00:16:06.532  1377  1377 I art     : Late-enabling JIT
12-25 00:16:06.540   941  1001 V vold    : /dev/block/vold/public:179,0: LABEL="SDCARD" UUID="080C-1309" TYPE="vfat" 
12-25 00:16:06.540   941  1001 V vold    : /system/bin/fsck_msdos
12-25 00:16:06.540   941  1001 V vold    :     -p
12-25 00:16:06.540   941  1001 V vold    :     -f
12-25 00:16:06.540   941  1001 V vold    :     /dev/block/vold/public:179,0
12-25 00:16:06.540  1298  1331 D VoldConnector: RCV <- {652 public:179,0 vfat}
12-25 00:16:06.540  1298  1331 D VoldConnector: RCV <- {653 public:179,0 080C-1309}
12-25 00:16:06.542  1298  1331 D VoldConnector: RCV <- {654 public:179,0 SDCARD}
12-25 00:16:06.608   941  1001 I fsck_msdos: ** /dev/block/vold/public:179,0
12-25 00:16:06.608   941  1001 I fsck_msdos: ** Phase 1 - Read and Compare FATs
12-25 00:16:06.608   941  1001 I fsck_msdos: Attempting to allocate 794 KB for FAT
12-25 00:16:06.784  1370  1370 I art     : JIT created with code_cache_capacity=2MB compile_threshold=1000
12-25 00:16:06.784  1365  1365 I art     : JIT created with code_cache_capacity=2MB compile_threshold=1000
12-25 00:16:06.785  1377  1377 I art     : JIT created with code_cache_capacity=2MB compile_threshold=1000
12-25 00:16:06.795  1365  1365 V WebViewFactory: RelroFileCreator (64bit = false),  32-bit lib: /system/app/webview/webview.apk!/lib/x86/libwebviewchromium.so, 64-bit lib: 
12-25 00:16:06.914   941  1001 I fsck_msdos: Attempting to allocate 794 KB for FAT
12-25 00:16:07.154  1377  1377 W System  : ClassLoader referenced unknown path: /system/priv-app/ExternalStorageProvider/lib/x86
12-25 00:16:07.157  1377  1377 D ExternalStorage: After updating volumes, found 0 active roots
12-25 00:16:07.174  1370  1370 W System  : ClassLoader referenced unknown path: /system/priv-app/SystemUI/lib/x86
12-25 00:16:07.250  1298  1298 E NetdConnector: NDC Command {6 bandwidth enable} took too long (747ms)
12-25 00:16:07.259   961  1292 I iptables: iptables: No chain/target/match by that name.
12-25 00:16:07.260   961  1292 I iptables: iptables terminated by exit(1)
12-25 00:16:07.260   961  1292 E Netd    : exec() res=0, status=256 for /system/bin/iptables -w -F st_penalty_log 
12-25 00:16:07.282   961  1292 I ip6tables: ip6tables: No chain/target/match by that name.
12-25 00:16:07.312   941  1001 I fsck_msdos: ** Phase 2 - Check Cluster Chains
12-25 00:16:07.313   941  1001 I fsck_msdos: ** Phase 3 - Checking Directories
12-25 00:16:07.314   941  1001 I fsck_msdos: ** Phase 4 - Checking for Lost Files
12-25 00:16:07.314   941  1001 I fsck_msdos: 19 files, 100786 free (201573 clusters)
12-25 00:16:07.314   961  1292 I ip6tables: ip6tables terminated by exit(1)
12-25 00:16:07.314   961  1292 E Netd    : exec() res=0, status=256 for /system/bin/ip6tables -w -F st_penalty_log 
12-25 00:16:07.325   961  1292 I iptables: iptables: No chain/target/match by that name.
12-25 00:16:07.325   961  1292 I iptables: iptables terminated by exit(1)
12-25 00:16:07.325   961  1292 E Netd    : exec() res=0, status=256 for /system/bin/iptables -w -F st_penalty_reject 
12-25 00:16:07.329   961  1292 I ip6tables: ip6tables: No chain/target/match by that name.
12-25 00:16:07.333   941  1001 I Vold    : Filesystem check completed OK
12-25 00:16:07.334  1298  1331 D VoldConnector: RCV <- {656 public:179,0 /mnt/media_rw/080C-1309}
12-25 00:16:07.334  1298  1331 D VoldConnector: RCV <- {655 public:179,0 /storage/080C-1309}
12-25 00:16:07.336   941  1001 V vold    : Waiting for FUSE to spin up...
12-25 00:16:07.337   961  1292 I ip6tables: ip6tables terminated by exit(1)
12-25 00:16:07.337   961  1292 E Netd    : exec() res=0, status=256 for /system/bin/ip6tables -w -F st_penalty_reject 
12-25 00:16:07.339   961  1292 I iptables: iptables: No chain/target/match by that name.
12-25 00:16:07.340   961  1292 I iptables: iptables terminated by exit(1)
12-25 00:16:07.340   961  1292 E Netd    : exec() res=0, status=256 for /system/bin/iptables -w -F st_clear_caught 
12-25 00:16:07.343   961  1292 I ip6tables: ip6tables: No chain/target/match by that name.
12-25 00:16:07.352   961  1292 I ip6tables: ip6tables terminated by exit(1)
12-25 00:16:07.352   961  1292 E Netd    : exec() res=0, status=256 for /system/bin/ip6tables -w -F st_clear_caught 
12-25 00:16:07.354   961  1292 I iptables: iptables: No chain/target/match by that name.
12-25 00:16:07.354   961  1292 I iptables: iptables terminated by exit(1)
12-25 00:16:07.354   961  1292 E Netd    : exec() res=0, status=256 for /system/bin/iptables -w -F st_clear_detect 
12-25 00:16:07.357   961  1292 I ip6tables: ip6tables: No chain/target/match by that name.
12-25 00:16:07.361  1298  1313 W WindowManager: Keyguard drawn timeout. Setting mKeyguardDrawComplete
12-25 00:16:07.373   961  1292 I ip6tables: ip6tables terminated by exit(1)
12-25 00:16:07.373   961  1292 E Netd    : exec() res=0, status=256 for /system/bin/ip6tables -w -F st_clear_detect 
12-25 00:16:07.383   961  1292 I iptables: iptables: No chain/target/match by that name.
12-25 00:16:07.392   941  1001 V vold    : Waiting for FUSE to spin up...
12-25 00:16:07.393   961  1292 I iptables: iptables terminated by exit(1)
12-25 00:16:07.393   961  1292 E Netd    : exec() res=0, status=256 for /system/bin/iptables -w -X st_penalty_log 
12-25 00:16:07.396   961  1292 I ip6tables: ip6tables: No chain/target/match by that name.
12-25 00:16:07.396   961  1292 I ip6tables: ip6tables terminated by exit(1)
12-25 00:16:07.396   961  1292 E Netd    : exec() res=0, status=256 for /system/bin/ip6tables -w -X st_penalty_log 
12-25 00:16:07.403   961  1292 I iptables: iptables: No chain/target/match by that name.
12-25 00:16:07.422   961  1292 I iptables: iptables terminated by exit(1)
12-25 00:16:07.422   961  1292 E Netd    : exec() res=0, status=256 for /system/bin/iptables -w -X st_penalty_reject 
12-25 00:16:07.425   961  1292 I ip6tables: ip6tables: No chain/target/match by that name.
12-25 00:16:07.452  1298  1331 D VoldConnector: RCV <- {651 public:179,0 2}
12-25 00:16:07.452  1298  1331 D VoldConnector: RCV <- {200 5 Command succeeded}
12-25 00:16:07.453  1298  1330 E VoldConnector: NDC Command {5 volume mount public:179,0 3 0} took too long (950ms)
12-25 00:16:07.468   961  1292 I ip6tables: ip6tables terminated by exit(1)
12-25 00:16:07.468   961  1292 E Netd    : exec() res=0, status=256 for /system/bin/ip6tables -w -X st_penalty_reject 
12-25 00:16:07.469   961  1292 I iptables: iptables: No chain/target/match by that name.
12-25 00:16:07.506   961  1292 I iptables: iptables terminated by exit(1)
12-25 00:16:07.506   961  1292 E Netd    : exec() res=0, status=256 for /system/bin/iptables -w -X st_clear_caught 
12-25 00:16:07.510   961  1292 I ip6tables: ip6tables: No chain/target/match by that name.
12-25 00:16:07.529   961  1292 I ip6tables: ip6tables terminated by exit(1)
12-25 00:16:07.529   961  1292 E Netd    : exec() res=0, status=256 for /system/bin/ip6tables -w -X st_clear_caught 
12-25 00:16:07.552   961  1292 I iptables: iptables: No chain/target/match by that name.
12-25 00:16:07.562   961  1292 I iptables: iptables terminated by exit(1)
12-25 00:16:07.562   961  1292 E Netd    : exec() res=0, status=256 for /system/bin/iptables -w -X st_clear_detect 
12-25 00:16:07.564   961  1292 I ip6tables: ip6tables: No chain/target/match by that name.
12-25 00:16:07.564   961  1292 I ip6tables: ip6tables terminated by exit(1)
12-25 00:16:07.564   961  1292 E Netd    : exec() res=0, status=256 for /system/bin/ip6tables -w -X st_clear_detect 
12-25 00:16:07.666  1370  1370 V SystemUIService: Starting SystemUI services.
12-25 00:16:08.051  1298  1298 E NetdConnector: NDC Command {7 strict enable} took too long (799ms)
12-25 00:16:08.253  1298  1298 D PermissionMonitor: Monitoring
12-25 00:16:08.255  1298  1298 D PermissionMonitor: Users: 1, Apps: 53
12-25 00:16:08.260  1298  1298 I SystemServiceManager: Starting phase 600
12-25 00:16:08.261  1298  1344 E BluetoothAdapter: Bluetooth binder is null
12-25 00:16:08.262  1298  1344 E BluetoothAdapter: Bluetooth binder is null
12-25 00:16:08.263   965  1280 I AudioFlinger: systemReady
12-25 00:16:08.280  1298  1298 I BackupManagerService: Backup enabled => true
12-25 00:16:08.343  1298  1298 E InputMethodManagerService: Ignoring updateSystemUiLocked due to an invalid token. uid:1000 token:null
12-25 00:16:08.351  1298  1298 I ActivityManager: Start proc 1507:com.android.inputmethod.latin/u0a33 for service com.android.inputmethod.latin/.LatinIME
12-25 00:16:08.352  1298  1298 V InputMethodManagerService: Adding window token: android.os.Binder@280d4ef
12-25 00:16:08.355  1507  1507 I art     : Late-enabling JIT
