12-25 00:16:08.357  1507  1507 I art     : JIT created with code_cache_capacity=2MB compile_threshold=1000
12-25 00:16:08.396  1377  1377 D ExternalStorage: After updating volumes, found 1 active roots
12-25 00:16:08.398  1377  1377 D ExternalStorage: After updating volumes, found 1 active roots
12-25 00:16:08.400  1377  1377 D ExternalStorage: After updating volumes, found 1 active roots
12-25 00:16:08.579  1298  1505 E WVMExtractor: Failed to open libwvm.so: dlopen failed: library "libwvm.so" not found
12-25 00:16:08.584  1298  1311 D GpsLocationProvider: Reset GPS properties, previous size = 0
12-25 00:16:08.584  1298  1311 D GpsLocationProvider: GpsParamsResource: SUPL_HOST=supl.google.com
12-25 00:16:08.585  1298  1311 D GpsLocationProvider: GpsParamsResource: SUPL_PORT=7275
12-25 00:16:08.585  1298  1311 D GpsLocationProvider: GpsParamsResource: NTP_SERVER=north-america.pool.ntp.org
12-25 00:16:08.585  1298  1311 D GpsLocationProvider: GpsParamsResource: SUPL_VER=0x20000
12-25 00:16:08.585  1298  1311 D GpsLocationProvider: GpsParamsResource: SUPL_MODE=1
12-25 00:16:08.585  1298  1311 W GpsLocationProvider: Could not open GPS configuration file /etc/gps.conf
12-25 00:16:08.585  1298  1311 D GpsLocationProvider: GPS properties reloaded, size = 5
12-25 00:16:08.585  1298  1311 E GpsLocationProvider: no AGPS interface in set_agps_server
12-25 00:16:08.708  1298  1298 E FlpHardwareProvider: Error hw_get_module 'flp': -2
12-25 00:16:08.708  1298  1298 E LocationManagerService: FLP HAL not supported
12-25 00:16:08.715  1298  1298 E ActivityRecognitionHardware: Error hw_get_module: -2
12-25 00:16:08.715  1298  1298 E LocationManagerService: Hardware Activity-Recognition not supported.
12-25 00:16:08.731  1298  1312 I ActivityManager: Start proc 1548:com.google.android.gms.persistent/u0a7 for broadcast com.google.android.gms/com.google.android.location.internal.NlpNetworkProviderSettingsUpdateReceiver
12-25 00:16:08.735  1298  1298 I CommonTimeManagementService: No common time service detected on this platform.  Common time services will be unavailable.
12-25 00:16:08.736  1298  1329 I InputReader: Reconfiguring input devices.  changes=0x00000020
12-25 00:16:08.738  1298  1329 I InputReader: Reconfiguring input devices.  changes=0x00000010
12-25 00:16:08.739  1298  1298 I MmsServiceBroker: Delay connecting to MmsService until an API is called
12-25 00:16:08.741  1298  1298 D MountService: onStartUser 0
12-25 00:16:08.741  1298  1298 D VoldConnector: SND -> {6 volume user_started 0}
12-25 00:16:08.741   941  1001 D vold    : Linking /storage/080C-1309 to /mnt/user/0/primary
12-25 00:16:08.741  1298  1331 D VoldConnector: RCV <- {200 6 Command succeeded}
12-25 00:16:08.742  1298  1330 D MountService: Volume public:179,0 broadcasting mounted to UserHandle{0}
12-25 00:16:08.743  1298  1298 W VoiceInteractionManagerService: no available voice interaction services found for user 0
12-25 00:16:08.743  1298  1298 W VoiceInteractionManagerService: no available voice recognition services found for user 0
12-25 00:16:08.747  1298  1311 E GpsLocationProvider: no AGPS interface in set_agps_server
12-25 00:16:08.782  1298  1298 I ActivityManager: Start proc 1559:com.android.phone/1001 for added application com.android.phone
12-25 00:16:08.783  1298  1298 I ActivityManager: START u0 {act=android.intent.action.MAIN cat=[android.intent.category.HOME] flg=0x10000000 cmp=com.android.launcher3/.Launcher} from uid 0 on display 0
12-25 00:16:08.810  1298  1298 I ActivityManager: Start proc 1566:com.android.launcher3/u0a8 for activity com.android.launcher3/.Launcher
12-25 00:16:08.871  1559  1559 I art     : Late-enabling JIT
12-25 00:16:08.874  1559  1559 I art     : JIT created with code_cache_capacity=2MB compile_threshold=1000
12-25 00:16:08.875  1548  1548 I art     : Late-enabling JIT
12-25 00:16:08.877  1548  1548 I art     : JIT created with code_cache_capacity=2MB compile_threshold=1000
12-25 00:16:08.878  1370  1530 E WVMExtractor: Failed to open libwvm.so: dlopen failed: library "libwvm.so" not found
12-25 00:16:08.881  1566  1566 I art     : Late-enabling JIT
12-25 00:16:08.883  1566  1566 I art     : JIT created with code_cache_capacity=2MB compile_threshold=1000
12-25 00:16:08.892  1365  1365 I art     : System.exit called, status: 0
12-25 00:16:08.892  1365  1365 I AndroidRuntime: VM exiting with result code 0, cleanup skipped.
12-25 00:16:08.903  1298  1313 W art     : Long monitor contention event with owner method=void com.android.server.am.ActivityManagerService.systemReady(java.lang.Runnable) from ActivityManagerService.java:11788 waiters=0 for 160ms
12-25 00:16:08.913  1298  1298 I SystemServer: Enabled StrictMode for system server main thread.
12-25 00:16:08.922  1582  1582 I art     : Late-enabling JIT
12-25 00:16:08.925  1582  1582 I art     : JIT created with code_cache_capacity=2MB compile_threshold=1000
12-25 00:16:08.954  1298  1311 I ActivityManager: Start proc 1582:com.android.printspooler/u0a44 for service com.android.printspooler/.model.PrintSpoolerService
12-25 00:16:08.970  1298  1298 D RttService: SCAN_AVAILABLE : 1
12-25 00:16:08.989  1298  1352 D RttService: DefaultState got{ when=-18ms what=160513 target=com.android.internal.util.StateMachine$SmHandler }
12-25 00:16:09.000   965   965 W OMXNodeInstance: [f:google.mpeg2.decoder] component does not support metadata mode; using fallback
12-25 00:16:09.020  1566  1566 W System  : ClassLoader referenced unknown path: /system/priv-app/Launcher3/lib/x86
12-25 00:16:09.032  1298  1298 I Choreographer: Skipped 163 frames!  The application may be doing too much work on its main thread.
12-25 00:16:09.083  1548  1548 W System  : ClassLoader referenced unknown path: /system/priv-app/PrebuiltGmsCore/lib/x86
12-25 00:16:09.109  1548  1584 I art     : Debugger is no longer active
12-25 00:16:09.123  1559  1559 W System  : ClassLoader referenced unknown path: /system/priv-app/TeleService/lib/x86
12-25 00:16:09.166   965   965 W OMXNodeInstance: [10:google.mpeg4.decoder] component does not support metadata mode; using fallback
12-25 00:16:09.192   965   965 W OMXNodeInstance: [11:google.h263.decoder] component does not support metadata mode; using fallback
12-25 00:16:09.206  1298  1298 W System  : ClassLoader referenced unknown path: /system/priv-app/Telecom/lib/x86
12-25 00:16:09.239   965   965 D SoftAVCDec: Number of CPU cores: 1
12-25 00:16:09.269   965   965 W OMXNodeInstance: [12:google.h264.decoder] component does not support metadata mode; using fallback
12-25 00:16:09.269   965   965 D SoftAVCDec: Number of CPU cores: 1
12-25 00:16:09.279   965   965 D SoftHEVC: Number of CPU cores: 1
12-25 00:16:09.282   965   965 D SoftHEVC: Initializing decoder
12-25 00:16:09.285   965   965 D SoftHEVC: Set number of cores to 1
12-25 00:16:09.285   965   965 D SoftHEVC: Ittiam decoder version number: @(#)Id:HEVCDEC_production Ver:04.04 Released by ITTIAM Build: Nov  5 2015 @ 15:35:41
12-25 00:16:09.285   965   965 W OMXNodeInstance: [13:google.hevc.decoder] component does not support metadata mode; using fallback
12-25 00:16:09.285   965   965 D SoftHEVC: Freeing codec memory
12-25 00:16:09.286   965   965 D SoftHEVC: Number of CPU cores: 1
12-25 00:16:09.286   965   965 D SoftHEVC: Initializing decoder
12-25 00:16:09.286   965   965 D SoftHEVC: Set number of cores to 1
12-25 00:16:09.286   965   965 D SoftHEVC: Ittiam decoder version number: @(#)Id:HEVCDEC_production Ver:04.04 Released by ITTIAM Build: Nov  5 2015 @ 15:35:41
12-25 00:16:09.286   965   965 D SoftHEVC: In SoftHEVC::~SoftHEVC
12-25 00:16:09.286   965   965 D SoftHEVC: Freeing codec memory
12-25 00:16:09.303   965   965 W OMXNodeInstance: [14:google.vp8.decoder] component does not support metadata mode; using fallback
12-25 00:16:09.306   965   965 W OMXNodeInstance: [15:google.vp9.decoder] component does not support metadata mode; using fallback
12-25 00:16:09.355   965   965 I SoftMPEG4Encoder: Construct SoftMPEG4Encoder
12-25 00:16:09.355   965   965 W ACodec  : do not know color format 0x7f000789 = 2130708361
12-25 00:16:09.374   965   965 W ACodec  : do not know color format 0x7f000789 = 2130708361
12-25 00:16:09.375   965   965 I SoftMPEG4Encoder: Construct SoftMPEG4Encoder
12-25 00:16:09.375   965   965 W ACodec  : do not know color format 0x7f000789 = 2130708361
12-25 00:16:09.426   965   965 W ACodec  : do not know color format 0x7f000789 = 2130708361
12-25 00:16:09.426   965   965 W MediaCodecList: unable to open media codecs configuration xml file: /etc/media_codecs_performance.xml
12-25 00:16:09.449   965   965 W MediaCodecList: unable to open media codecs configuration xml file: /data/misc/media/media_codecs_profiling_results.xml
12-25 00:16:09.452  1370  1575 I OMXClient: Using client-side OMX mux.
12-25 00:16:09.460  1298  1521 I OMXClient: Using client-side OMX mux.
12-25 00:16:09.682  1370  1647 I OMXClient: Using client-side OMX mux.
12-25 00:16:10.186  1298  1651 I OMXClient: Using client-side OMX mux.
12-25 00:16:10.300  1370  1654 I OMXClient: Using client-side OMX mux.
12-25 00:16:10.339  1559  1559 W System  : ClassLoader referenced unknown path: /system/priv-app/TelephonyProvider/lib/x86
12-25 00:16:10.377  1298  1657 I OMXClient: Using client-side OMX mux.
12-25 00:16:10.960  1559  1559 D TelephonyProvider: dbh.onOpen: ok, queried table=siminfo
12-25 00:16:10.960  1559  1559 D TelephonyProvider: dbh.onOpen: ok, queried table=carriers
12-25 00:16:11.173  1298  1298 E BluetoothAdapter: Bluetooth binder is null
12-25 00:16:11.185  1298  1662 I OMXClient: Using client-side OMX mux.
12-25 00:16:11.208  1298  1317 W WindowManager: Window freeze timeout expired.
12-25 00:16:11.208  1298  1317 W WindowManager: Force clearing orientation change: Window{c4247fa u0 KeyguardScrim}
12-25 00:16:11.263  1582  1582 I PrintSpoolerService: No existing print spooler state.
12-25 00:16:11.399  1298  1666 I OMXClient: Using client-side OMX mux.
12-25 00:16:11.496  1298  1669 I ActivityManager: Start proc 1670:android.process.acore/u0a2 for content provider com.android.providers.contacts/.CallLogProvider
12-25 00:16:11.541  1670  1670 I art     : Late-enabling JIT
12-25 00:16:11.545  1670  1670 I art     : JIT created with code_cache_capacity=2MB compile_threshold=1000
12-25 00:16:11.592  1670  1670 W System  : ClassLoader referenced unknown path: /system/priv-app/ContactsProvider/lib/x86
12-25 00:16:11.604  1548  1584 W art     : Suspending all threads took: 2.495s
12-25 00:16:11.789  1298  1298 E BluetoothAdapter: Bluetooth binder is null
12-25 00:16:11.790  1298  1298 I Telecom : Class: TelecomSystem.INSTANCE being set
12-25 00:16:11.790  1298  1298 E BluetoothAdapter: Bluetooth binder is null
12-25 00:16:11.800  1298  1298 I PackageManager: Updating external media status from unmounted to mounted
12-25 00:16:11.800  1298  1322 D VoldConnector: SND -> {7 asec list}
12-25 00:16:12.109  1298  1685 I OMXClient: Using client-side OMX mux.
12-25 00:16:12.145  1507  1507 I LatinIME: Hardware accelerated drawing: true
12-25 00:16:12.287  1370  1417 I art     : Background sticky concurrent mark sweep GC freed 4440(634KB) AllocSpace objects, 2(40KB) LOS objects, 28% free, 2MB/3MB, paused 1.433ms total 560.922ms
12-25 00:16:12.467  1298  1429 W art     : Long monitor contention event with owner method=void com.android.server.pm.UserManagerService$MainHandler.handleMessage(android.os.Message) from UserManagerService.java:2031 waiters=2 for 118ms
12-25 00:16:12.525  1298  1428 W art     : Long monitor contention event with owner method=int com.android.server.am.ActivityManagerService.broadcastIntent(android.app.IApplicationThread, android.content.Intent, java.lang.String, android.content.IIntentReceiver, int, java.lang.String, android.os.Bundle, java.lang.String[], int, android.os.Bundle, boolean, boolean, int) from ActivityManagerService.java:16931 waiters=1 for 189ms
12-25 00:16:12.525  1298  1298 D GpsNetInitiatedHandler: location enabled :true
12-25 00:16:12.525  1298  1298 V WiredAccessoryManager: init()
12-25 00:16:12.530  1566  1566 V Launcher: LauncherAppState inited
12-25 00:16:12.588  1370  1370 I vol.Events: writeEvent collection_started
12-25 00:16:12.602  1370  1692 I vol.Events: writeEvent external_ringer_mode_changed normal
12-25 00:16:12.602  1370  1692 I vol.Events: writeEvent internal_ringer_mode_changed normal
12-25 00:16:12.664   952  1013 D PermissionCache: checking android.permission.HARDWARE_TEST for uid=1000 => granted (246 us)
12-25 00:16:12.681  1298  1312 I ActivityManager: Start proc 1693:com.android.music/u0a38 for broadcast com.android.music/.MediaButtonIntentReceiver
12-25 00:16:12.708  1298  1298 V BackupManagerService: Connected to transport ComponentInfo{android/com.android.internal.backup.LocalTransportService}
12-25 00:16:12.708  1298  1298 V BackupManagerService: Registering transport android/com.android.internal.backup.LocalTransportService::android/com.android.internal.backup.LocalTransport = android.app.backup.BackupTransport$TransportImpl@180bd1a
12-25 00:16:12.710  1298  1298 I Choreographer: Skipped 209 frames!  The application may be doing too much work on its main thread.
12-25 00:16:12.720  1298  1298 D         : HostConnection::get() New Host Connection established 0x9c8d65d0, tid 1298
12-25 00:16:13.062  1693  1693 I art     : Late-enabling JIT
12-25 00:16:13.064  1693  1693 I art     : JIT created with code_cache_capacity=2MB compile_threshold=1000
12-25 00:16:13.076  1670  1670 W System  : ClassLoader referenced unknown path: /system/app/UserDictionaryProvider/lib/x86
12-25 00:16:13.118  1566  1566 D Launcher.Model: Old launcher provider: content://com.android.launcher2.settings/favorites?notify=true
12-25 00:16:13.118  1566  1566 D Launcher.Model: Old launcher provider does not exist.
12-25 00:16:13.223  1693  1693 W System  : ClassLoader referenced unknown path: /system/app/Music/lib/x86
12-25 00:16:13.472  1548  1548 I MultiDex: VM with version 2.1.0 has multidex support
12-25 00:16:13.473  1548  1548 I MultiDex: install
12-25 00:16:13.473  1548  1548 I MultiDex: VM has multidex support, MultiDex support library is disabled.
12-25 00:16:14.120  1298  1572 W art     : Long monitor contention event with owner method=void com.android.server.am.ActivityManagerService.publishContentProviders(android.app.IApplicationThread, java.util.List) from ActivityManagerService.java:9851 waiters=0 for 277ms
12-25 00:16:14.121  1298  1608 W art     : Long monitor contention event with owner method=void com.android.server.am.ActivityManagerService.publishContentProviders(android.app.IApplicationThread, java.util.List) from ActivityManagerService.java:9851 waiters=1 for 278ms
12-25 00:16:14.133  1718  1718 I art     : Late-enabling JIT
12-25 00:16:14.135  1718  1718 I art     : JIT created with code_cache_capacity=2MB compile_threshold=1000
12-25 00:16:14.141  1298  1698 I ActivityManager: Start proc 1718:android.process.media/u0a5 for content provider com.android.providers.media/.MediaProvider
12-25 00:16:14.210  1370  1692 I vol.Events: writeEvent level_changed STREAM_ALARM 6
12-25 00:16:14.210  1370  1692 I vol.Events: writeEvent level_changed STREAM_BLUETOOTH_SCO 7
12-25 00:16:14.211  1370  1692 I vol.Events: writeEvent level_changed STREAM_MUSIC 11
12-25 00:16:14.213  1370  1692 I vol.Events: writeEvent level_changed STREAM_RING 5
12-25 00:16:14.214  1370  1692 I vol.Events: writeEvent level_changed STREAM_SYSTEM 5
12-25 00:16:14.214  1370  1692 I vol.Events: writeEvent level_changed STREAM_VOICE_CALL 4
12-25 00:16:14.217  1718  1718 W System  : ClassLoader referenced unknown path: /system/priv-app/MediaProvider/lib/x86
12-25 00:16:14.286  1370  1370 D StorageNotification: Notifying about private volume: VolumeInfo{private}:
12-25 00:16:14.286  1370  1370 D StorageNotification:     type=PRIVATE diskId=null partGuid=null mountFlags=0 mountUserId=-1 
12-25 00:16:14.286  1370  1370 D StorageNotification:     state=MOUNTED 
12-25 00:16:14.286  1370  1370 D StorageNotification:     fsType=null fsUuid=null fsLabel=null 
12-25 00:16:14.286  1370  1370 D StorageNotification:     path=/data internalPath=null 
12-25 00:16:14.287  1370  1370 D StorageNotification: Notifying about public volume: VolumeInfo{public:179,0}:
12-25 00:16:14.287  1370  1370 D StorageNotification:     type=PUBLIC diskId=disk:179,0 partGuid=null mountFlags=PRIMARY|VISIBLE 
12-25 00:16:14.287  1370  1370 D StorageNotification:     mountUserId=0 state=MOUNTED 
12-25 00:16:14.287  1370  1370 D StorageNotification:     fsType=vfat fsUuid=080C-1309 fsLabel=SDCARD 
12-25 00:16:14.287  1370  1370 D StorageNotification:     path=/storage/080C-1309 internalPath=/mnt/media_rw/080C-1309 
12-25 00:16:14.288  1298  1331 D VoldConnector: RCV <- {200 7 asec operation succeeded}
12-25 00:16:14.331  1298  1304 I art     : Background sticky concurrent mark sweep GC freed 33350(3MB) AllocSpace objects, 14(276KB) LOS objects, 17% free, 12MB/15MB, paused 1.589ms total 2.510s
12-25 00:16:14.692  1298  1322 E VoldConnector: NDC Command {7 asec list} took too long (2892ms)
12-25 00:16:14.693  1298  1322 I PackageManager: No secure containers found
12-25 00:16:14.699  1298  1572 W art     : Long monitor contention event with owner method=android.os.Message android.os.MessageQueue.next() from MessageQueue.java:325 waiters=0 for 430ms
12-25 00:16:14.699  1298  1608 W art     : Long monitor contention event with owner method=android.os.Message android.os.MessageQueue.next() from MessageQueue.java:325 waiters=1 for 411ms
12-25 00:16:14.711  1298  1322 W PackageManager: Not granting permission com.google.android.googleapps.permission.GOOGLE_AUTH to package com.android.providers.calendar (protectionLevel=2 flags=0x30883e45)
12-25 00:16:14.712  1298  1322 W PackageManager: Not granting permission com.google.android.googleapps.permission.GOOGLE_AUTH.cl to package com.android.providers.calendar (protectionLevel=2 flags=0x30883e45)
12-25 00:16:14.713  1298  1322 W PackageManager: Not granting permission android.permission.GLOBAL_SEARCH to package com.android.quicksearchbox (protectionLevel=18 flags=0x3888be45)
12-25 00:16:14.714  1298  1322 W PackageManager: Not granting permission android.permission.ACCESS_DOWNLOAD_MANAGER to package com.android.browser (protectionLevel=18 flags=0x3889be45)
12-25 00:16:14.714  1298  1322 W PackageManager: Not granting permission android.permission.SEND_DOWNLOAD_COMPLETED_INTENTS to package com.android.browser (protectionLevel=2 flags=0x3889be45)
12-25 00:16:14.714  1298  1322 W PackageManager: Unknown permission com.android.launcher.permission.READ_SETTINGS in package com.android.launcher3
12-25 00:16:14.714  1298  1322 W PackageManager: Unknown permission com.android.launcher.permission.WRITE_SETTINGS in package com.android.launcher3
12-25 00:16:14.714  1298  1322 W PackageManager: Not granting permission com.google.android.googleapps.permission.GOOGLE_AUTH.mail to package com.android.calendar (protectionLevel=2 flags=0x3089be45)
12-25 00:16:14.714  1298  1322 W PackageManager: Not granting permission android.permission.ACCESS_FINE_LOCATION to package zeljkok.autumnsky.hikeswithaview because it was previously installed without
12-25 00:16:14.715  1298  1322 W PackageManager: Not granting permission android.permission.WRITE_EXTERNAL_STORAGE to package zeljkok.autumnsky.hikeswithaview because it was previously installed without
12-25 00:16:14.715  1298  1322 W PackageManager: Not granting permission android.permission.READ_EXTERNAL_STORAGE to package zeljkok.autumnsky.hikeswithaview because it was previously installed without
12-25 00:16:14.715  1298  1322 W PackageManager: Not granting permission android.permission.GET_ACCOUNTS to package zeljkok.autumnsky.hikeswithaview because it was previously installed without
12-25 00:16:14.715  1298  1322 W PackageManager: Unknown permission com.google.android.apps.enterprise.dmagent.permission.AutoSyncPermission in package com.google.android.gms
12-25 00:16:14.715  1298  1322 W PackageManager: Unknown permission com.google.android.googlequicksearchbox.permission.PAUSE_HOTWORD in package com.google.android.gms
12-25 00:16:14.716  1298  1322 W PackageManager: Unknown permission com.google.android.hangouts.START_HANGOUT in package com.google.android.gms
12-25 00:16:14.716  1298  1322 W PackageManager: Unknown permission com.google.android.wearable.READ_SETTINGS in package com.google.android.gms
12-25 00:16:14.716  1298  1322 W PackageManager: Unknown permission com.google.android.gm.permission.READ_GMAIL in package com.google.android.gms
12-25 00:16:14.716  1298  1322 W PackageManager: Unknown permission com.google.android.launcher.permission.RECEIVE_LAUNCH_BROADCASTS in package com.google.android.gms
12-25 00:16:14.716  1298  1322 W PackageManager: Not granting permission android.permission.MANAGE_DOCUMENTS to package com.google.android.gms (protectionLevel=2 flags=0xb8c83e45)
12-25 00:16:14.716  1298  1322 W PackageManager: Not granting permission android.permission.DELETE_PACKAGES to package com.svox.pico (protectionLevel=18 flags=0x3888be45)
12-25 00:16:14.716  1298  1322 W PackageManager: Not granting permission android.permission.READ_CONTACTS to package com.example.android.apis because it was previously installed without
12-25 00:16:14.716  1298  1322 W PackageManager: Not granting permission android.permission.WRITE_CONTACTS to package com.example.android.apis because it was previously installed without
12-25 00:16:14.717  1298  1322 W PackageManager: Not granting permission android.permission.ACCESS_COARSE_LOCATION to package com.example.android.apis because it was previously installed without
12-25 00:16:14.717  1298  1322 W PackageManager: Not granting permission android.permission.WRITE_EXTERNAL_STORAGE to package com.example.android.apis because it was previously installed without
12-25 00:16:14.717  1298  1322 W PackageManager: Not granting permission android.permission.SEND_SMS to package com.example.android.apis because it was previously installed without
12-25 00:16:14.717  1298  1322 W PackageManager: Not granting permission android.permission.RECEIVE_SMS to package com.example.android.apis because it was previously installed without
12-25 00:16:14.717  1298  1322 W PackageManager: Not granting permission android.permission.RECEIVE_MMS to package com.example.android.apis because it was previously installed without
12-25 00:16:14.717  1298  1322 W PackageManager: Not granting permission android.permission.READ_SMS to package com.example.android.apis because it was previously installed without
12-25 00:16:14.717  1298  1322 W PackageManager: Not granting permission android.permission.READ_PHONE_STATE to package com.example.android.apis because it was previously installed without
12-25 00:16:14.717  1298  1322 W PackageManager: Not granting permission android.permission.RECORD_AUDIO to package com.example.android.apis because it was previously installed without
12-25 00:16:14.717  1298  1322 W PackageManager: Not granting permission android.permission.CAMERA to package com.example.android.apis because it was previously installed without
12-25 00:16:14.717  1298  1322 W PackageManager: Not granting permission android.permission.READ_EXTERNAL_STORAGE to package com.example.android.apis because it was previously installed without
12-25 00:16:14.717  1298  1322 W PackageManager: Not granting permission android.permission.CONTROL_KEYGUARD to package com.google.android.gsf.login (protectionLevel=2 flags=0x30c8be45)
12-25 00:16:14.718  1298  1322 W PackageManager: Unknown permission com.android.vending.billing.BILLING_ACCOUNT_SERVICE in package com.google.android.gsf.login
12-25 00:16:14.718  1298  1322 W PackageManager: Unknown permission com.android.vending.billing.ADD_CREDIT_CARD in package com.google.android.gsf.login
12-25 00:16:14.718  1298  1322 W PackageManager: Unknown permission com.android.vending.billing.IBillingAccountService.BIND2 in package com.google.android.gsf.login
12-25 00:16:14.718  1298  1322 W PackageManager: Unknown permission com.android.vending.TOS_ACKED in package com.google.android.gsf.login
12-25 00:16:14.718  1298  1322 W PackageManager: Unknown permission com.android.chrome.TOS_ACKED in package com.google.android.gsf.login
12-25 00:16:14.718  1298  1322 W PackageManager: Unknown permission com.android.launcher.permission.READ_SETTINGS in package com.android.settings
12-25 00:16:14.718  1298  1322 W PackageManager: Unknown permission com.android.launcher.permission.WRITE_SETTINGS in package com.android.settings
12-25 00:16:14.718  1298  1322 W PackageManager: Unknown permission com.android.smspush.WAPPUSH_MANAGER_BIND in package com.android.phone
12-25 00:16:14.719  1298  1322 W PackageManager: Not granting permission android.permission.BIND_APPWIDGET to package com.android.widgetpreview (protectionLevel=18 flags=0x1808be44)
12-25 00:16:14.726  1298  1428 W art     : Long monitor contention event with owner method=android.app.IActivityManager$ContentProviderHolder com.android.server.am.ActivityManagerService.getContentProviderImpl(android.app.IApplicationThread, java.lang.String, android.os.IBinder, boolean, int) from ActivityManagerService.java:9413 waiters=1 for 394ms
12-25 00:16:14.726  1298  1309 W art     : Long monitor contention event with owner method=android.app.IActivityManager$ContentProviderHolder com.android.server.am.ActivityManagerService.getContentProviderImpl(android.app.IApplicationThread, java.lang.String, android.os.IBinder, boolean, int) from ActivityManagerService.java:9413 waiters=2 for 339ms
12-25 00:16:14.729  1718  1718 W System  : ClassLoader referenced unknown path: /system/priv-app/DownloadProvider/lib/x86
12-25 00:16:14.731  1507  1507 W InputAttributes: No editor info for this field. Bug?
12-25 00:16:14.965  1298  1310 W art     : Long monitor contention event with owner method=void com.android.server.pm.PackageManagerService.loadMediaPackages(android.util.ArrayMap, int[]) from PackageManagerService.java:15562 waiters=0 for 237ms
12-25 00:16:14.969  1298  1309 W art     : Long monitor contention event with owner method=void com.android.server.pm.PackageManagerService.loadMediaPackages(android.util.ArrayMap, int[]) from PackageManagerService.java:15562 waiters=1 for 232ms
12-25 00:16:14.969  1298  1429 W art     : Long monitor contention event with owner method=void com.android.server.pm.PackageManagerService.loadMediaPackages(android.util.ArrayMap, int[]) from PackageManagerService.java:15562 waiters=2 for 185ms
12-25 00:16:14.970  1298  1428 W art     : Long monitor contention event with owner method=void com.android.server.pm.PackageManagerService.loadMediaPackages(android.util.ArrayMap, int[]) from PackageManagerService.java:15562 waiters=5 for 125ms
12-25 00:16:15.018  1298  1310 I ActivityManager: Start proc 1739:com.google.process.gapps/u0a7 for content provider com.google.android.gsf/.gservices.GservicesProvider
12-25 00:16:15.021  1298  1572 W art     : Long monitor contention event with owner method=android.app.IActivityManager$ContentProviderHolder com.android.server.am.ActivityManagerService.getContentProviderImpl(android.app.IApplicationThread, java.lang.String, android.os.IBinder, boolean, int) from ActivityManagerService.java:9413 waiters=2 for 292ms
12-25 00:16:15.023  1298  1608 W art     : Long monitor contention event with owner method=android.app.IActivityManager$ContentProviderHolder com.android.server.am.ActivityManagerService.getContentProviderImpl(android.app.IApplicationThread, java.lang.String, android.os.IBinder, boolean, int) from ActivityManagerService.java:9413 waiters=3 for 269ms
12-25 00:16:15.027  1566  1709 W Launcher: setApplicationContext called twice! old=android.app.Application@dc2486f new=android.app.Application@dc2486f
12-25 00:16:15.034  1298  1735 I AccountManagerService: getTypesVisibleToCaller: isPermitted? true
12-25 00:16:15.051  1739  1739 I art     : Late-enabling JIT
12-25 00:16:15.054  1739  1739 I art     : JIT created with code_cache_capacity=2MB compile_threshold=1000
12-25 00:16:15.110  1739  1739 W System  : ClassLoader referenced unknown path: /system/priv-app/GoogleServicesFramework/lib/x86
12-25 00:16:15.413  1370  1417 I art     : Background partial concurrent mark sweep GC freed 10300(561KB) AllocSpace objects, 0(0B) LOS objects, 40% free, 2MB/4MB, paused 5.936ms total 47.539ms
12-25 00:16:15.579  1298  1311 W art     : Long monitor contention event with owner method=void com.android.server.pm.PackageManagerService.loadMediaPackages(android.util.ArrayMap, int[]) from PackageManagerService.java:15562 waiters=4 for 736ms
12-25 00:16:15.585  1298  1322 D VoldConnector: SND -> {8 asec list}
12-25 00:16:15.585  1298  1331 D VoldConnector: RCV <- {200 8 asec operation succeeded}
12-25 00:16:15.685  1298  1716 I StatusBarManagerService: registerStatusBar bar=com.android.internal.statusbar.IStatusBar$Stub$Proxy@434873a
12-25 00:16:16.211  1566  1589 I art     : Background sticky concurrent mark sweep GC freed 7620(664KB) AllocSpace objects, 3(72KB) LOS objects, 31% free, 2MB/3MB, paused 1.205ms total 241.056ms
12-25 00:16:16.391  1298  1304 I art     : Background partial concurrent mark sweep GC freed 19846(2MB) AllocSpace objects, 14(6MB) LOS objects, 33% free, 6MB/9MB, paused 3.097ms total 377.053ms
12-25 00:16:16.543  1670  1683 W art     : Long monitor contention event with owner method=long android.database.sqlite.SQLiteConnection.nativeOpen(java.lang.String, int, java.lang.String, boolean, boolean) from SQLiteConnection.java:4294967294 waiters=0 for 3.051s
12-25 00:16:16.622  1739  1739 I GservicesProvider: Gservices pushing to system: true; secure/global: true
12-25 00:16:16.635  1298  1338 D WifiService: New client listening to asynchronous messages
12-25 00:16:16.691  1298  1358 D NetUtils: dhcp_start failed : eth0
12-25 00:16:16.691  1298  1358 E EthernetNetworkFactory: DHCP request error:Timed out waiting for dhcpcd to start
12-25 00:16:16.889   952  1011 E SurfaceFlinger: ro.sf.lcd_density must be defined as a build property
12-25 00:16:16.889  1566  1764 D OpenGLRenderer: Use EGL_SWAP_BEHAVIOR_PRESERVED: true
12-25 00:16:16.911  1566  1566 D         : HostConnection::get() New Host Connection established 0xabdf1f50, tid 1566
12-25 00:16:16.951  1566  1764 D         : HostConnection::get() New Host Connection established 0xabf27bc0, tid 1764
12-25 00:16:16.959  1566  1764 I OpenGLRenderer: Initialized EGL, version 1.4
12-25 00:16:17.025   952  1571 D         : HostConnection::get() New Host Connection established 0xb6bff210, tid 1571
12-25 00:16:17.050  1566  1764 W EGL_emulation: eglSurfaceAttrib not implemented
12-25 00:16:17.050  1566  1764 W OpenGLRenderer: Failed to set EGL_SWAP_BEHAVIOR on surface 0xad7326a0, error=EGL_SUCCESS
12-25 00:16:17.091  1370  1417 I art     : Background sticky concurrent mark sweep GC freed 10958(877KB) AllocSpace objects, 0(0B) LOS objects, 0% free, 4MB/4MB, paused 1.308ms total 390.823ms
12-25 00:16:17.231  1507  1753 I LatinIME:LogUtils: Dictionary info: dictionary = contacts.en_US ; version = 1451027776 ; date = ?
12-25 00:16:17.239  1298  1309 W art     : Long monitor contention event with owner method=void libcore.io.Posix.fsync(java.io.FileDescriptor) from Posix.java:4294967294 waiters=0 for 1.196s
12-25 00:16:17.242  1298  1309 I AccountManagerService: getTypesVisibleToCaller: isPermitted? true
12-25 00:16:17.243  1298  1319 W art     : Long monitor contention event with owner method=void com.android.server.power.PowerManagerService.acquireWakeLockInternal(android.os.IBinder, int, java.lang.String, java.lang.String, android.os.WorkSource, java.lang.String, int, int) from PowerManagerService.java:775 waiters=0 for 277ms
12-25 00:16:17.280  1370  1370 E BluetoothAdapter: Bluetooth binder is null
12-25 00:16:17.348  1298  1317 I ActivityManager: Displayed com.android.launcher3/.Launcher: +8s561ms
12-25 00:16:17.367  1298  1312 V KeyguardServiceDelegate: *** Keyguard started
12-25 00:16:17.385  1298  1312 W KeyguardServiceDelegate: onScreenTurningOn(): no keyguard service!
12-25 00:16:17.389  1298  1572 D ConnectivityService: listenForNetwork for Listen from uid/pid:10014/1370 for NetworkRequest [ id=3, legacyType=-1, [] ]
12-25 00:16:17.429  1370  1370 I CameraManagerGlobal: Connecting to camera service
12-25 00:16:17.496   952  1571 E SurfaceFlinger: ro.sf.lcd_density must be defined as a build property
12-25 00:16:17.496  1370  1776 D OpenGLRenderer: Use EGL_SWAP_BEHAVIOR_PRESERVED: true
12-25 00:16:17.497  1370  1776 D OpenGLRenderer: profile bars disabled
12-25 00:16:17.497  1370  1776 D OpenGLRenderer: ambientRatio = 1.50
12-25 00:16:17.522  1370  1370 D         : HostConnection::get() New Host Connection established 0xab42d290, tid 1370
12-25 00:16:17.530  1370  1370 D PhoneStatusBar: disable: < EXPAND* icons alerts system_info BACK* HOME* RECENT* clock SEARCH* quick_settings >
12-25 00:16:17.572  1370  1370 D PhoneStatusBar: heads up is enabled
12-25 00:16:17.609  1762  1762 D AndroidRuntime: >>>>>> START com.android.internal.os.RuntimeInit uid 0 <<<<<<
12-25 00:16:17.610  1762  1762 D AndroidRuntime: CheckJNI is ON
12-25 00:16:17.631  1762  1762 I art     : JIT created with code_cache_capacity=2MB compile_threshold=1000
12-25 00:16:17.633  1762  1762 D ICU     : No timezone override file found: /data/misc/zoneinfo/current/icu/icu_tzdata.dat
12-25 00:16:17.814  1370  1417 I art     : Background sticky concurrent mark sweep GC freed 4283(353KB) AllocSpace objects, 0(0B) LOS objects, 0% free, 10MB/10MB, paused 2.860ms total 116.495ms
12-25 00:16:17.916  1559  1778 E DcSwitchStateMachine-0: DctController is not ready
12-25 00:16:17.917  1298  1339 E ConnectivityService: Failed to find Messenger in unregisterNetworkFactory
12-25 00:16:17.918  1298  1339 D ConnectivityService: Got NetworkFactory Messenger for Telephony
12-25 00:16:18.005  1739  1739 I GoogleHttpClient: GMS http client unavailable, use old client
12-25 00:16:18.078  1670  1690 I ContactLocale: AddressBook Labels [en-US]: [, A, B, C, D, E, F, G, H, I, J, K, L, M, N, O, P, Q, R, S, T, U, V, W, X, Y, Z, , , , , , , , , , , , , , , , , , , , , , , , , , , , , , , , , , , , , , , , , , , , , , , , , , , , , , , , , , , , , , , , , , , , , , , , , , , , , , , , , , , , , , , , , , , , , , , , , , , , , , , , , , , , , , , , , , , , , , , , , , , , , , , , , , , , , , , , , , , , , , , , , , , , , , , , , , , , , , , , , , , , , , , , , , , , , , , , , , , , , , , , , , , #, ]
12-25 00:16:18.087  1559  1559 D CarrierConfigLoader: CarrierConfigLoader has started
12-25 00:16:18.087  1559  1559 E BluetoothAdapter: Bluetooth binder is null
12-25 00:16:18.155   952  1011 I SurfaceFlinger: Boot is finished (38125 ms)
12-25 00:16:18.160  1370  1370 I Choreographer: Skipped 56 frames!  The application may be doing too much work on its main thread.
12-25 00:16:18.162  1370  1370 D ViewRootImpl: changeCanvasOpacity: opaque=true
12-25 00:16:18.220  1049  1064 E Surface : getSlotFromBufferLocked: unknown buffer: 0xb65d2310
12-25 00:16:18.280  1559  1559 I Telephony: TtyManager: updateUiTtyMode -1 -> 0
12-25 00:16:18.319  1566  1566 D Launcher: bindAppWidget: AppWidget(id=3)
12-25 00:16:18.319  1566  1566 D Launcher: bindAppWidget: id=3 belongs to component ComponentInfo{com.android.deskclock/com.android.alarmclock.AnalogAppWidgetProvider}
12-25 00:16:18.324  1298  1698 I AccountManagerService: getTypesVisibleToCaller: isPermitted? true
12-25 00:16:18.395  1298  1313 W WindowManager: Keyguard drawn timeout. Setting mKeyguardDrawComplete
12-25 00:16:18.402  1298  1698 D AlarmManagerService: Kernel timezone updated to 420 minutes west of GMT
12-25 00:16:18.404  1298  1572 D AlarmManagerService: Setting time of day to sec=1451027783
12-25 00:16:23.199  1298  1572 W AlarmManagerService: Unable to set rtc to 1451027783: No such device
12-25 00:16:23.214  1566  1589 I art     : Background partial concurrent mark sweep GC freed 3043(397KB) AllocSpace objects, 3(84KB) LOS objects, 40% free, 3MB/5MB, paused 66.872ms total 88.633ms
12-25 00:16:23.344  1559  1559 D TelephonyDebugService: TelephonyDebugService()
12-25 00:16:23.400  1370  1776 D         : HostConnection::get() New Host Connection established 0xab42dd80, tid 1776
12-25 00:16:23.417  1370  1776 I OpenGLRenderer: Initialized EGL, version 1.4
12-25 00:16:23.488  1370  1776 W EGL_emulation: eglSurfaceAttrib not implemented
12-25 00:16:23.488  1370  1776 W OpenGLRenderer: Failed to set EGL_SWAP_BEHAVIOR on surface 0xa1fd93a0, error=EGL_SUCCESS
12-25 00:16:23.516  1559  1559 D CarrierConfigLoader: mHandler: 12 phoneId: 0
12-25 00:16:23.837  1548  1548 V JNIHelp : Registering com/google/android/gms/org/conscrypt/NativeCrypto's 240 native methods...
12-25 00:16:23.858  1370  1370 I Choreographer: Skipped 52 frames!  The application may be doing too much work on its main thread.
12-25 00:16:23.873  1298  1716 I Telecom : PhoneAccountRegistrar: New phone account registered: [[ ] PhoneAccount: ComponentInfo{com.android.phone/com.android.services.telephony.TelephonyConnectionService}, [e0184adedf913b076626646d3f52c3b49c39ad6d], UserHandle{0} Capabilities: 54 Schemes: tel voicemail ]
12-25 00:16:24.084  1566  1566 D Launcher: bound widget id=3 in 971ms
12-25 00:16:24.085  1566  1566 I Choreographer: Skipped 58 frames!  The application may be doing too much work on its main thread.
12-25 00:16:24.174  1298  1317 I SystemServiceManager: Starting phase 1000
12-25 00:16:24.176  1298  1317 I UsageStatsService: User[0] Flushing usage stats to disk
12-25 00:16:24.243  1548  1548 I ProviderInstaller: Installed default security provider GmsCore_OpenSSL
12-25 00:16:24.303  1370  1370 D PhoneStatusBar: disable: < EXPAND ICONS* alerts SYSTEM_INFO* BACK HOME RECENT clock SEARCH quick_settings >
12-25 00:16:24.332  1762  1762 E memtrack: Couldn't load memtrack module (No such file or directory)
12-25 00:16:24.333  1762  1762 E android.os.Debug: failed to load memtrack module: -2
12-25 00:16:24.334  1762  1762 I Radio-JNI: register_android_hardware_Radio DONE
12-25 00:16:24.361  1370  1370 D PhoneStatusBar: disable: < EXPAND ICONS alerts SYSTEM_INFO BACK HOME RECENT clock SEARCH quick_settings >
12-25 00:16:24.383  1762  1762 D AndroidRuntime: Calling main entry com.android.commands.pm.Pm
12-25 00:16:24.411  1298  1738 V KeyguardServiceDelegate: **** SHOWN CALLED ****
12-25 00:16:24.414  1370  1370 W KeyguardUpdateMonitor: invalid subId in handleSimStateChange()
12-25 00:16:24.415  1370  1370 I Choreographer: Skipped 33 frames!  The application may be doing too much work on its main thread.
12-25 00:16:24.427  1298  1716 I Telecom : : Sending phone-account intent as user
12-25 00:16:24.431  1559  1559 I Telephony: AccountEntry: Registered phoneAccount: [[ ] PhoneAccount: ComponentInfo{com.android.phone/com.android.services.telephony.TelephonyConnectionService}, [e0184adedf913b076626646d3f52c3b49c39ad6d], UserHandle{0} Capabilities: 54 Schemes: tel voicemail ] with handle: ComponentInfo{com.android.phone/com.android.services.telephony.TelephonyConnectionService}, [e0184adedf913b076626646d3f52c3b49c39ad6d], UserHandle{0}
12-25 00:16:24.458  1559  1559 I Telephony: PstnIncomingCallNotifier: Registering: Handler (com.android.internal.telephony.gsm.GSMPhone) {ad7c2f}
12-25 00:16:24.460  1559  1559 I Telephony: TelecomAccountRegistry: Unregistering phone account ComponentInfo{com.android.phone/com.android.services.telephony.TelephonyConnectionService}, [e2f7d48dd2b5ca523e7313cf4ba0f6ea830b6281], UserHandle{0}.
12-25 00:16:24.475  1298  1304 I art     : Background partial concurrent mark sweep GC freed 17095(2MB) AllocSpace objects, 9(432KB) LOS objects, 33% free, 6MB/10MB, paused 1.879ms total 132.635ms
12-25 00:16:24.510  1370  1776 E Surface : getSlotFromBufferLocked: unknown buffer: 0xa33ba750
12-25 00:16:24.521  1298  1735 W Telecom : : No account found for the calling user
12-25 00:16:24.523  1370  1776 W EGL_emulation: eglSurfaceAttrib not implemented
12-25 00:16:24.523  1370  1776 W OpenGLRenderer: Failed to set EGL_SWAP_BEHAVIOR on surface 0xa1fd93a0, error=EGL_SUCCESS
12-25 00:16:24.627  1298  1322 I ActivityManager: Start proc 1803:com.android.defcontainer/u0a3 for service com.android.defcontainer/.DefaultContainerService
12-25 00:16:24.671  1548  1596 W art     : Suspending all threads took: 6.239ms
12-25 00:16:24.694  1548  1596 I art     : Background sticky concurrent mark sweep GC freed 15441(1144KB) AllocSpace objects, 0(0B) LOS objects, 13% free, 4MB/5MB, paused 7.728ms total 318.926ms
12-25 00:16:24.704  1298  1317 I UsageStatsDatabase: Time changed by +4s794ms. files deleted: 0 files moved: 10
12-25 00:16:24.710  1298  1317 I UsageStatsService: User[0] Rollover scheduled @ 2015-12-25 17:00:00(1451088000000)
12-25 00:16:24.719  1548  1790 D NativeLibraryUtils: Install completed successfully. count=13 extracted=0
12-25 00:16:24.721  1298  1311 D GpsLocationProvider: received SIM related action: 
12-25 00:16:24.722  1298  1343 D NotificationSQLiteLog: Pruned event entries: 0
12-25 00:16:24.747  1803  1803 I art     : Late-enabling JIT
12-25 00:16:24.749  1803  1803 I art     : JIT created with code_cache_capacity=2MB compile_threshold=1000
12-25 00:16:24.854  1370  1776 E Surface : getSlotFromBufferLocked: unknown buffer: 0xa33ba7c0
12-25 00:16:24.939  1298  1311 D GpsLocationProvider: SIM MCC/MNC is still not available
12-25 00:16:24.939  1298  1311 D GpsLocationProvider: received SIM related action: 
12-25 00:16:24.943  1298  1311 D GpsLocationProvider: SIM MCC/MNC is still not available
12-25 00:16:24.974  1298  1317 W WindowManager: Timeout waiting for drawn: undrawn=[Window{c4247fa u0 KeyguardScrim EXITING}]
12-25 00:16:25.003  1298  1298 V BackupManagerService: Connected to transport ComponentInfo{com.google.android.gms/com.google.android.gms.backup.BackupTransportService}
12-25 00:16:25.010  1298  1298 V BackupManagerService: Registering transport com.google.android.gms/.backup.BackupTransportService::com.google.android.gms/.backup.BackupTransportService = com.android.internal.backup.IBackupTransport$Stub$Proxy@82320c9
12-25 00:16:25.025  1298  1608 I AccountManagerService: getTypesVisibleToCaller: isPermitted? true
12-25 00:16:25.043  1739  1739 W System  : ClassLoader referenced unknown path: /system/priv-app/PrebuiltGmsCore/lib/x86
12-25 00:16:25.080  1739  1739 I MultiDex: VM with version 2.1.0 has multidex support
12-25 00:16:25.081  1739  1739 I MultiDex: install
12-25 00:16:25.081  1739  1739 I MultiDex: VM has multidex support, MultiDex support library is disabled.
12-25 00:16:25.202  1739  1739 V JNIHelp : Registering com/google/android/gms/org/conscrypt/NativeCrypto's 240 native methods...
12-25 00:16:25.241  1739  1739 I ProviderInstaller: Installed default security provider GmsCore_OpenSSL
12-25 00:16:25.253  1739  1842 I Backup  : [BackupTransportMigratorService] Starting migration...
12-25 00:16:25.254  1739  1842 E Backup  : [LegacyBackupAccountManager] Fail to get legacy transport context.
12-25 00:16:25.254  1739  1842 E Backup  : android.content.pm.PackageManager$NameNotFoundException: Application package com.google.android.backup not found
12-25 00:16:25.254  1739  1842 E Backup  : 	at android.app.ContextImpl.createPackageContextAsUser(ContextImpl.java:1703)
12-25 00:16:25.254  1739  1842 E Backup  : 	at android.app.ContextImpl.createPackageContext(ContextImpl.java:1679)
12-25 00:16:25.254  1739  1842 E Backup  : 	at android.content.ContextWrapper.createPackageContext(ContextWrapper.java:746)
12-25 00:16:25.254  1739  1842 E Backup  : 	at android.content.ContextWrapper.createPackageContext(ContextWrapper.java:746)
12-25 00:16:25.254  1739  1842 E Backup  : 	at com.google.android.gms.backup.as.<init>(SourceFile:47)
12-25 00:16:25.254  1739  1842 E Backup  : 	at com.google.android.gms.backup.BackupTransportMigratorService.b(SourceFile:150)
12-25 00:16:25.254  1739  1842 E Backup  : 	at com.google.android.gms.backup.BackupTransportMigratorService.onHandleIntent(SourceFile:82)
12-25 00:16:25.254  1739  1842 E Backup  : 	at android.app.IntentService$ServiceHandler.handleMessage(IntentService.java:66)
12-25 00:16:25.254  1739  1842 E Backup  : 	at android.os.Handler.dispatchMessage(Handler.java:102)
12-25 00:16:25.254  1739  1842 E Backup  : 	at android.os.Looper.loop(Looper.java:148)
12-25 00:16:25.254  1739  1842 E Backup  : 	at android.os.HandlerThread.run(HandlerThread.java:61)
12-25 00:16:25.254  1298  1310 I AccountManagerService: getTypesVisibleToCaller: isPermitted? true
12-25 00:16:25.255  1739  1842 W Backup  : [LegacyBackupAccountManager] No google accounts found!
12-25 00:16:25.680  1298  1311 E NetdConnector: NDC Command {21 firewall disable_chain standby} took too long (661ms)
12-25 00:16:25.699  1718  1718 W art     : Long monitor contention event with owner method=void android.os.MessageQueue.nativeWake(long) from MessageQueue.java:4294967294 waiters=0 for 779ms
12-25 00:16:25.701  1298  1572 W art     : Long monitor contention event with owner method=void java.lang.Object.wait!(long, int) from Object.java:4294967294 waiters=0 for 647ms
12-25 00:16:25.708  1298  1309 I Telecom : : Sending phone-account intent as user
12-25 00:16:25.709  1559  1559 I Telephony: AccountEntry: Registered phoneAccount: [[ ] PhoneAccount: ComponentInfo{com.android.phone/com.android.services.telephony.TelephonyConnectionService}, [e0184adedf913b076626646d3f52c3b49c39ad6d], UserHandle{0} Capabilities: 54 Schemes: tel voicemail ] with handle: ComponentInfo{com.android.phone/com.android.services.telephony.TelephonyConnectionService}, [e0184adedf913b076626646d3f52c3b49c39ad6d], UserHandle{0}
12-25 00:16:25.710  1559  1559 I Telephony: PstnIncomingCallNotifier: Registering: Handler (com.android.internal.telephony.gsm.GSMPhone) {ad7c2f}
12-25 00:16:25.711  1298  1428 W Telecom : : No account found for the calling user
12-25 00:16:25.713  1370  1370 W art     : Long monitor contention event with owner method=boolean android.os.BinderProxy.transactNative(int, android.os.Parcel, android.os.Parcel, int) from Binder.java:4294967294 waiters=0 for 662ms
12-25 00:16:25.715  1298  1311 D GpsLocationProvider: received SIM related action: 
12-25 00:16:25.725  1566  1566 I Process : Sending signal. PID: 1566 SIG: 9
12-25 00:16:25.736  1298  1309 I ActivityManager: Start proc 1851:com.google.android.gms/u0a7 for service com.google.android.gms/.usagereporting.service.UsageReportingService
12-25 00:16:25.737  1851  1851 I art     : Late-enabling JIT
12-25 00:16:25.740  1851  1851 I art     : JIT created with code_cache_capacity=2MB compile_threshold=1000
12-25 00:16:25.742  1298  1698 D GraphicsStats: Buffer count: 1
12-25 00:16:25.745  1298  1428 I ActivityManager: Process com.android.launcher3 (pid 1566) has died
12-25 00:16:25.753  1298  1428 I ActivityManager: START u0 {act=android.intent.action.MAIN cat=[android.intent.category.HOME] flg=0x10000000 cmp=com.android.launcher3/.Launcher} from uid 0 on display 0
12-25 00:16:25.771  1869  1869 I art     : Late-enabling JIT
12-25 00:16:25.779  1869  1869 I art     : JIT created with code_cache_capacity=2MB compile_threshold=1000
12-25 00:16:25.786  1298  1312 I ActivityManager: Start proc 1869:com.android.launcher3/u0a8 for activity com.android.launcher3/.Launcher
12-25 00:16:25.819  1298  1311 D GpsLocationProvider: SIM MCC/MNC is still not available
12-25 00:16:25.819  1298  1311 D GpsLocationProvider: received SIM related action: 
12-25 00:16:25.820  1298  1311 D GpsLocationProvider: SIM MCC/MNC is still not available
12-25 00:16:25.841  1370  1370 W KeyguardUpdateMonitor: invalid subId in handleServiceStateChange()
12-25 00:16:25.841  1370  1370 I Choreographer: Skipped 84 frames!  The application may be doing too much work on its main thread.
12-25 00:16:25.844  1370  1370 D PhoneStatusBar: disable: < expand* ICONS alerts SYSTEM_INFO back* HOME RECENT clock SEARCH quick_settings >
12-25 00:16:25.918  1582  1582 W art     : Long monitor contention event with owner method=boolean android.os.MessageQueue.enqueueMessage(android.os.Message, long) from MessageQueue.java:541 waiters=0 for 925ms
12-25 00:16:25.919  1582  1606 W art     : Long monitor contention event with owner method=boolean android.os.MessageQueue.enqueueMessage(android.os.Message, long) from MessageQueue.java:541 waiters=1 for 203ms
12-25 00:16:25.986  1559  1559 D TelephonyProvider: subIdString = -2 subId = -2
12-25 00:16:26.025  1559  1559 I Telephony: PstnIncomingCallNotifier: Unregistering: Handler (com.android.internal.telephony.gsm.GSMPhone) {ad7c2f}
12-25 00:16:26.088  1559  1559 E PhoneInterfaceManager: [PhoneIntfMgr] getIccId: No UICC
12-25 00:16:26.106  1298  1856 I Telecom : PhoneAccountRegistrar: [ComponentInfo{com.android.phone/com.android.services.telephony.TelephonyConnectionService}, [e0184adedf913b076626646d3f52c3b49c39ad6d], UserHandle{0}(icon: Icon(typ=BITMAP size=48x60) -> Icon(typ=BITMAP size=48x60))]
12-25 00:16:26.109  1869  1869 W System  : ClassLoader referenced unknown path: /system/priv-app/Launcher3/lib/x86
12-25 00:16:26.120  1851  1851 W System  : ClassLoader referenced unknown path: /system/priv-app/PrebuiltGmsCore/lib/x86
12-25 00:16:26.124  1851  1851 I MultiDex: VM with version 2.1.0 has multidex support
12-25 00:16:26.124  1851  1851 I MultiDex: install
12-25 00:16:26.124  1851  1851 I MultiDex: VM has multidex support, MultiDex support library is disabled.
12-25 00:16:26.171  1548  1548 W GmsBackupAccountManager: Backup account not found in gmscore.
